Archive member included to satisfy reference by file (symbol)

c:/st/stm32cubeide_1.3.0/stm32cubeide/plugins/com.st.stm32cube.ide.mcu.externaltools.gnu-tools-for-stm32.9-2020-q2-update.win32_1.5.0.202011040924/tools/bin/../lib/gcc/arm-none-eabi/9.3.1/../../../../arm-none-eabi/lib/thumb/v7e-m+dp/hard\libc_nano.a(lib_a-errno.o)
                              Core/Src/syscalls.o (__errno)
c:/st/stm32cubeide_1.3.0/stm32cubeide/plugins/com.st.stm32cube.ide.mcu.externaltools.gnu-tools-for-stm32.9-2020-q2-update.win32_1.5.0.202011040924/tools/bin/../lib/gcc/arm-none-eabi/9.3.1/../../../../arm-none-eabi/lib/thumb/v7e-m+dp/hard\libc_nano.a(lib_a-exit.o)
                              c:/st/stm32cubeide_1.3.0/stm32cubeide/plugins/com.st.stm32cube.ide.mcu.externaltools.gnu-tools-for-stm32.9-2020-q2-update.win32_1.5.0.202011040924/tools/bin/../lib/gcc/arm-none-eabi/9.3.1/../../../../arm-none-eabi/lib/thumb/v7e-m+dp/hard/crt0.o (exit)
c:/st/stm32cubeide_1.3.0/stm32cubeide/plugins/com.st.stm32cube.ide.mcu.externaltools.gnu-tools-for-stm32.9-2020-q2-update.win32_1.5.0.202011040924/tools/bin/../lib/gcc/arm-none-eabi/9.3.1/../../../../arm-none-eabi/lib/thumb/v7e-m+dp/hard\libc_nano.a(lib_a-impure.o)
                              c:/st/stm32cubeide_1.3.0/stm32cubeide/plugins/com.st.stm32cube.ide.mcu.externaltools.gnu-tools-for-stm32.9-2020-q2-update.win32_1.5.0.202011040924/tools/bin/../lib/gcc/arm-none-eabi/9.3.1/../../../../arm-none-eabi/lib/thumb/v7e-m+dp/hard\libc_nano.a(lib_a-exit.o) (_global_impure_ptr)
c:/st/stm32cubeide_1.3.0/stm32cubeide/plugins/com.st.stm32cube.ide.mcu.externaltools.gnu-tools-for-stm32.9-2020-q2-update.win32_1.5.0.202011040924/tools/bin/../lib/gcc/arm-none-eabi/9.3.1/../../../../arm-none-eabi/lib/thumb/v7e-m+dp/hard\libc_nano.a(lib_a-init.o)
                              c:/st/stm32cubeide_1.3.0/stm32cubeide/plugins/com.st.stm32cube.ide.mcu.externaltools.gnu-tools-for-stm32.9-2020-q2-update.win32_1.5.0.202011040924/tools/bin/../lib/gcc/arm-none-eabi/9.3.1/../../../../arm-none-eabi/lib/thumb/v7e-m+dp/hard/crt0.o (__libc_init_array)
c:/st/stm32cubeide_1.3.0/stm32cubeide/plugins/com.st.stm32cube.ide.mcu.externaltools.gnu-tools-for-stm32.9-2020-q2-update.win32_1.5.0.202011040924/tools/bin/../lib/gcc/arm-none-eabi/9.3.1/../../../../arm-none-eabi/lib/thumb/v7e-m+dp/hard\libc_nano.a(lib_a-memcpy-stub.o)
                              Drivers/STM32H7xx_HAL_Driver/Src/stm32h7xx_hal_fdcan.o (memcpy)
c:/st/stm32cubeide_1.3.0/stm32cubeide/plugins/com.st.stm32cube.ide.mcu.externaltools.gnu-tools-for-stm32.9-2020-q2-update.win32_1.5.0.202011040924/tools/bin/../lib/gcc/arm-none-eabi/9.3.1/../../../../arm-none-eabi/lib/thumb/v7e-m+dp/hard\libc_nano.a(lib_a-memset.o)
                              c:/st/stm32cubeide_1.3.0/stm32cubeide/plugins/com.st.stm32cube.ide.mcu.externaltools.gnu-tools-for-stm32.9-2020-q2-update.win32_1.5.0.202011040924/tools/bin/../lib/gcc/arm-none-eabi/9.3.1/../../../../arm-none-eabi/lib/thumb/v7e-m+dp/hard/crt0.o (memset)
c:/st/stm32cubeide_1.3.0/stm32cubeide/plugins/com.st.stm32cube.ide.mcu.externaltools.gnu-tools-for-stm32.9-2020-q2-update.win32_1.5.0.202011040924/tools/bin/../lib/gcc/arm-none-eabi/9.3.1/thumb/v7e-m+dp/hard\libgcc.a(_aeabi_uldivmod.o)
                              Drivers/STM32H7xx_HAL_Driver/Src/stm32h7xx_hal_uart.o (__aeabi_uldivmod)
c:/st/stm32cubeide_1.3.0/stm32cubeide/plugins/com.st.stm32cube.ide.mcu.externaltools.gnu-tools-for-stm32.9-2020-q2-update.win32_1.5.0.202011040924/tools/bin/../lib/gcc/arm-none-eabi/9.3.1/thumb/v7e-m+dp/hard\libgcc.a(_udivmoddi4.o)
                              c:/st/stm32cubeide_1.3.0/stm32cubeide/plugins/com.st.stm32cube.ide.mcu.externaltools.gnu-tools-for-stm32.9-2020-q2-update.win32_1.5.0.202011040924/tools/bin/../lib/gcc/arm-none-eabi/9.3.1/thumb/v7e-m+dp/hard\libgcc.a(_aeabi_uldivmod.o) (__udivmoddi4)
c:/st/stm32cubeide_1.3.0/stm32cubeide/plugins/com.st.stm32cube.ide.mcu.externaltools.gnu-tools-for-stm32.9-2020-q2-update.win32_1.5.0.202011040924/tools/bin/../lib/gcc/arm-none-eabi/9.3.1/thumb/v7e-m+dp/hard\libgcc.a(_dvmd_tls.o)
                              c:/st/stm32cubeide_1.3.0/stm32cubeide/plugins/com.st.stm32cube.ide.mcu.externaltools.gnu-tools-for-stm32.9-2020-q2-update.win32_1.5.0.202011040924/tools/bin/../lib/gcc/arm-none-eabi/9.3.1/thumb/v7e-m+dp/hard\libgcc.a(_aeabi_uldivmod.o) (__aeabi_ldiv0)

Allocating common symbols
Common symbol       size              file

uwTick              0x4               Drivers/STM32H7xx_HAL_Driver/Src/stm32h7xx_hal.o
pFlash              0x1c              Drivers/STM32H7xx_HAL_Driver/Src/stm32h7xx_hal_flash.o
htim2               0x4c              Core/Src/stm32h7xx_hal_timebase_tim.o

Discarded input sections

 .text          0x0000000000000000        0x0 c:/st/stm32cubeide_1.3.0/stm32cubeide/plugins/com.st.stm32cube.ide.mcu.externaltools.gnu-tools-for-stm32.9-2020-q2-update.win32_1.5.0.202011040924/tools/bin/../lib/gcc/arm-none-eabi/9.3.1/thumb/v7e-m+dp/hard/crti.o
[...]
Memory Configuration

Name             Origin             Length             Attributes
DTCMRAM          0x0000000020000000 0x0000000000020000 xrw
ITCMRAM          0x0000000000000000 0x0000000000010000 xrw
RAM_D1           0x0000000024000000 0x0000000000050000 xrw
RAM_D2           0x0000000030000000 0x0000000000008000 xrw
RAM_D3           0x0000000038000000 0x0000000000004000 xrw
FLASH            0x0000000008000000 0x0000000000020000 xr
*default*        0x0000000000000000 0xffffffffffffffff

Linker script and memory map

LOAD c:/st/stm32cubeide_1.3.0/stm32cubeide/plugins/com.st.stm32cube.ide.mcu.externaltools.gnu-tools-for-stm32.9-2020-q2-update.win32_1.5.0.202011040924/tools/bin/../lib/gcc/arm-none-eabi/9.3.1/thumb/v7e-m+dp/hard/crti.o
LOAD c:/st/stm32cubeide_1.3.0/stm32cubeide/plugins/com.st.stm32cube.ide.mcu.externaltools.gnu-tools-for-stm32.9-2020-q2-update.win32_1.5.0.202011040924/tools/bin/../lib/gcc/arm-none-eabi/9.3.1/thumb/v7e-m+dp/hard/crtbegin.o
LOAD c:/st/stm32cubeide_1.3.0/stm32cubeide/plugins/com.st.stm32cube.ide.mcu.externaltools.gnu-tools-for-stm32.9-2020-q2-update.win32_1.5.0.202011040924/tools/bin/../lib/gcc/arm-none-eabi/9.3.1/../../../../arm-none-eabi/lib/thumb/v7e-m+dp/hard/crt0.o
LOAD Core/Src/Current_Controller.o
LOAD Core/Src/FOC.o
LOAD Core/Src/PI_controller.o
LOAD Core/Src/main.o
LOAD Core/Src/stm32h7xx_hal_msp.o
LOAD Core/Src/stm32h7xx_hal_timebase_tim.o
LOAD Core/Src/stm32h7xx_it.o
LOAD Core/Src/syscalls.o
LOAD Core/Src/sysmem.o
LOAD Core/Src/system_stm32h7xx.o
LOAD Core/Startup/startup_stm32h730vbtx.o
LOAD Drivers/STM32H7xx_HAL_Driver/Src/stm32h7xx_hal.o
LOAD Drivers/STM32H7xx_HAL_Driver/Src/stm32h7xx_hal_adc.o
LOAD Drivers/STM32H7xx_HAL_Driver/Src/stm32h7xx_hal_adc_ex.o
LOAD Drivers/STM32H7xx_HAL_Driver/Src/stm32h7xx_hal_cordic.o
LOAD Drivers/STM32H7xx_HAL_Driver/Src/stm32h7xx_hal_cortex.o
LOAD Drivers/STM32H7xx_HAL_Driver/Src/stm32h7xx_hal_dfsdm.o
LOAD Drivers/STM32H7xx_HAL_Driver/Src/stm32h7xx_hal_dma.o
LOAD Drivers/STM32H7xx_HAL_Driver/Src/stm32h7xx_hal_dma_ex.o
LOAD Drivers/STM32H7xx_HAL_Driver/Src/stm32h7xx_hal_exti.o
LOAD Drivers/STM32H7xx_HAL_Driver/Src/stm32h7xx_hal_fdcan.o
LOAD Drivers/STM32H7xx_HAL_Driver/Src/stm32h7xx_hal_flash.o
LOAD Drivers/STM32H7xx_HAL_Driver/Src/stm32h7xx_hal_flash_ex.o
LOAD Drivers/STM32H7xx_HAL_Driver/Src/stm32h7xx_hal_fmac.o
LOAD Drivers/STM32H7xx_HAL_Driver/Src/stm32h7xx_hal_gpio.o
LOAD Drivers/STM32H7xx_HAL_Driver/Src/stm32h7xx_hal_hsem.o
LOAD Drivers/STM32H7xx_HAL_Driver/Src/stm32h7xx_hal_i2c.o
LOAD Drivers/STM32H7xx_HAL_Driver/Src/stm32h7xx_hal_i2c_ex.o
LOAD Drivers/STM32H7xx_HAL_Driver/Src/stm32h7xx_hal_mdma.o
LOAD Drivers/STM32H7xx_HAL_Driver/Src/stm32h7xx_hal_pwr.o
LOAD Drivers/STM32H7xx_HAL_Driver/Src/stm32h7xx_hal_pwr_ex.o
LOAD Drivers/STM32H7xx_HAL_Driver/Src/stm32h7xx_hal_rcc.o
LOAD Drivers/STM32H7xx_HAL_Driver/Src/stm32h7xx_hal_rcc_ex.o
LOAD Drivers/STM32H7xx_HAL_Driver/Src/stm32h7xx_hal_spi.o
LOAD Drivers/STM32H7xx_HAL_Driver/Src/stm32h7xx_hal_spi_ex.o
LOAD Drivers/STM32H7xx_HAL_Driver/Src/stm32h7xx_hal_tim.o
LOAD Drivers/STM32H7xx_HAL_Driver/Src/stm32h7xx_hal_tim_ex.o
LOAD Drivers/STM32H7xx_HAL_Driver/Src/stm32h7xx_hal_uart.o
LOAD Drivers/STM32H7xx_HAL_Driver/Src/stm32h7xx_hal_uart_ex.o
START GROUP
LOAD c:/st/stm32cubeide_1.3.0/stm32cubeide/plugins/com.st.stm32cube.ide.mcu.externaltools.gnu-tools-for-stm32.9-2020-q2-update.win32_1.5.0.202011040924/tools/bin/../lib/gcc/arm-none-eabi/9.3.1/../../../../arm-none-eabi/lib/thumb/v7e-m+dp/hard\libstdc++_nano.a
LOAD c:/st/stm32cubeide_1.3.0/stm32cubeide/plugins/com.st.stm32cube.ide.mcu.externaltools.gnu-tools-for-stm32.9-2020-q2-update.win32_1.5.0.202011040924/tools/bin/../lib/gcc/arm-none-eabi/9.3.1/../../../../arm-none-eabi/lib/thumb/v7e-m+dp/hard\libsupc++_nano.a
END GROUP
LOAD c:/st/stm32cubeide_1.3.0/stm32cubeide/plugins/com.st.stm32cube.ide.mcu.externaltools.gnu-tools-for-stm32.9-2020-q2-update.win32_1.5.0.202011040924/tools/bin/../lib/gcc/arm-none-eabi/9.3.1/../../../../arm-none-eabi/lib/thumb/v7e-m+dp/hard\libstdc++_nano.a
LOAD c:/st/stm32cubeide_1.3.0/stm32cubeide/plugins/com.st.stm32cube.ide.mcu.externaltools.gnu-tools-for-stm32.9-2020-q2-update.win32_1.5.0.202011040924/tools/bin/../lib/gcc/arm-none-eabi/9.3.1/../../../../arm-none-eabi/lib/thumb/v7e-m+dp/hard\libm.a
LOAD c:/st/stm32cubeide_1.3.0/stm32cubeide/plugins/com.st.stm32cube.ide.mcu.externaltools.gnu-tools-for-stm32.9-2020-q2-update.win32_1.5.0.202011040924/tools/bin/../lib/gcc/arm-none-eabi/9.3.1/../../../../arm-none-eabi/lib/thumb/v7e-m+dp/hard\libc_nano.a
START GROUP
LOAD c:/st/stm32cubeide_1.3.0/stm32cubeide/plugins/com.st.stm32cube.ide.mcu.externaltools.gnu-tools-for-stm32.9-2020-q2-update.win32_1.5.0.202011040924/tools/bin/../lib/gcc/arm-none-eabi/9.3.1/thumb/v7e-m+dp/hard\libgcc.a
LOAD c:/st/stm32cubeide_1.3.0/stm32cubeide/plugins/com.st.stm32cube.ide.mcu.externaltools.gnu-tools-for-stm32.9-2020-q2-update.win32_1.5.0.202011040924/tools/bin/../lib/gcc/arm-none-eabi/9.3.1/../../../../arm-none-eabi/lib/thumb/v7e-m+dp/hard\libc_nano.a
END GROUP
START GROUP
LOAD c:/st/stm32cubeide_1.3.0/stm32cubeide/plugins/com.st.stm32cube.ide.mcu.externaltools.gnu-tools-for-stm32.9-2020-q2-update.win32_1.5.0.202011040924/tools/bin/../lib/gcc/arm-none-eabi/9.3.1/thumb/v7e-m+dp/hard\libgcc.a
LOAD c:/st/stm32cubeide_1.3.0/stm32cubeide/plugins/com.st.stm32cube.ide.mcu.externaltools.gnu-tools-for-stm32.9-2020-q2-update.win32_1.5.0.202011040924/tools/bin/../lib/gcc/arm-none-eabi/9.3.1/../../../../arm-none-eabi/lib/thumb/v7e-m+dp/hard\libc_nano.a
END GROUP
LOAD c:/st/stm32cubeide_1.3.0/stm32cubeide/plugins/com.st.stm32cube.ide.mcu.externaltools.gnu-tools-for-stm32.9-2020-q2-update.win32_1.5.0.202011040924/tools/bin/../lib/gcc/arm-none-eabi/9.3.1/thumb/v7e-m+dp/hard/crtend.o
LOAD c:/st/stm32cubeide_1.3.0/stm32cubeide/plugins/com.st.stm32cube.ide.mcu.externaltools.gnu-tools-for-stm32.9-2020-q2-update.win32_1.5.0.202011040924/tools/bin/../lib/gcc/arm-none-eabi/9.3.1/thumb/v7e-m+dp/hard/crtn.o
                0x0000000024050000                _estack = (ORIGIN (RAM_D1) + LENGTH (RAM_D1))
                0x0000000000000200                _Min_Heap_Size = 0x200
                0x0000000000000400                _Min_Stack_Size = 0x400

.isr_vector     0x0000000008000000      0x2cc
                0x0000000008000000                . = ALIGN (0x4)
 *(.isr_vector)
 .isr_vector    0x0000000008000000      0x2cc Core/Startup/startup_stm32h730vbtx.o
                0x0000000008000000                g_pfnVectors
                0x00000000080002cc                . = ALIGN (0x4)

.text           0x00000000080002d0     0xd2b4
                0x00000000080002d0                . = ALIGN (0x4)
 *(.text)
 .text          0x00000000080002d0       0x40 c:/st/stm32cubeide_1.3.0/stm32cubeide/plugins/com.st.stm32cube.ide.mcu.externaltools.gnu-tools-for-stm32.9-2020-q2-update.win32_1.5.0.202011040924/tools/bin/../lib/gcc/arm-none-eabi/9.3.1/thumb/v7e-m+dp/hard/crtbegin.o
 .text          0x0000000008000310       0x30 c:/st/stm32cubeide_1.3.0/stm32cubeide/plugins/com.st.stm32cube.ide.mcu.externaltools.gnu-tools-for-stm32.9-2020-q2-update.win32_1.5.0.202011040924/tools/bin/../lib/gcc/arm-none-eabi/9.3.1/thumb/v7e-m+dp/hard\libgcc.a(_aeabi_uldivmod.o)
                0x0000000008000310                __aeabi_uldivmod
 .text          0x0000000008000340      0x2c4 c:/st/stm32cubeide_1.3.0/stm32cubeide/plugins/com.st.stm32cube.ide.mcu.externaltools.gnu-tools-for-stm32.9-2020-q2-update.win32_1.5.0.202011040924/tools/bin/../lib/gcc/arm-none-eabi/9.3.1/thumb/v7e-m+dp/hard\libgcc.a(_udivmoddi4.o)
                0x0000000008000340                __udivmoddi4
 .text          0x0000000008000604        0x4 c:/st/stm32cubeide_1.3.0/stm32cubeide/plugins/com.st.stm32cube.ide.mcu.externaltools.gnu-tools-for-stm32.9-2020-q2-update.win32_1.5.0.202011040924/tools/bin/../lib/gcc/arm-none-eabi/9.3.1/thumb/v7e-m+dp/hard\libgcc.a(_dvmd_tls.o)
                0x0000000008000604                __aeabi_idiv0
                0x0000000008000604                __aeabi_ldiv0
 *(.text*)
 .text._Z16rawdata_to_anglelRlS_ll
                0x0000000008000608       0x8c Core/Src/FOC.o
                0x0000000008000608                rawdata_to_angle(long, long&, long&, long, long)
 .text._Z3dqzllllPlS_
                0x0000000008000694       0xe0 Core/Src/FOC.o
                0x0000000008000694                dqz(long, long, long, long, long*, long*)
 .text._Z7inv_dqzPlS_S_lll
                0x0000000008000774       0xec Core/Src/FOC.o
                0x0000000008000774                inv_dqz(long*, long*, long*, long, long, long)
 .text._ZN13PI_controllerC2Ellll
                0x0000000008000860       0x5c Core/Src/PI_controller.o
                0x0000000008000860                PI_controller::PI_controller(long, long, long, long)
                0x0000000008000860                PI_controller::PI_controller(long, long, long, long)
 .text._ZN13PI_controller6updateElll
                0x00000000080008bc       0xdc Core/Src/PI_controller.o
                0x00000000080008bc                PI_controller::update(long, long, long)
 .text.main     0x0000000008000998      0x7b8 Core/Src/main.o
                0x0000000008000998                main
 .text._Z18SystemClock_Configv
                0x0000000008001150      0x114 Core/Src/main.o
                0x0000000008001150                SystemClock_Config()
 .text._Z24PeriphCommonClock_Configv
                0x0000000008001264       0x6c Core/Src/main.o
                0x0000000008001264                PeriphCommonClock_Config()
 .text._ZL12MX_ADC1_Initv
                0x00000000080012d0      0x110 Core/Src/main.o
 .text._ZL12MX_ADC2_Initv
                0x00000000080013e0       0xe0 Core/Src/main.o
 .text._ZL12MX_ADC3_Initv
                0x00000000080014c0      0x100 Core/Src/main.o
 .text._ZL14MX_CORDIC_Initv
                0x00000000080015c0       0x30 Core/Src/main.o
 .text._ZL14MX_DFSDM1_Initv
                0x00000000080015f0      0x238 Core/Src/main.o
 .text._ZL14MX_FDCAN1_Initv
                0x0000000008001828       0xd4 Core/Src/main.o
 .text._ZL12MX_FMAC_Initv
                0x00000000080018fc       0x30 Core/Src/main.o
 .text._ZL12MX_I2C3_Initv
                0x000000000800192c       0x9c Core/Src/main.o
 .text._ZL12MX_SPI2_Initv
                0x00000000080019c8       0xbc Core/Src/main.o
 .text._ZL12MX_TIM1_Initv
                0x0000000008001a84      0x1b0 Core/Src/main.o
 .text._ZL12MX_TIM3_Initv
                0x0000000008001c34       0xbc Core/Src/main.o
 .text._ZL12MX_TIM4_Initv
                0x0000000008001cf0       0xbc Core/Src/main.o
 .text._ZL19MX_USART1_UART_Initv
                0x0000000008001dac       0xc0 Core/Src/main.o
 .text._ZL19MX_USART2_UART_Initv
                0x0000000008001e6c       0xc8 Core/Src/main.o
 .text._ZL12MX_GPIO_Initv
                0x0000000008001f34      0x104 Core/Src/main.o
 .text.HAL_TIM_PeriodElapsedCallback
                0x0000000008002038       0x1e Core/Src/main.o
                0x0000000008002038                HAL_TIM_PeriodElapsedCallback
 .text.Error_Handler
                0x0000000008002056        0xe Core/Src/main.o
                0x0000000008002056                Error_Handler
 .text.HAL_MspInit
                0x0000000008002064       0x34 Core/Src/stm32h7xx_hal_msp.o
                0x0000000008002064                HAL_MspInit
 .text.HAL_ADC_MspInit
                0x0000000008002098      0x1ac Core/Src/stm32h7xx_hal_msp.o
                0x0000000008002098                HAL_ADC_MspInit
 .text.HAL_CORDIC_MspInit
                0x0000000008002244       0x44 Core/Src/stm32h7xx_hal_msp.o
                0x0000000008002244                HAL_CORDIC_MspInit
 .text.HAL_DFSDM_FilterMspInit
                0x0000000008002288      0x18c Core/Src/stm32h7xx_hal_msp.o
                0x0000000008002288                HAL_DFSDM_FilterMspInit
 .text.HAL_DFSDM_ChannelMspInit
                0x0000000008002414      0x18c Core/Src/stm32h7xx_hal_msp.o
                0x0000000008002414                HAL_DFSDM_ChannelMspInit
 .text.HAL_FDCAN_MspInit
                0x00000000080025a0       0xcc Core/Src/stm32h7xx_hal_msp.o
                0x00000000080025a0                HAL_FDCAN_MspInit
 .text.HAL_FMAC_MspInit
                0x000000000800266c       0x44 Core/Src/stm32h7xx_hal_msp.o
                0x000000000800266c                HAL_FMAC_MspInit
 .text.HAL_I2C_MspInit
                0x00000000080026b0      0x118 Core/Src/stm32h7xx_hal_msp.o
                0x00000000080026b0                HAL_I2C_MspInit
 .text.HAL_SPI_MspInit
                0x00000000080027c8       0xdc Core/Src/stm32h7xx_hal_msp.o
                0x00000000080027c8                HAL_SPI_MspInit
 .text.HAL_TIM_PWM_MspInit
                0x00000000080028a4       0x50 Core/Src/stm32h7xx_hal_msp.o
                0x00000000080028a4                HAL_TIM_PWM_MspInit
 .text.HAL_TIM_Base_MspInit
                0x00000000080028f4       0x90 Core/Src/stm32h7xx_hal_msp.o
                0x00000000080028f4                HAL_TIM_Base_MspInit
 .text.HAL_TIM_MspPostInit
                0x0000000008002984       0x78 Core/Src/stm32h7xx_hal_msp.o
                0x0000000008002984                HAL_TIM_MspPostInit
 .text.HAL_UART_MspInit
                0x00000000080029fc      0x160 Core/Src/stm32h7xx_hal_msp.o
                0x00000000080029fc                HAL_UART_MspInit
 .text.HAL_InitTick
                0x0000000008002b5c       0xd4 Core/Src/stm32h7xx_hal_timebase_tim.o
                0x0000000008002b5c                HAL_InitTick
 .text.NMI_Handler
                0x0000000008002c30        0xe Core/Src/stm32h7xx_it.o
                0x0000000008002c30                NMI_Handler
 .text.HardFault_Handler
                0x0000000008002c3e        0x6 Core/Src/stm32h7xx_it.o
                0x0000000008002c3e                HardFault_Handler
 .text.MemManage_Handler
                0x0000000008002c44        0x6 Core/Src/stm32h7xx_it.o
                0x0000000008002c44                MemManage_Handler
 .text.BusFault_Handler
                0x0000000008002c4a        0x6 Core/Src/stm32h7xx_it.o
                0x0000000008002c4a                BusFault_Handler
 .text.UsageFault_Handler
                0x0000000008002c50        0x6 Core/Src/stm32h7xx_it.o
                0x0000000008002c50                UsageFault_Handler
 .text.SVC_Handler
                0x0000000008002c56        0xe Core/Src/stm32h7xx_it.o
                0x0000000008002c56                SVC_Handler
 .text.DebugMon_Handler
                0x0000000008002c64        0xe Core/Src/stm32h7xx_it.o
                0x0000000008002c64                DebugMon_Handler
 .text.PendSV_Handler
                0x0000000008002c72        0xe Core/Src/stm32h7xx_it.o
                0x0000000008002c72                PendSV_Handler
 .text.SysTick_Handler
                0x0000000008002c80        0xe Core/Src/stm32h7xx_it.o
                0x0000000008002c80                SysTick_Handler
 *fill*         0x0000000008002c8e        0x2 
 .text.TIM1_UP_IRQHandler
                0x0000000008002c90       0x1c Core/Src/stm32h7xx_it.o
                0x0000000008002c90                TIM1_UP_IRQHandler
 .text.TIM2_IRQHandler
                0x0000000008002cac       0x14 Core/Src/stm32h7xx_it.o
                0x0000000008002cac                TIM2_IRQHandler
 .text.TIM3_IRQHandler
                0x0000000008002cc0       0x20 Core/Src/stm32h7xx_it.o
                0x0000000008002cc0                TIM3_IRQHandler
 .text.TIM4_IRQHandler
                0x0000000008002ce0       0x14 Core/Src/stm32h7xx_it.o
                0x0000000008002ce0                TIM4_IRQHandler
 .text.SPI2_IRQHandler
                0x0000000008002cf4       0x14 Core/Src/stm32h7xx_it.o
                0x0000000008002cf4                SPI2_IRQHandler
 .text.SystemInit
                0x0000000008002d08       0xf8 Core/Src/system_stm32h7xx.o
                0x0000000008002d08                SystemInit
 .text.Reset_Handler
                0x0000000008002e00       0x50 Core/Startup/startup_stm32h730vbtx.o
                0x0000000008002e00                Reset_Handler
 .text.Default_Handler
                0x0000000008002e50        0x2 Core/Startup/startup_stm32h730vbtx.o
                0x0000000008002e50                RTC_Alarm_IRQHandler
                0x0000000008002e50                HASH_RNG_IRQHandler
                0x0000000008002e50                EXTI2_IRQHandler
                0x0000000008002e50                TIM8_CC_IRQHandler
                0x0000000008002e50                UART8_IRQHandler
                0x0000000008002e50                SPI4_IRQHandler
                0x0000000008002e50                FDCAN3_IT0_IRQHandler
                0x0000000008002e50                TIM1_CC_IRQHandler
                0x0000000008002e50                BDMA_Channel6_IRQHandler
                0x0000000008002e50                DMA2_Stream5_IRQHandler
                0x0000000008002e50                DMA1_Stream5_IRQHandler
                0x0000000008002e50                CORDIC_IRQHandler
                0x0000000008002e50                BDMA_Channel1_IRQHandler
                0x0000000008002e50                TAMP_STAMP_IRQHandler
                0x0000000008002e50                EXTI3_IRQHandler
                0x0000000008002e50                LPTIM4_IRQHandler
                0x0000000008002e50                TIM8_TRG_COM_TIM14_IRQHandler
                0x0000000008002e50                LPTIM2_IRQHandler
                0x0000000008002e50                DFSDM1_FLT1_IRQHandler
                0x0000000008002e50                DMAMUX2_OVR_IRQHandler
                0x0000000008002e50                TIM8_UP_TIM13_IRQHandler
                0x0000000008002e50                I2C3_ER_IRQHandler
                0x0000000008002e50                DFSDM1_FLT2_IRQHandler
                0x0000000008002e50                I2C5_EV_IRQHandler
                0x0000000008002e50                USART10_IRQHandler
                0x0000000008002e50                MDMA_IRQHandler
                0x0000000008002e50                LPTIM3_IRQHandler
                0x0000000008002e50                HSEM1_IRQHandler
                0x0000000008002e50                EXTI0_IRQHandler
                0x0000000008002e50                I2C2_EV_IRQHandler
                0x0000000008002e50                DMA1_Stream2_IRQHandler
                0x0000000008002e50                FPU_IRQHandler
                0x0000000008002e50                OTG_HS_WKUP_IRQHandler
                0x0000000008002e50                FDCAN1_IT1_IRQHandler
                0x0000000008002e50                LTDC_ER_IRQHandler
                0x0000000008002e50                DMA2_Stream2_IRQHandler
                0x0000000008002e50                SPI1_IRQHandler
                0x0000000008002e50                OCTOSPI1_IRQHandler
                0x0000000008002e50                TIM6_DAC_IRQHandler
                0x0000000008002e50                DMA2_Stream3_IRQHandler
                0x0000000008002e50                OCTOSPI2_IRQHandler
                0x0000000008002e50                DFSDM1_FLT3_IRQHandler
                0x0000000008002e50                TIM23_IRQHandler
                0x0000000008002e50                USART6_IRQHandler
                0x0000000008002e50                TIM17_IRQHandler
                0x0000000008002e50                USART3_IRQHandler
                0x0000000008002e50                BDMA_Channel7_IRQHandler
                0x0000000008002e50                CRYP_IRQHandler
                0x0000000008002e50                LPTIM5_IRQHandler
                0x0000000008002e50                UART5_IRQHandler
                0x0000000008002e50                ADC3_IRQHandler
                0x0000000008002e50                DMA2_Stream0_IRQHandler
                0x0000000008002e50                BDMA_Channel2_IRQHandler
                0x0000000008002e50                I2C1_EV_IRQHandler
                0x0000000008002e50                DMA1_Stream6_IRQHandler
                0x0000000008002e50                DMAMUX1_OVR_IRQHandler
                0x0000000008002e50                DMA1_Stream1_IRQHandler
                0x0000000008002e50                TIM16_IRQHandler
                0x0000000008002e50                UART4_IRQHandler
                0x0000000008002e50                BDMA_Channel5_IRQHandler
                0x0000000008002e50                RCC_IRQHandler
                0x0000000008002e50                UART9_IRQHandler
                0x0000000008002e50                TIM8_BRK_TIM12_IRQHandler
                0x0000000008002e50                TIM1_TRG_COM_IRQHandler
                0x0000000008002e50                Default_Handler
                0x0000000008002e50                ECC_IRQHandler
                0x0000000008002e50                FMAC_IRQHandler
                0x0000000008002e50                CEC_IRQHandler
                0x0000000008002e50                EXTI15_10_IRQHandler
                0x0000000008002e50                BDMA_Channel0_IRQHandler
                0x0000000008002e50                ADC_IRQHandler
                0x0000000008002e50                I2C5_ER_IRQHandler
                0x0000000008002e50                OTFDEC1_IRQHandler
                0x0000000008002e50                DMA1_Stream7_IRQHandler
                0x0000000008002e50                SPI5_IRQHandler
                0x0000000008002e50                TIM7_IRQHandler
                0x0000000008002e50                FDCAN3_IT1_IRQHandler
                0x0000000008002e50                SDMMC1_IRQHandler
                0x0000000008002e50                TIM5_IRQHandler
                0x0000000008002e50                DMA2_Stream7_IRQHandler
                0x0000000008002e50                TIM15_IRQHandler
                0x0000000008002e50                PVD_AVD_IRQHandler
                0x0000000008002e50                I2C3_EV_IRQHandler
                0x0000000008002e50                EXTI9_5_IRQHandler
                0x0000000008002e50                RTC_WKUP_IRQHandler
                0x0000000008002e50                LTDC_IRQHandler
                0x0000000008002e50                ETH_WKUP_IRQHandler
                0x0000000008002e50                SPDIF_RX_IRQHandler
                0x0000000008002e50                OTG_HS_EP1_IN_IRQHandler
                0x0000000008002e50                DMA1_Stream0_IRQHandler
                0x0000000008002e50                OTFDEC2_IRQHandler
                0x0000000008002e50                TIM24_IRQHandler
                0x0000000008002e50                CRS_IRQHandler
                0x0000000008002e50                EXTI4_IRQHandler
                0x0000000008002e50                FDCAN2_IT1_IRQHandler
                0x0000000008002e50                ETH_IRQHandler
                0x0000000008002e50                BDMA_Channel4_IRQHandler
                0x0000000008002e50                OTG_HS_EP1_OUT_IRQHandler
                0x0000000008002e50                WWDG_IRQHandler
                0x0000000008002e50                SPI6_IRQHandler
                0x0000000008002e50                MDIOS_IRQHandler
                0x0000000008002e50                I2C4_EV_IRQHandler
                0x0000000008002e50                FDCAN2_IT0_IRQHandler
                0x0000000008002e50                LPUART1_IRQHandler
                0x0000000008002e50                FDCAN1_IT0_IRQHandler
                0x0000000008002e50                OTG_HS_IRQHandler
                0x0000000008002e50                DMA2D_IRQHandler
                0x0000000008002e50                TIM1_BRK_IRQHandler
                0x0000000008002e50                EXTI1_IRQHandler
                0x0000000008002e50                SDMMC2_IRQHandler
                0x0000000008002e50                BDMA_Channel3_IRQHandler
                0x0000000008002e50                DTS_IRQHandler
                0x0000000008002e50                UART7_IRQHandler
                0x0000000008002e50                MDIOS_WKUP_IRQHandler
                0x0000000008002e50                USART2_IRQHandler
                0x0000000008002e50                DFSDM1_FLT0_IRQHandler
                0x0000000008002e50                SAI4_IRQHandler
                0x0000000008002e50                I2C2_ER_IRQHandler
                0x0000000008002e50                DMA2_Stream1_IRQHandler
                0x0000000008002e50                FLASH_IRQHandler
                0x0000000008002e50                DMA2_Stream4_IRQHandler
                0x0000000008002e50                USART1_IRQHandler
                0x0000000008002e50                SPI3_IRQHandler
                0x0000000008002e50                WAKEUP_PIN_IRQHandler
                0x0000000008002e50                DMA1_Stream4_IRQHandler
                0x0000000008002e50                I2C1_ER_IRQHandler
                0x0000000008002e50                FMC_IRQHandler
                0x0000000008002e50                FDCAN_CAL_IRQHandler
                0x0000000008002e50                SWPMI1_IRQHandler
                0x0000000008002e50                COMP1_IRQHandler
                0x0000000008002e50                LPTIM1_IRQHandler
                0x0000000008002e50                DCMI_PSSI_IRQHandler
                0x0000000008002e50                I2C4_ER_IRQHandler
                0x0000000008002e50                DMA2_Stream6_IRQHandler
                0x0000000008002e50                SAI1_IRQHandler
                0x0000000008002e50                DMA1_Stream3_IRQHandler
 *fill*         0x0000000008002e52        0x2 
 .text.HAL_Init
                0x0000000008002e54       0x78 Drivers/STM32H7xx_HAL_Driver/Src/stm32h7xx_hal.o
                0x0000000008002e54                HAL_Init
 .text.HAL_IncTick
                0x0000000008002ecc       0x28 Drivers/STM32H7xx_HAL_Driver/Src/stm32h7xx_hal.o
                0x0000000008002ecc                HAL_IncTick
 .text.HAL_GetTick
                0x0000000008002ef4       0x18 Drivers/STM32H7xx_HAL_Driver/Src/stm32h7xx_hal.o
                0x0000000008002ef4                HAL_GetTick
 .text.HAL_Delay
                0x0000000008002f0c       0x48 Drivers/STM32H7xx_HAL_Driver/Src/stm32h7xx_hal.o
                0x0000000008002f0c                HAL_Delay
 .text.HAL_SYSCFG_AnalogSwitchConfig
                0x0000000008002f54       0x2c Drivers/STM32H7xx_HAL_Driver/Src/stm32h7xx_hal.o
                0x0000000008002f54                HAL_SYSCFG_AnalogSwitchConfig
 .text.LL_ADC_SetCommonClock
                0x0000000008002f80       0x26 Drivers/STM32H7xx_HAL_Driver/Src/stm32h7xx_hal_adc.o
 .text.LL_ADC_SetCommonPathInternalCh
                0x0000000008002fa6       0x26 Drivers/STM32H7xx_HAL_Driver/Src/stm32h7xx_hal_adc.o
 .text.LL_ADC_GetCommonPathInternalCh
                0x0000000008002fcc       0x1c Drivers/STM32H7xx_HAL_Driver/Src/stm32h7xx_hal_adc.o
 .text.LL_ADC_SetOffset
                0x0000000008002fe8       0x64 Drivers/STM32H7xx_HAL_Driver/Src/stm32h7xx_hal_adc.o
 .text.LL_ADC_GetOffsetChannel
                0x000000000800304c       0x2c Drivers/STM32H7xx_HAL_Driver/Src/stm32h7xx_hal_adc.o
 .text.LL_ADC_SetDataRightShift
                0x0000000008003078       0x32 Drivers/STM32H7xx_HAL_Driver/Src/stm32h7xx_hal_adc.o
 *fill*         0x00000000080030aa        0x2 
 .text.LL_ADC_SetOffsetSignedSaturation
                0x00000000080030ac       0x44 Drivers/STM32H7xx_HAL_Driver/Src/stm32h7xx_hal_adc.o
 .text.LL_ADC_SetOffsetSaturation
                0x00000000080030f0       0x44 Drivers/STM32H7xx_HAL_Driver/Src/stm32h7xx_hal_adc.o
 .text.LL_ADC_SetOffsetSign
                0x0000000008003134       0x44 Drivers/STM32H7xx_HAL_Driver/Src/stm32h7xx_hal_adc.o
 .text.LL_ADC_SetOffsetState
                0x0000000008003178       0x54 Drivers/STM32H7xx_HAL_Driver/Src/stm32h7xx_hal_adc.o
 .text.LL_ADC_REG_SetSequencerRanks
                0x00000000080031cc       0x58 Drivers/STM32H7xx_HAL_Driver/Src/stm32h7xx_hal_adc.o
 .text.LL_ADC_SetChannelSamplingTime
                0x0000000008003224       0x56 Drivers/STM32H7xx_HAL_Driver/Src/stm32h7xx_hal_adc.o
 *fill*         0x000000000800327a        0x2 
 .text.LL_ADC_SetChannelSingleDiff
                0x000000000800327c       0x80 Drivers/STM32H7xx_HAL_Driver/Src/stm32h7xx_hal_adc.o
 .text.LL_ADC_GetMultimode
                0x00000000080032fc       0x1c Drivers/STM32H7xx_HAL_Driver/Src/stm32h7xx_hal_adc.o
 .text.LL_ADC_DisableDeepPowerDown
                0x0000000008003318       0x24 Drivers/STM32H7xx_HAL_Driver/Src/stm32h7xx_hal_adc.o
 .text.LL_ADC_IsDeepPowerDownEnabled
                0x000000000800333c       0x28 Drivers/STM32H7xx_HAL_Driver/Src/stm32h7xx_hal_adc.o
 .text.LL_ADC_EnableInternalRegulator
                0x0000000008003364       0x28 Drivers/STM32H7xx_HAL_Driver/Src/stm32h7xx_hal_adc.o
 .text.LL_ADC_IsInternalRegulatorEnabled
                0x000000000800338c       0x28 Drivers/STM32H7xx_HAL_Driver/Src/stm32h7xx_hal_adc.o
 .text.LL_ADC_Enable
                0x00000000080033b4       0x28 Drivers/STM32H7xx_HAL_Driver/Src/stm32h7xx_hal_adc.o
 .text.LL_ADC_Disable
                0x00000000080033dc       0x28 Drivers/STM32H7xx_HAL_Driver/Src/stm32h7xx_hal_adc.o
 .text.LL_ADC_IsEnabled
                0x0000000008003404       0x26 Drivers/STM32H7xx_HAL_Driver/Src/stm32h7xx_hal_adc.o
 .text.LL_ADC_IsDisableOngoing
                0x000000000800342a       0x26 Drivers/STM32H7xx_HAL_Driver/Src/stm32h7xx_hal_adc.o
 .text.LL_ADC_REG_StartConversion
                0x0000000008003450       0x28 Drivers/STM32H7xx_HAL_Driver/Src/stm32h7xx_hal_adc.o
 .text.LL_ADC_REG_IsConversionOngoing
                0x0000000008003478       0x26 Drivers/STM32H7xx_HAL_Driver/Src/stm32h7xx_hal_adc.o
 .text.LL_ADC_INJ_IsConversionOngoing
                0x000000000800349e       0x26 Drivers/STM32H7xx_HAL_Driver/Src/stm32h7xx_hal_adc.o
 .text.HAL_ADC_Init
                0x00000000080034c4      0x410 Drivers/STM32H7xx_HAL_Driver/Src/stm32h7xx_hal_adc.o
                0x00000000080034c4                HAL_ADC_Init
 .text.HAL_ADC_Start
                0x00000000080038d4      0x194 Drivers/STM32H7xx_HAL_Driver/Src/stm32h7xx_hal_adc.o
                0x00000000080038d4                HAL_ADC_Start
 .text.HAL_ADC_GetValue
                0x0000000008003a68       0x1a Drivers/STM32H7xx_HAL_Driver/Src/stm32h7xx_hal_adc.o
                0x0000000008003a68                HAL_ADC_GetValue
 *fill*         0x0000000008003a82        0x2 
 .text.HAL_ADC_ConfigChannel
                0x0000000008003a84      0xa58 Drivers/STM32H7xx_HAL_Driver/Src/stm32h7xx_hal_adc.o
                0x0000000008003a84                HAL_ADC_ConfigChannel
 .text.ADC_Enable
                0x00000000080044dc      0x114 Drivers/STM32H7xx_HAL_Driver/Src/stm32h7xx_hal_adc.o
                0x00000000080044dc                ADC_Enable
 .text.ADC_Disable
                0x00000000080045f0       0xbe Drivers/STM32H7xx_HAL_Driver/Src/stm32h7xx_hal_adc.o
                0x00000000080045f0                ADC_Disable
 *fill*         0x00000000080046ae        0x2 
 .text.ADC_ConfigureBoostMode
                0x00000000080046b0      0x1d8 Drivers/STM32H7xx_HAL_Driver/Src/stm32h7xx_hal_adc.o
                0x00000000080046b0                ADC_ConfigureBoostMode
 .text.LL_ADC_IsEnabled
                0x0000000008004888       0x26 Drivers/STM32H7xx_HAL_Driver/Src/stm32h7xx_hal_adc_ex.o
 *fill*         0x00000000080048ae        0x2 
 .text.LL_ADC_StartCalibration
                0x00000000080048b0       0x3c Drivers/STM32H7xx_HAL_Driver/Src/stm32h7xx_hal_adc_ex.o
 .text.LL_ADC_IsCalibrationOnGoing
                0x00000000080048ec       0x28 Drivers/STM32H7xx_HAL_Driver/Src/stm32h7xx_hal_adc_ex.o
 .text.LL_ADC_REG_IsConversionOngoing
                0x0000000008004914       0x26 Drivers/STM32H7xx_HAL_Driver/Src/stm32h7xx_hal_adc_ex.o
 *fill*         0x000000000800493a        0x2 
 .text.HAL_ADCEx_Calibration_Start
                0x000000000800493c       0xc8 Drivers/STM32H7xx_HAL_Driver/Src/stm32h7xx_hal_adc_ex.o
                0x000000000800493c                HAL_ADCEx_Calibration_Start
 .text.HAL_ADCEx_MultiModeConfigChannel
                0x0000000008004a04      0x1c4 Drivers/STM32H7xx_HAL_Driver/Src/stm32h7xx_hal_adc_ex.o
                0x0000000008004a04                HAL_ADCEx_MultiModeConfigChannel
 .text.HAL_CORDIC_Init
                0x0000000008004bc8       0x62 Drivers/STM32H7xx_HAL_Driver/Src/stm32h7xx_hal_cordic.o
                0x0000000008004bc8                HAL_CORDIC_Init
 *fill*         0x0000000008004c2a        0x2 
 .text.__NVIC_SetPriorityGrouping
                0x0000000008004c2c       0x48 Drivers/STM32H7xx_HAL_Driver/Src/stm32h7xx_hal_cortex.o
 .text.__NVIC_GetPriorityGrouping
                0x0000000008004c74       0x1c Drivers/STM32H7xx_HAL_Driver/Src/stm32h7xx_hal_cortex.o
 .text.__NVIC_EnableIRQ
                0x0000000008004c90       0x3c Drivers/STM32H7xx_HAL_Driver/Src/stm32h7xx_hal_cortex.o
 .text.__NVIC_SetPriority
                0x0000000008004ccc       0x54 Drivers/STM32H7xx_HAL_Driver/Src/stm32h7xx_hal_cortex.o
 .text.NVIC_EncodePriority
                0x0000000008004d20       0x66 Drivers/STM32H7xx_HAL_Driver/Src/stm32h7xx_hal_cortex.o
 .text.HAL_NVIC_SetPriorityGrouping
                0x0000000008004d86       0x16 Drivers/STM32H7xx_HAL_Driver/Src/stm32h7xx_hal_cortex.o
                0x0000000008004d86                HAL_NVIC_SetPriorityGrouping
 .text.HAL_NVIC_SetPriority
                0x0000000008004d9c       0x34 Drivers/STM32H7xx_HAL_Driver/Src/stm32h7xx_hal_cortex.o
                0x0000000008004d9c                HAL_NVIC_SetPriority
 .text.HAL_NVIC_EnableIRQ
                0x0000000008004dd0       0x1c Drivers/STM32H7xx_HAL_Driver/Src/stm32h7xx_hal_cortex.o
                0x0000000008004dd0                HAL_NVIC_EnableIRQ
 .text.HAL_DFSDM_ChannelInit
                0x0000000008004dec      0x190 Drivers/STM32H7xx_HAL_Driver/Src/stm32h7xx_hal_dfsdm.o
                0x0000000008004dec                HAL_DFSDM_ChannelInit
 .text.HAL_DFSDM_FilterInit
                0x0000000008004f7c      0x1b8 Drivers/STM32H7xx_HAL_Driver/Src/stm32h7xx_hal_dfsdm.o
                0x0000000008004f7c                HAL_DFSDM_FilterInit
 .text.HAL_DFSDM_FilterConfigRegChannel
                0x0000000008005134       0x8c Drivers/STM32H7xx_HAL_Driver/Src/stm32h7xx_hal_dfsdm.o
                0x0000000008005134                HAL_DFSDM_FilterConfigRegChannel
 .text.HAL_DFSDM_FilterRegularStart
                0x00000000080051c0       0x36 Drivers/STM32H7xx_HAL_Driver/Src/stm32h7xx_hal_dfsdm.o
                0x00000000080051c0                HAL_DFSDM_FilterRegularStart
 .text.HAL_DFSDM_FilterGetRegularValue
                0x00000000080051f6       0x3e Drivers/STM32H7xx_HAL_Driver/Src/stm32h7xx_hal_dfsdm.o
                0x00000000080051f6                HAL_DFSDM_FilterGetRegularValue
 .text.DFSDM_GetChannelFromInstance
                0x0000000008005234       0x98 Drivers/STM32H7xx_HAL_Driver/Src/stm32h7xx_hal_dfsdm.o
 .text.DFSDM_RegConvStart
                0x00000000080052cc       0xac Drivers/STM32H7xx_HAL_Driver/Src/stm32h7xx_hal_dfsdm.o
 .text.HAL_DMA_Abort_IT
                0x0000000008005378      0x488 Drivers/STM32H7xx_HAL_Driver/Src/stm32h7xx_hal_dma.o
                0x0000000008005378                HAL_DMA_Abort_IT
 .text.HAL_FDCAN_Init
                0x0000000008005800      0x3c4 Drivers/STM32H7xx_HAL_Driver/Src/stm32h7xx_hal_fdcan.o
                0x0000000008005800                HAL_FDCAN_Init
 .text.FDCAN_CalcultateRamBlockAddresses
                0x0000000008005bc4      0x30c Drivers/STM32H7xx_HAL_Driver/Src/stm32h7xx_hal_fdcan.o
 .text.HAL_FMAC_Init
                0x0000000008005ed0       0x7e Drivers/STM32H7xx_HAL_Driver/Src/stm32h7xx_hal_fmac.o
                0x0000000008005ed0                HAL_FMAC_Init
 .text.FMAC_Reset
                0x0000000008005f4e       0x52 Drivers/STM32H7xx_HAL_Driver/Src/stm32h7xx_hal_fmac.o
 .text.FMAC_ResetDataPointers
                0x0000000008005fa0       0x1c Drivers/STM32H7xx_HAL_Driver/Src/stm32h7xx_hal_fmac.o
 .text.FMAC_ResetInputStateAndDataPointers
                0x0000000008005fbc       0x2e Drivers/STM32H7xx_HAL_Driver/Src/stm32h7xx_hal_fmac.o
 .text.FMAC_ResetOutputStateAndDataPointers
                0x0000000008005fea       0x2e Drivers/STM32H7xx_HAL_Driver/Src/stm32h7xx_hal_fmac.o
 .text.HAL_GPIO_Init
                0x0000000008006018      0x350 Drivers/STM32H7xx_HAL_Driver/Src/stm32h7xx_hal_gpio.o
                0x0000000008006018                HAL_GPIO_Init
 .text.HAL_GPIO_WritePin
                0x0000000008006368       0x32 Drivers/STM32H7xx_HAL_Driver/Src/stm32h7xx_hal_gpio.o
                0x0000000008006368                HAL_GPIO_WritePin
 .text.HAL_GPIO_TogglePin
                0x000000000800639a       0x34 Drivers/STM32H7xx_HAL_Driver/Src/stm32h7xx_hal_gpio.o
                0x000000000800639a                HAL_GPIO_TogglePin
 *fill*         0x00000000080063ce        0x2 
 .text.HAL_I2C_Init
                0x00000000080063d0      0x120 Drivers/STM32H7xx_HAL_Driver/Src/stm32h7xx_hal_i2c.o
                0x00000000080063d0                HAL_I2C_Init
 .text.HAL_I2CEx_ConfigAnalogFilter
                0x00000000080064f0       0x96 Drivers/STM32H7xx_HAL_Driver/Src/stm32h7xx_hal_i2c_ex.o
                0x00000000080064f0                HAL_I2CEx_ConfigAnalogFilter
 .text.HAL_I2CEx_ConfigDigitalFilter
                0x0000000008006586       0x98 Drivers/STM32H7xx_HAL_Driver/Src/stm32h7xx_hal_i2c_ex.o
                0x0000000008006586                HAL_I2CEx_ConfigDigitalFilter
 *fill*         0x000000000800661e        0x2 
 .text.HAL_PWREx_ConfigSupply
                0x0000000008006620       0x74 Drivers/STM32H7xx_HAL_Driver/Src/stm32h7xx_hal_pwr_ex.o
                0x0000000008006620                HAL_PWREx_ConfigSupply
 .text.HAL_RCC_OscConfig
                0x0000000008006694      0x71c Drivers/STM32H7xx_HAL_Driver/Src/stm32h7xx_hal_rcc.o
                0x0000000008006694                HAL_RCC_OscConfig
 .text.HAL_RCC_ClockConfig
                0x0000000008006db0      0x36c Drivers/STM32H7xx_HAL_Driver/Src/stm32h7xx_hal_rcc.o
                0x0000000008006db0                HAL_RCC_ClockConfig
 .text.HAL_RCC_GetSysClockFreq
                0x000000000800711c      0x2f4 Drivers/STM32H7xx_HAL_Driver/Src/stm32h7xx_hal_rcc.o
                0x000000000800711c                HAL_RCC_GetSysClockFreq
 .text.HAL_RCC_GetHCLKFreq
                0x0000000008007410       0x60 Drivers/STM32H7xx_HAL_Driver/Src/stm32h7xx_hal_rcc.o
                0x0000000008007410                HAL_RCC_GetHCLKFreq
 .text.HAL_RCC_GetPCLK1Freq
                0x0000000008007470       0x2c Drivers/STM32H7xx_HAL_Driver/Src/stm32h7xx_hal_rcc.o
                0x0000000008007470                HAL_RCC_GetPCLK1Freq
 .text.HAL_RCC_GetPCLK2Freq
                0x000000000800749c       0x2c Drivers/STM32H7xx_HAL_Driver/Src/stm32h7xx_hal_rcc.o
                0x000000000800749c                HAL_RCC_GetPCLK2Freq
 .text.HAL_RCC_GetClockConfig
                0x00000000080074c8       0x84 Drivers/STM32H7xx_HAL_Driver/Src/stm32h7xx_hal_rcc.o
                0x00000000080074c8                HAL_RCC_GetClockConfig
 .text.HAL_RCCEx_PeriphCLKConfig
                0x000000000800754c      0xdf4 Drivers/STM32H7xx_HAL_Driver/Src/stm32h7xx_hal_rcc_ex.o
                0x000000000800754c                HAL_RCCEx_PeriphCLKConfig
 .text.HAL_RCCEx_GetPeriphCLKFreq
                0x0000000008008340      0x848 Drivers/STM32H7xx_HAL_Driver/Src/stm32h7xx_hal_rcc_ex.o
                0x0000000008008340                HAL_RCCEx_GetPeriphCLKFreq
 .text.HAL_RCCEx_GetD3PCLK1Freq
                0x0000000008008b88       0x2c Drivers/STM32H7xx_HAL_Driver/Src/stm32h7xx_hal_rcc_ex.o
                0x0000000008008b88                HAL_RCCEx_GetD3PCLK1Freq
 .text.HAL_RCCEx_GetPLL2ClockFreq
                0x0000000008008bb4      0x2a8 Drivers/STM32H7xx_HAL_Driver/Src/stm32h7xx_hal_rcc_ex.o
                0x0000000008008bb4                HAL_RCCEx_GetPLL2ClockFreq
 .text.HAL_RCCEx_GetPLL3ClockFreq
                0x0000000008008e5c      0x2a8 Drivers/STM32H7xx_HAL_Driver/Src/stm32h7xx_hal_rcc_ex.o
                0x0000000008008e5c                HAL_RCCEx_GetPLL3ClockFreq
 .text.HAL_RCCEx_GetPLL1ClockFreq
                0x0000000008009104      0x2a4 Drivers/STM32H7xx_HAL_Driver/Src/stm32h7xx_hal_rcc_ex.o
                0x0000000008009104                HAL_RCCEx_GetPLL1ClockFreq
 .text.RCCEx_PLL2_Config
                0x00000000080093a8      0x164 Drivers/STM32H7xx_HAL_Driver/Src/stm32h7xx_hal_rcc_ex.o
 .text.RCCEx_PLL3_Config
                0x000000000800950c      0x164 Drivers/STM32H7xx_HAL_Driver/Src/stm32h7xx_hal_rcc_ex.o
 .text.HAL_SPI_Init
                0x0000000008009670      0x204 Drivers/STM32H7xx_HAL_Driver/Src/stm32h7xx_hal_spi.o
                0x0000000008009670                HAL_SPI_Init
 .text.HAL_SPI_TransmitReceive
                0x0000000008009874      0x5d8 Drivers/STM32H7xx_HAL_Driver/Src/stm32h7xx_hal_spi.o
                0x0000000008009874                HAL_SPI_TransmitReceive
 .text.HAL_SPI_TransmitReceive_IT
                0x0000000008009e4c      0x354 Drivers/STM32H7xx_HAL_Driver/Src/stm32h7xx_hal_spi.o
                0x0000000008009e4c                HAL_SPI_TransmitReceive_IT
 .text.HAL_SPI_IRQHandler
                0x000000000800a1a0      0x3c0 Drivers/STM32H7xx_HAL_Driver/Src/stm32h7xx_hal_spi.o
                0x000000000800a1a0                HAL_SPI_IRQHandler
 .text.HAL_SPI_TxCpltCallback
                0x000000000800a560       0x14 Drivers/STM32H7xx_HAL_Driver/Src/stm32h7xx_hal_spi.o
                0x000000000800a560                HAL_SPI_TxCpltCallback
 .text.HAL_SPI_RxCpltCallback
                0x000000000800a574       0x14 Drivers/STM32H7xx_HAL_Driver/Src/stm32h7xx_hal_spi.o
                0x000000000800a574                HAL_SPI_RxCpltCallback
 .text.HAL_SPI_TxRxCpltCallback
                0x000000000800a588       0x14 Drivers/STM32H7xx_HAL_Driver/Src/stm32h7xx_hal_spi.o
                0x000000000800a588                HAL_SPI_TxRxCpltCallback
 .text.HAL_SPI_ErrorCallback
                0x000000000800a59c       0x14 Drivers/STM32H7xx_HAL_Driver/Src/stm32h7xx_hal_spi.o
                0x000000000800a59c                HAL_SPI_ErrorCallback
 .text.SPI_DMAAbortOnError
                0x000000000800a5b0       0x34 Drivers/STM32H7xx_HAL_Driver/Src/stm32h7xx_hal_spi.o
 .text.SPI_RxISR_8BIT
                0x000000000800a5e4       0x5e Drivers/STM32H7xx_HAL_Driver/Src/stm32h7xx_hal_spi.o
 .text.SPI_RxISR_16BIT
                0x000000000800a642       0x60 Drivers/STM32H7xx_HAL_Driver/Src/stm32h7xx_hal_spi.o
 .text.SPI_RxISR_32BIT
                0x000000000800a6a2       0x58 Drivers/STM32H7xx_HAL_Driver/Src/stm32h7xx_hal_spi.o
 .text.SPI_TxISR_8BIT
                0x000000000800a6fa       0x5a Drivers/STM32H7xx_HAL_Driver/Src/stm32h7xx_hal_spi.o
 .text.SPI_TxISR_16BIT
                0x000000000800a754       0x5e Drivers/STM32H7xx_HAL_Driver/Src/stm32h7xx_hal_spi.o
 .text.SPI_TxISR_32BIT
                0x000000000800a7b2       0x58 Drivers/STM32H7xx_HAL_Driver/Src/stm32h7xx_hal_spi.o
 *fill*         0x000000000800a80a        0x2 
 .text.SPI_CloseTransfer
                0x000000000800a80c      0x140 Drivers/STM32H7xx_HAL_Driver/Src/stm32h7xx_hal_spi.o
 .text.SPI_WaitOnFlagUntilTimeout
                0x000000000800a94c       0x5c Drivers/STM32H7xx_HAL_Driver/Src/stm32h7xx_hal_spi.o
 .text.SPI_GetPacketSize
                0x000000000800a9a8       0x36 Drivers/STM32H7xx_HAL_Driver/Src/stm32h7xx_hal_spi.o
 .text.HAL_TIM_Base_Init
                0x000000000800a9de       0xae Drivers/STM32H7xx_HAL_Driver/Src/stm32h7xx_hal_tim.o
                0x000000000800a9de                HAL_TIM_Base_Init
 .text.HAL_TIM_Base_Start_IT
                0x000000000800aa8c      0x10c Drivers/STM32H7xx_HAL_Driver/Src/stm32h7xx_hal_tim.o
                0x000000000800aa8c                HAL_TIM_Base_Start_IT
 .text.HAL_TIM_PWM_Init
                0x000000000800ab98       0xae Drivers/STM32H7xx_HAL_Driver/Src/stm32h7xx_hal_tim.o
                0x000000000800ab98                HAL_TIM_PWM_Init
 *fill*         0x000000000800ac46        0x2 
 .text.HAL_TIM_PWM_Start
                0x000000000800ac48      0x238 Drivers/STM32H7xx_HAL_Driver/Src/stm32h7xx_hal_tim.o
                0x000000000800ac48                HAL_TIM_PWM_Start
 .text.HAL_TIM_IRQHandler
                0x000000000800ae80      0x23e Drivers/STM32H7xx_HAL_Driver/Src/stm32h7xx_hal_tim.o
                0x000000000800ae80                HAL_TIM_IRQHandler
 *fill*         0x000000000800b0be        0x2 
 .text.HAL_TIM_PWM_ConfigChannel
                0x000000000800b0c0      0x220 Drivers/STM32H7xx_HAL_Driver/Src/stm32h7xx_hal_tim.o
                0x000000000800b0c0                HAL_TIM_PWM_ConfigChannel
 .text.HAL_TIM_ConfigClockSource
                0x000000000800b2e0      0x1e8 Drivers/STM32H7xx_HAL_Driver/Src/stm32h7xx_hal_tim.o
                0x000000000800b2e0                HAL_TIM_ConfigClockSource
 .text.HAL_TIM_OC_DelayElapsedCallback
                0x000000000800b4c8       0x14 Drivers/STM32H7xx_HAL_Driver/Src/stm32h7xx_hal_tim.o
                0x000000000800b4c8                HAL_TIM_OC_DelayElapsedCallback
 .text.HAL_TIM_IC_CaptureCallback
                0x000000000800b4dc       0x14 Drivers/STM32H7xx_HAL_Driver/Src/stm32h7xx_hal_tim.o
                0x000000000800b4dc                HAL_TIM_IC_CaptureCallback
 .text.HAL_TIM_PWM_PulseFinishedCallback
                0x000000000800b4f0       0x14 Drivers/STM32H7xx_HAL_Driver/Src/stm32h7xx_hal_tim.o
                0x000000000800b4f0                HAL_TIM_PWM_PulseFinishedCallback
 .text.HAL_TIM_TriggerCallback
                0x000000000800b504       0x14 Drivers/STM32H7xx_HAL_Driver/Src/stm32h7xx_hal_tim.o
                0x000000000800b504                HAL_TIM_TriggerCallback
 .text.TIM_Base_SetConfig
                0x000000000800b518      0x14c Drivers/STM32H7xx_HAL_Driver/Src/stm32h7xx_hal_tim.o
                0x000000000800b518                TIM_Base_SetConfig
 .text.TIM_OC1_SetConfig
                0x000000000800b664      0x120 Drivers/STM32H7xx_HAL_Driver/Src/stm32h7xx_hal_tim.o
 .text.TIM_OC2_SetConfig
                0x000000000800b784      0x114 Drivers/STM32H7xx_HAL_Driver/Src/stm32h7xx_hal_tim.o
                0x000000000800b784                TIM_OC2_SetConfig
 .text.TIM_OC3_SetConfig
                0x000000000800b898      0x10c Drivers/STM32H7xx_HAL_Driver/Src/stm32h7xx_hal_tim.o
 .text.TIM_OC4_SetConfig
                0x000000000800b9a4       0xd0 Drivers/STM32H7xx_HAL_Driver/Src/stm32h7xx_hal_tim.o
 .text.TIM_OC5_SetConfig
                0x000000000800ba74       0xc4 Drivers/STM32H7xx_HAL_Driver/Src/stm32h7xx_hal_tim.o
 .text.TIM_OC6_SetConfig
                0x000000000800bb38       0xc8 Drivers/STM32H7xx_HAL_Driver/Src/stm32h7xx_hal_tim.o
 .text.TIM_TI1_ConfigInputStage
                0x000000000800bc00       0x5e Drivers/STM32H7xx_HAL_Driver/Src/stm32h7xx_hal_tim.o
 .text.TIM_TI2_ConfigInputStage
                0x000000000800bc5e       0x60 Drivers/STM32H7xx_HAL_Driver/Src/stm32h7xx_hal_tim.o
 *fill*         0x000000000800bcbe        0x2 
 .text.TIM_ITRx_SetConfig
                0x000000000800bcc0       0x3c Drivers/STM32H7xx_HAL_Driver/Src/stm32h7xx_hal_tim.o
 .text.TIM_ETR_SetConfig
                0x000000000800bcfc       0x40 Drivers/STM32H7xx_HAL_Driver/Src/stm32h7xx_hal_tim.o
                0x000000000800bcfc                TIM_ETR_SetConfig
 .text.TIM_CCxChannelCmd
                0x000000000800bd3c       0x4a Drivers/STM32H7xx_HAL_Driver/Src/stm32h7xx_hal_tim.o
                0x000000000800bd3c                TIM_CCxChannelCmd
 *fill*         0x000000000800bd86        0x2 
 .text.HAL_TIMEx_PWMN_Start
                0x000000000800bd88      0x1a0 Drivers/STM32H7xx_HAL_Driver/Src/stm32h7xx_hal_tim_ex.o
                0x000000000800bd88                HAL_TIMEx_PWMN_Start
 .text.HAL_TIMEx_MasterConfigSynchronization
                0x000000000800bf28      0x138 Drivers/STM32H7xx_HAL_Driver/Src/stm32h7xx_hal_tim_ex.o
                0x000000000800bf28                HAL_TIMEx_MasterConfigSynchronization
 .text.HAL_TIMEx_ConfigBreakDeadTime
                0x000000000800c060       0xfc Drivers/STM32H7xx_HAL_Driver/Src/stm32h7xx_hal_tim_ex.o
                0x000000000800c060                HAL_TIMEx_ConfigBreakDeadTime
 .text.HAL_TIMEx_CommutCallback
                0x000000000800c15c       0x14 Drivers/STM32H7xx_HAL_Driver/Src/stm32h7xx_hal_tim_ex.o
                0x000000000800c15c                HAL_TIMEx_CommutCallback
 .text.HAL_TIMEx_BreakCallback
                0x000000000800c170       0x14 Drivers/STM32H7xx_HAL_Driver/Src/stm32h7xx_hal_tim_ex.o
                0x000000000800c170                HAL_TIMEx_BreakCallback
 .text.HAL_TIMEx_Break2Callback
                0x000000000800c184       0x14 Drivers/STM32H7xx_HAL_Driver/Src/stm32h7xx_hal_tim_ex.o
                0x000000000800c184                HAL_TIMEx_Break2Callback
 .text.TIM_CCxNChannelCmd
                0x000000000800c198       0x4a Drivers/STM32H7xx_HAL_Driver/Src/stm32h7xx_hal_tim_ex.o
 .text.HAL_UART_Init
                0x000000000800c1e2       0xa0 Drivers/STM32H7xx_HAL_Driver/Src/stm32h7xx_hal_uart.o
                0x000000000800c1e2                HAL_UART_Init
 *fill*         0x000000000800c282        0x2 
 .text.UART_SetConfig
                0x000000000800c284      0xcbc Drivers/STM32H7xx_HAL_Driver/Src/stm32h7xx_hal_uart.o
                0x000000000800c284                UART_SetConfig
 .text.UART_AdvFeatureConfig
                0x000000000800cf40      0x144 Drivers/STM32H7xx_HAL_Driver/Src/stm32h7xx_hal_uart.o
                0x000000000800cf40                UART_AdvFeatureConfig
 .text.UART_CheckIdleState
                0x000000000800d084       0x96 Drivers/STM32H7xx_HAL_Driver/Src/stm32h7xx_hal_uart.o
                0x000000000800d084                UART_CheckIdleState
 .text.UART_WaitOnFlagUntilTimeout
                0x000000000800d11a      0x100 Drivers/STM32H7xx_HAL_Driver/Src/stm32h7xx_hal_uart.o
                0x000000000800d11a                UART_WaitOnFlagUntilTimeout
 *fill*         0x000000000800d21a        0x2 
 .text.HAL_RS485Ex_Init
                0x000000000800d21c       0xd4 Drivers/STM32H7xx_HAL_Driver/Src/stm32h7xx_hal_uart_ex.o
                0x000000000800d21c                HAL_RS485Ex_Init
 .text.HAL_UARTEx_DisableFifoMode
                0x000000000800d2f0       0x72 Drivers/STM32H7xx_HAL_Driver/Src/stm32h7xx_hal_uart_ex.o
                0x000000000800d2f0                HAL_UARTEx_DisableFifoMode
 .text.HAL_UARTEx_SetTxFifoThreshold
                0x000000000800d362       0x7c Drivers/STM32H7xx_HAL_Driver/Src/stm32h7xx_hal_uart_ex.o
                0x000000000800d362                HAL_UARTEx_SetTxFifoThreshold
 .text.HAL_UARTEx_SetRxFifoThreshold
                0x000000000800d3de       0x7c Drivers/STM32H7xx_HAL_Driver/Src/stm32h7xx_hal_uart_ex.o
                0x000000000800d3de                HAL_UARTEx_SetRxFifoThreshold
 *fill*         0x000000000800d45a        0x2 
 .text.UARTEx_SetNbDataToProcess
                0x000000000800d45c       0x9c Drivers/STM32H7xx_HAL_Driver/Src/stm32h7xx_hal_uart_ex.o
 .text.__libc_init_array
                0x000000000800d4f8       0x48 c:/st/stm32cubeide_1.3.0/stm32cubeide/plugins/com.st.stm32cube.ide.mcu.externaltools.gnu-tools-for-stm32.9-2020-q2-update.win32_1.5.0.202011040924/tools/bin/../lib/gcc/arm-none-eabi/9.3.1/../../../../arm-none-eabi/lib/thumb/v7e-m+dp/hard\libc_nano.a(lib_a-init.o)
                0x000000000800d4f8                __libc_init_array
 .text.memcpy   0x000000000800d540       0x1c c:/st/stm32cubeide_1.3.0/stm32cubeide/plugins/com.st.stm32cube.ide.mcu.externaltools.gnu-tools-for-stm32.9-2020-q2-update.win32_1.5.0.202011040924/tools/bin/../lib/gcc/arm-none-eabi/9.3.1/../../../../arm-none-eabi/lib/thumb/v7e-m+dp/hard\libc_nano.a(lib_a-memcpy-stub.o)
                0x000000000800d540                memcpy
 .text.memset   0x000000000800d55c       0x10 c:/st/stm32cubeide_1.3.0/stm32cubeide/plugins/com.st.stm32cube.ide.mcu.externaltools.gnu-tools-for-stm32.9-2020-q2-update.win32_1.5.0.202011040924/tools/bin/../lib/gcc/arm-none-eabi/9.3.1/../../../../arm-none-eabi/lib/thumb/v7e-m+dp/hard\libc_nano.a(lib_a-memset.o)
                0x000000000800d55c                memset
 *(.glue_7)
 .glue_7        0x000000000800d56c        0x0 linker stubs
 *(.glue_7t)
 .glue_7t       0x000000000800d56c        0x0 linker stubs
 *(.eh_frame)
 .eh_frame      0x000000000800d56c        0x0 c:/st/stm32cubeide_1.3.0/stm32cubeide/plugins/com.st.stm32cube.ide.mcu.externaltools.gnu-tools-for-stm32.9-2020-q2-update.win32_1.5.0.202011040924/tools/bin/../lib/gcc/arm-none-eabi/9.3.1/thumb/v7e-m+dp/hard/crtbegin.o
 *(.init)
 .init          0x000000000800d56c        0x4 c:/st/stm32cubeide_1.3.0/stm32cubeide/plugins/com.st.stm32cube.ide.mcu.externaltools.gnu-tools-for-stm32.9-2020-q2-update.win32_1.5.0.202011040924/tools/bin/../lib/gcc/arm-none-eabi/9.3.1/thumb/v7e-m+dp/hard/crti.o
                0x000000000800d56c                _init
 .init          0x000000000800d570        0x8 c:/st/stm32cubeide_1.3.0/stm32cubeide/plugins/com.st.stm32cube.ide.mcu.externaltools.gnu-tools-for-stm32.9-2020-q2-update.win32_1.5.0.202011040924/tools/bin/../lib/gcc/arm-none-eabi/9.3.1/thumb/v7e-m+dp/hard/crtn.o
 *(.fini)
 .fini          0x000000000800d578        0x4 c:/st/stm32cubeide_1.3.0/stm32cubeide/plugins/com.st.stm32cube.ide.mcu.externaltools.gnu-tools-for-stm32.9-2020-q2-update.win32_1.5.0.202011040924/tools/bin/../lib/gcc/arm-none-eabi/9.3.1/thumb/v7e-m+dp/hard/crti.o
                0x000000000800d578                _fini
 .fini          0x000000000800d57c        0x8 c:/st/stm32cubeide_1.3.0/stm32cubeide/plugins/com.st.stm32cube.ide.mcu.externaltools.gnu-tools-for-stm32.9-2020-q2-update.win32_1.5.0.202011040924/tools/bin/../lib/gcc/arm-none-eabi/9.3.1/thumb/v7e-m+dp/hard/crtn.o
                0x000000000800d584                . = ALIGN (0x4)
                0x000000000800d584                _etext = .

.vfp11_veneer   0x000000000800d584        0x0
 .vfp11_veneer  0x000000000800d584        0x0 linker stubs

.v4_bx          0x000000000800d584        0x0
 .v4_bx         0x000000000800d584        0x0 linker stubs

.iplt           0x000000000800d584        0x0
 .iplt          0x000000000800d584        0x0 c:/st/stm32cubeide_1.3.0/stm32cubeide/plugins/com.st.stm32cube.ide.mcu.externaltools.gnu-tools-for-stm32.9-2020-q2-update.win32_1.5.0.202011040924/tools/bin/../lib/gcc/arm-none-eabi/9.3.1/thumb/v7e-m+dp/hard/crtbegin.o

.rodata         0x000000000800d584       0xb4
                0x000000000800d584                . = ALIGN (0x4)
 *(.rodata)
 .rodata        0x000000000800d584       0x30 Core/Src/main.o
 .rodata        0x000000000800d5b4       0x4c Drivers/STM32H7xx_HAL_Driver/Src/stm32h7xx_hal_fdcan.o
 *(.rodata*)
 .rodata.D1CorePrescTable
                0x000000000800d600       0x10 Core/Src/system_stm32h7xx.o
                0x000000000800d600                D1CorePrescTable
 .rodata.UARTPrescTable
                0x000000000800d610       0x18 Drivers/STM32H7xx_HAL_Driver/Src/stm32h7xx_hal_uart.o
                0x000000000800d610                UARTPrescTable
 .rodata.numerator.13022
                0x000000000800d628        0x8 Drivers/STM32H7xx_HAL_Driver/Src/stm32h7xx_hal_uart_ex.o
 .rodata.denominator.13023
                0x000000000800d630        0x8 Drivers/STM32H7xx_HAL_Driver/Src/stm32h7xx_hal_uart_ex.o
                0x000000000800d638                . = ALIGN (0x4)

.ARM.extab      0x000000000800d638        0x0
                0x000000000800d638                . = ALIGN (0x4)
 *(.ARM.extab* .gnu.linkonce.armextab.*)
                0x000000000800d638                . = ALIGN (0x4)

.ARM            0x000000000800d638        0x8
                0x000000000800d638                . = ALIGN (0x4)
                0x000000000800d638                __exidx_start = .
 *(.ARM.exidx*)
 .ARM.exidx     0x000000000800d638        0x8 c:/st/stm32cubeide_1.3.0/stm32cubeide/plugins/com.st.stm32cube.ide.mcu.externaltools.gnu-tools-for-stm32.9-2020-q2-update.win32_1.5.0.202011040924/tools/bin/../lib/gcc/arm-none-eabi/9.3.1/thumb/v7e-m+dp/hard\libgcc.a(_udivmoddi4.o)
                0x000000000800d640                __exidx_end = .
                0x000000000800d640                . = ALIGN (0x4)

.rel.dyn        0x000000000800d640        0x0
 .rel.iplt      0x000000000800d640        0x0 c:/st/stm32cubeide_1.3.0/stm32cubeide/plugins/com.st.stm32cube.ide.mcu.externaltools.gnu-tools-for-stm32.9-2020-q2-update.win32_1.5.0.202011040924/tools/bin/../lib/gcc/arm-none-eabi/9.3.1/thumb/v7e-m+dp/hard/crtbegin.o

.preinit_array  0x000000000800d640        0x0
                0x000000000800d640                . = ALIGN (0x4)
                0x000000000800d640                PROVIDE (__preinit_array_start = .)
 *(.preinit_array*)
                0x000000000800d640                PROVIDE (__preinit_array_end = .)
                0x000000000800d640                . = ALIGN (0x4)

.init_array     0x000000000800d640        0x4
                0x000000000800d640                . = ALIGN (0x4)
                0x000000000800d640                PROVIDE (__init_array_start = .)
 *(SORT_BY_NAME(.init_array.*))
 *(.init_array*)
 .init_array    0x000000000800d640        0x4 c:/st/stm32cubeide_1.3.0/stm32cubeide/plugins/com.st.stm32cube.ide.mcu.externaltools.gnu-tools-for-stm32.9-2020-q2-update.win32_1.5.0.202011040924/tools/bin/../lib/gcc/arm-none-eabi/9.3.1/thumb/v7e-m+dp/hard/crtbegin.o
                0x000000000800d644                PROVIDE (__init_array_end = .)
                0x000000000800d644                . = ALIGN (0x4)

.fini_array     0x000000000800d644        0x4
                0x000000000800d644                . = ALIGN (0x4)
                [!provide]                        PROVIDE (__fini_array_start = .)
 *(SORT_BY_NAME(.fini_array.*))
 *(.fini_array*)
 .fini_array    0x000000000800d644        0x4 c:/st/stm32cubeide_1.3.0/stm32cubeide/plugins/com.st.stm32cube.ide.mcu.externaltools.gnu-tools-for-stm32.9-2020-q2-update.win32_1.5.0.202011040924/tools/bin/../lib/gcc/arm-none-eabi/9.3.1/thumb/v7e-m+dp/hard/crtbegin.o
                [!provide]                        PROVIDE (__fini_array_end = .)
                0x000000000800d648                . = ALIGN (0x4)
                0x000000000800d648                _sidata = LOADADDR (.data)

.data           0x0000000024000000      0x5c0 load address 0x000000000800d648
                0x0000000024000000                . = ALIGN (0x4)
                0x0000000024000000                _sdata = .
 *(.data)
 *(.data*)
 .data.sin_lut_table
                0x0000000024000000      0x5a0 Core/Src/FOC.o
                0x0000000024000000                sin_lut_table
 .data.sqrt2_3  0x00000000240005a0        0x4 Core/Src/FOC.o
                0x00000000240005a0                sqrt2_3
 .data.sqrt1_6  0x00000000240005a4        0x4 Core/Src/FOC.o
                0x00000000240005a4                sqrt1_6
 .data.sqrt1_2  0x00000000240005a8        0x4 Core/Src/FOC.o
                0x00000000240005a8                sqrt1_2
 .data.debug_offset
                0x00000000240005ac        0x4 Core/Src/main.o
                0x00000000240005ac                debug_offset
 .data.SystemCoreClock
                0x00000000240005b0        0x4 Core/Src/system_stm32h7xx.o
                0x00000000240005b0                SystemCoreClock
 .data.SystemD2Clock
                0x00000000240005b4        0x4 Core/Src/system_stm32h7xx.o
                0x00000000240005b4                SystemD2Clock
 .data.uwTickPrio
                0x00000000240005b8        0x4 Drivers/STM32H7xx_HAL_Driver/Src/stm32h7xx_hal.o
                0x00000000240005b8                uwTickPrio
 .data.uwTickFreq
                0x00000000240005bc        0x1 Drivers/STM32H7xx_HAL_Driver/Src/stm32h7xx_hal.o
                0x00000000240005bc                uwTickFreq
                0x00000000240005c0                . = ALIGN (0x4)
 *fill*         0x00000000240005bd        0x3 
                0x00000000240005c0                _edata = .

.igot.plt       0x00000000240005c0        0x0 load address 0x000000000800dc08
 .igot.plt      0x00000000240005c0        0x0 c:/st/stm32cubeide_1.3.0/stm32cubeide/plugins/com.st.stm32cube.ide.mcu.externaltools.gnu-tools-for-stm32.9-2020-q2-update.win32_1.5.0.202011040924/tools/bin/../lib/gcc/arm-none-eabi/9.3.1/thumb/v7e-m+dp/hard/crtbegin.o
                0x00000000240005c0                . = ALIGN (0x4)

.bss            0x00000000240005c0      0x748 load address 0x000000000800dc08
                0x00000000240005c0                _sbss = .
                0x00000000240005c0                __bss_start__ = _sbss
 *(.bss)
 .bss           0x00000000240005c0       0x1c c:/st/stm32cubeide_1.3.0/stm32cubeide/plugins/com.st.stm32cube.ide.mcu.externaltools.gnu-tools-for-stm32.9-2020-q2-update.win32_1.5.0.202011040924/tools/bin/../lib/gcc/arm-none-eabi/9.3.1/thumb/v7e-m+dp/hard/crtbegin.o
 *(.bss*)
 .bss.hadc1     0x00000000240005dc       0x70 Core/Src/main.o
                0x00000000240005dc                hadc1
 .bss.hadc2     0x000000002400064c       0x70 Core/Src/main.o
                0x000000002400064c                hadc2
 .bss.hadc3     0x00000000240006bc       0x70 Core/Src/main.o
                0x00000000240006bc                hadc3
 .bss.hcordic   0x000000002400072c       0x28 Core/Src/main.o
                0x000000002400072c                hcordic
 .bss.hdfsdm1_filter0
                0x0000000024000754       0x54 Core/Src/main.o
                0x0000000024000754                hdfsdm1_filter0
 .bss.hdfsdm1_filter1
                0x00000000240007a8       0x54 Core/Src/main.o
                0x00000000240007a8                hdfsdm1_filter1
 .bss.hdfsdm1_channel1
                0x00000000240007fc       0x38 Core/Src/main.o
                0x00000000240007fc                hdfsdm1_channel1
 .bss.hdfsdm1_channel5
                0x0000000024000834       0x38 Core/Src/main.o
                0x0000000024000834                hdfsdm1_channel5
 .bss.hdfsdm1_channel6
                0x000000002400086c       0x38 Core/Src/main.o
                0x000000002400086c                hdfsdm1_channel6
 .bss.hfdcan1   0x00000000240008a4       0xa0 Core/Src/main.o
                0x00000000240008a4                hfdcan1
 .bss.hfmac     0x0000000024000944       0x38 Core/Src/main.o
                0x0000000024000944                hfmac
 .bss.hi2c3     0x000000002400097c       0x4c Core/Src/main.o
                0x000000002400097c                hi2c3
 .bss.hspi2     0x00000000240009c8       0x88 Core/Src/main.o
                0x00000000240009c8                hspi2
 .bss.htim1     0x0000000024000a50       0x4c Core/Src/main.o
                0x0000000024000a50                htim1
 .bss.htim3     0x0000000024000a9c       0x4c Core/Src/main.o
                0x0000000024000a9c                htim3
 .bss.htim4     0x0000000024000ae8       0x4c Core/Src/main.o
                0x0000000024000ae8                htim4
 .bss.huart1    0x0000000024000b34       0x90 Core/Src/main.o
                0x0000000024000b34                huart1
 .bss.huart2    0x0000000024000bc4       0x90 Core/Src/main.o
                0x0000000024000bc4                huart2
 .bss.pwm_flag  0x0000000024000c54        0x4 Core/Src/main.o
                0x0000000024000c54                pwm_flag
 .bss.debug_angle
                0x0000000024000c58        0x4 Core/Src/main.o
                0x0000000024000c58                debug_angle
 .bss.debug_DC_Bus
                0x0000000024000c5c        0x4 Core/Src/main.o
                0x0000000024000c5c                debug_DC_Bus
 .bss.debug_Current_A
                0x0000000024000c60        0x4 Core/Src/main.o
                0x0000000024000c60                debug_Current_A
 .bss.debug_Current_C
                0x0000000024000c64        0x4 Core/Src/main.o
                0x0000000024000c64                debug_Current_C
 .bss.debug_vq  0x0000000024000c68        0x4 Core/Src/main.o
                0x0000000024000c68                debug_vq
 .bss.debug_speed
                0x0000000024000c6c        0x4 Core/Src/main.o
                0x0000000024000c6c                debug_speed
 .bss.debug_time_started
                0x0000000024000c70        0x4 Core/Src/main.o
                0x0000000024000c70                debug_time_started
 .bss.debug_time_ended
                0x0000000024000c74        0x4 Core/Src/main.o
                0x0000000024000c74                debug_time_ended
 .bss.debug_waitstart
                0x0000000024000c78        0x4 Core/Src/main.o
                0x0000000024000c78                debug_waitstart
 .bss.debug_IQ  0x0000000024000c7c        0x4 Core/Src/main.o
                0x0000000024000c7c                debug_IQ
 .bss.debug_ID  0x0000000024000c80        0x4 Core/Src/main.o
                0x0000000024000c80                debug_ID
 .bss.debug_target_iq
                0x0000000024000c84        0x4 Core/Src/main.o
                0x0000000024000c84                debug_target_iq
 .bss.HAL_RCC_ADC12_CLK_ENABLED
                0x0000000024000c88        0x4 Core/Src/stm32h7xx_hal_msp.o
 .bss.HAL_RCC_DFSDM1_CLK_ENABLED
                0x0000000024000c8c        0x4 Core/Src/stm32h7xx_hal_msp.o
 .bss.DFSDM1_Init
                0x0000000024000c90        0x4 Core/Src/stm32h7xx_hal_msp.o
 .bss.v_dfsdm1ChannelCounter
                0x0000000024000c94        0x4 Drivers/STM32H7xx_HAL_Driver/Src/stm32h7xx_hal_dfsdm.o
 .bss.a_dfsdm1ChannelHandle
                0x0000000024000c98       0x20 Drivers/STM32H7xx_HAL_Driver/Src/stm32h7xx_hal_dfsdm.o
 *(COMMON)
 COMMON         0x0000000024000cb8       0x4c Core/Src/stm32h7xx_hal_timebase_tim.o
                0x0000000024000cb8                htim2
 COMMON         0x0000000024000d04        0x4 Drivers/STM32H7xx_HAL_Driver/Src/stm32h7xx_hal.o
                0x0000000024000d04                uwTick
                0x0000000024000d08                . = ALIGN (0x4)
                0x0000000024000d08                _ebss = .
                0x0000000024000d08                __bss_end__ = _ebss

._user_heap_stack
                0x0000000024000d08      0x600 load address 0x000000000800dc08
                0x0000000024000d08                . = ALIGN (0x8)
                [!provide]                        PROVIDE (end = .)
                0x0000000024000d08                PROVIDE (_end = .)
                0x0000000024000f08                . = (. + _Min_Heap_Size)
 *fill*         0x0000000024000d08      0x200 
                0x0000000024001308                . = (. + _Min_Stack_Size)
 *fill*         0x0000000024000f08      0x400 
                0x0000000024001308                . = ALIGN (0x8)

/DISCARD/
 libc.a(*)
 libm.a(*)
 libgcc.a(*)

.ARM.attributes
                0x0000000000000000       0x2e
 *(.ARM.attributes)
 .ARM.attributes
                0x0000000000000000       0x1e c:/st/stm32cubeide_1.3.0/stm32cubeide/plugins/com.st.stm32cube.ide.mcu.externaltools.gnu-tools-for-stm32.9-2020-q2-update.win32_1.5.0.202011040924/tools/bin/../lib/gcc/arm-none-eabi/9.3.1/thumb/v7e-m+dp/hard/crti.o
 .ARM.attributes
                0x000000000000001e       0x32 c:/st/stm32cubeide_1.3.0/stm32cubeide/plugins/com.st.stm32cube.ide.mcu.externaltools.gnu-tools-for-stm32.9-2020-q2-update.win32_1.5.0.202011040924/tools/bin/../lib/gcc/arm-none-eabi/9.3.1/thumb/v7e-m+dp/hard/crtbegin.o
 .ARM.attributes
                0x0000000000000050       0x32 Core/Src/FOC.o
 .ARM.attributes
                0x0000000000000082       0x32 Core/Src/PI_controller.o
 .ARM.attributes
                0x00000000000000b4       0x32 Core/Src/main.o
 .ARM.attributes
                0x00000000000000e6       0x32 Core/Src/stm32h7xx_hal_msp.o
 .ARM.attributes
                0x0000000000000118       0x32 Core/Src/stm32h7xx_hal_timebase_tim.o
 .ARM.attributes
                0x000000000000014a       0x32 Core/Src/stm32h7xx_it.o
 .ARM.attributes
                0x000000000000017c       0x32 Core/Src/system_stm32h7xx.o
 .ARM.attributes
                0x00000000000001ae       0x21 Core/Startup/startup_stm32h730vbtx.o
 .ARM.attributes
                0x00000000000001cf       0x32 Drivers/STM32H7xx_HAL_Driver/Src/stm32h7xx_hal.o
 .ARM.attributes
                0x0000000000000201       0x32 Drivers/STM32H7xx_HAL_Driver/Src/stm32h7xx_hal_adc.o
 .ARM.attributes
                0x0000000000000233       0x32 Drivers/STM32H7xx_HAL_Driver/Src/stm32h7xx_hal_adc_ex.o
 .ARM.attributes
                0x0000000000000265       0x32 Drivers/STM32H7xx_HAL_Driver/Src/stm32h7xx_hal_cordic.o
 .ARM.attributes
                0x0000000000000297       0x32 Drivers/STM32H7xx_HAL_Driver/Src/stm32h7xx_hal_cortex.o
 .ARM.attributes
                0x00000000000002c9       0x32 Drivers/STM32H7xx_HAL_Driver/Src/stm32h7xx_hal_dfsdm.o
 .ARM.attributes
                0x00000000000002fb       0x32 Drivers/STM32H7xx_HAL_Driver/Src/stm32h7xx_hal_dma.o
 .ARM.attributes
                0x000000000000032d       0x32 Drivers/STM32H7xx_HAL_Driver/Src/stm32h7xx_hal_fdcan.o
 .ARM.attributes
                0x000000000000035f       0x32 Drivers/STM32H7xx_HAL_Driver/Src/stm32h7xx_hal_fmac.o
 .ARM.attributes
                0x0000000000000391       0x32 Drivers/STM32H7xx_HAL_Driver/Src/stm32h7xx_hal_gpio.o
 .ARM.attributes
                0x00000000000003c3       0x32 Drivers/STM32H7xx_HAL_Driver/Src/stm32h7xx_hal_i2c.o
 .ARM.attributes
                0x00000000000003f5       0x32 Drivers/STM32H7xx_HAL_Driver/Src/stm32h7xx_hal_i2c_ex.o
 .ARM.attributes
                0x0000000000000427       0x32 Drivers/STM32H7xx_HAL_Driver/Src/stm32h7xx_hal_pwr_ex.o
 .ARM.attributes
                0x0000000000000459       0x32 Drivers/STM32H7xx_HAL_Driver/Src/stm32h7xx_hal_rcc.o
 .ARM.attributes
                0x000000000000048b       0x32 Drivers/STM32H7xx_HAL_Driver/Src/stm32h7xx_hal_rcc_ex.o
 .ARM.attributes
                0x00000000000004bd       0x32 Drivers/STM32H7xx_HAL_Driver/Src/stm32h7xx_hal_spi.o
 .ARM.attributes
                0x00000000000004ef       0x32 Drivers/STM32H7xx_HAL_Driver/Src/stm32h7xx_hal_tim.o
 .ARM.attributes
                0x0000000000000521       0x32 Drivers/STM32H7xx_HAL_Driver/Src/stm32h7xx_hal_tim_ex.o
 .ARM.attributes
                0x0000000000000553       0x32 Drivers/STM32H7xx_HAL_Driver/Src/stm32h7xx_hal_uart.o
 .ARM.attributes
                0x0000000000000585       0x32 Drivers/STM32H7xx_HAL_Driver/Src/stm32h7xx_hal_uart_ex.o
 .ARM.attributes
                0x00000000000005b7       0x32 c:/st/stm32cubeide_1.3.0/stm32cubeide/plugins/com.st.stm32cube.ide.mcu.externaltools.gnu-tools-for-stm32.9-2020-q2-update.win32_1.5.0.202011040924/tools/bin/../lib/gcc/arm-none-eabi/9.3.1/../../../../arm-none-eabi/lib/thumb/v7e-m+dp/hard\libc_nano.a(lib_a-init.o)
 .ARM.attributes
                0x00000000000005e9       0x32 c:/st/stm32cubeide_1.3.0/stm32cubeide/plugins/com.st.stm32cube.ide.mcu.externaltools.gnu-tools-for-stm32.9-2020-q2-update.win32_1.5.0.202011040924/tools/bin/../lib/gcc/arm-none-eabi/9.3.1/../../../../arm-none-eabi/lib/thumb/v7e-m+dp/hard\libc_nano.a(lib_a-memcpy-stub.o)
 .ARM.attributes
                0x000000000000061b       0x32 c:/st/stm32cubeide_1.3.0/stm32cubeide/plugins/com.st.stm32cube.ide.mcu.externaltools.gnu-tools-for-stm32.9-2020-q2-update.win32_1.5.0.202011040924/tools/bin/../lib/gcc/arm-none-eabi/9.3.1/../../../../arm-none-eabi/lib/thumb/v7e-m+dp/hard\libc_nano.a(lib_a-memset.o)
 .ARM.attributes
                0x000000000000064d       0x1e c:/st/stm32cubeide_1.3.0/stm32cubeide/plugins/com.st.stm32cube.ide.mcu.externaltools.gnu-tools-for-stm32.9-2020-q2-update.win32_1.5.0.202011040924/tools/bin/../lib/gcc/arm-none-eabi/9.3.1/thumb/v7e-m+dp/hard\libgcc.a(_aeabi_uldivmod.o)
 .ARM.attributes
                0x000000000000066b       0x32 c:/st/stm32cubeide_1.3.0/stm32cubeide/plugins/com.st.stm32cube.ide.mcu.externaltools.gnu-tools-for-stm32.9-2020-q2-update.win32_1.5.0.202011040924/tools/bin/../lib/gcc/arm-none-eabi/9.3.1/thumb/v7e-m+dp/hard\libgcc.a(_udivmoddi4.o)
 .ARM.attributes
                0x000000000000069d       0x1e c:/st/stm32cubeide_1.3.0/stm32cubeide/plugins/com.st.stm32cube.ide.mcu.externaltools.gnu-tools-for-stm32.9-2020-q2-update.win32_1.5.0.202011040924/tools/bin/../lib/gcc/arm-none-eabi/9.3.1/thumb/v7e-m+dp/hard\libgcc.a(_dvmd_tls.o)
 .ARM.attributes
                0x00000000000006bb       0x1e c:/st/stm32cubeide_1.3.0/stm32cubeide/plugins/com.st.stm32cube.ide.mcu.externaltools.gnu-tools-for-stm32.9-2020-q2-update.win32_1.5.0.202011040924/tools/bin/../lib/gcc/arm-none-eabi/9.3.1/thumb/v7e-m+dp/hard/crtn.o
OUTPUT(Controller_Sensored_cpp.elf elf32-littlearm)
LOAD linker stubs
LOAD c:/st/stm32cubeide_1.3.0/stm32cubeide/plugins/com.st.stm32cube.ide.mcu.externaltools.gnu-tools-for-stm32.9-2020-q2-update.win32_1.5.0.202011040924/tools/bin/../lib/gcc/arm-none-eabi/9.3.1/../../../../arm-none-eabi/lib/thumb/v7e-m+dp/hard\libc.a
LOAD c:/st/stm32cubeide_1.3.0/stm32cubeide/plugins/com.st.stm32cube.ide.mcu.externaltools.gnu-tools-for-stm32.9-2020-q2-update.win32_1.5.0.202011040924/tools/bin/../lib/gcc/arm-none-eabi/9.3.1/../../../../arm-none-eabi/lib/thumb/v7e-m+dp/hard\libm.a
LOAD c:/st/stm32cubeide_1.3.0/stm32cubeide/plugins/com.st.stm32cube.ide.mcu.externaltools.gnu-tools-for-stm32.9-2020-q2-update.win32_1.5.0.202011040924/tools/bin/../lib/gcc/arm-none-eabi/9.3.1/thumb/v7e-m+dp/hard\libgcc.a

.debug_info     0x0000000000000000    0x3fc6b
 .debug_info    0x0000000000000000     0x2ccc Core/Src/FOC.o
 .debug_info    0x0000000000002ccc     0x2e16 Core/Src/PI_controller.o
 .debug_info    0x0000000000005ae2     0x6c8d Core/Src/main.o
 .debug_info    0x000000000000c76f     0x43ca Core/Src/stm32h7xx_hal_msp.o
 .debug_info    0x0000000000010b39     0x1afe Core/Src/stm32h7xx_hal_timebase_tim.o
 .debug_info    0x0000000000012637     0x17cb Core/Src/stm32h7xx_it.o
 .debug_info    0x0000000000013e02     0x15c5 Core/Src/system_stm32h7xx.o
 .debug_info    0x00000000000153c7       0x22 Core/Startup/startup_stm32h730vbtx.o
 .debug_info    0x00000000000153e9     0x211e Drivers/STM32H7xx_HAL_Driver/Src/stm32h7xx_hal.o
 .debug_info    0x0000000000017507     0x2f19 Drivers/STM32H7xx_HAL_Driver/Src/stm32h7xx_hal_adc.o
 .debug_info    0x000000000001a420     0x2efc Drivers/STM32H7xx_HAL_Driver/Src/stm32h7xx_hal_adc_ex.o
 .debug_info    0x000000000001d31c     0x159d Drivers/STM32H7xx_HAL_Driver/Src/stm32h7xx_hal_cordic.o
 .debug_info    0x000000000001e8b9     0x1c19 Drivers/STM32H7xx_HAL_Driver/Src/stm32h7xx_hal_cortex.o
 .debug_info    0x00000000000204d2     0x281e Drivers/STM32H7xx_HAL_Driver/Src/stm32h7xx_hal_dfsdm.o
 .debug_info    0x0000000000022cf0     0x167d Drivers/STM32H7xx_HAL_Driver/Src/stm32h7xx_hal_dma.o
 .debug_info    0x000000000002436d     0x37a7 Drivers/STM32H7xx_HAL_Driver/Src/stm32h7xx_hal_fdcan.o
 .debug_info    0x0000000000027b14     0x1c64 Drivers/STM32H7xx_HAL_Driver/Src/stm32h7xx_hal_fmac.o
 .debug_info    0x0000000000029778     0x17f5 Drivers/STM32H7xx_HAL_Driver/Src/stm32h7xx_hal_gpio.o
 .debug_info    0x000000000002af6d     0x2d48 Drivers/STM32H7xx_HAL_Driver/Src/stm32h7xx_hal_i2c.o
 .debug_info    0x000000000002dcb5     0x18c5 Drivers/STM32H7xx_HAL_Driver/Src/stm32h7xx_hal_i2c_ex.o
 .debug_info    0x000000000002f57a     0x1919 Drivers/STM32H7xx_HAL_Driver/Src/stm32h7xx_hal_pwr_ex.o
 .debug_info    0x0000000000030e93     0x185e Drivers/STM32H7xx_HAL_Driver/Src/stm32h7xx_hal_rcc.o
 .debug_info    0x00000000000326f1     0x1ce6 Drivers/STM32H7xx_HAL_Driver/Src/stm32h7xx_hal_rcc_ex.o
 .debug_info    0x00000000000343d7     0x1fc7 Drivers/STM32H7xx_HAL_Driver/Src/stm32h7xx_hal_spi.o
 .debug_info    0x000000000003639e     0x3639 Drivers/STM32H7xx_HAL_Driver/Src/stm32h7xx_hal_tim.o
 .debug_info    0x00000000000399d7     0x21cf Drivers/STM32H7xx_HAL_Driver/Src/stm32h7xx_hal_tim_ex.o
 .debug_info    0x000000000003bba6     0x2937 Drivers/STM32H7xx_HAL_Driver/Src/stm32h7xx_hal_uart.o
 .debug_info    0x000000000003e4dd     0x178e Drivers/STM32H7xx_HAL_Driver/Src/stm32h7xx_hal_uart_ex.o

.debug_abbrev   0x0000000000000000     0x537d
 .debug_abbrev  0x0000000000000000      0x39e Core/Src/FOC.o
 .debug_abbrev  0x000000000000039e      0x3f0 Core/Src/PI_controller.o
 .debug_abbrev  0x000000000000078e      0x512 Core/Src/main.o
 .debug_abbrev  0x0000000000000ca0      0x2df Core/Src/stm32h7xx_hal_msp.o
 .debug_abbrev  0x0000000000000f7f      0x271 Core/Src/stm32h7xx_hal_timebase_tim.o
 .debug_abbrev  0x00000000000011f0      0x22b Core/Src/stm32h7xx_it.o
 .debug_abbrev  0x000000000000141b      0x251 Core/Src/system_stm32h7xx.o
 .debug_abbrev  0x000000000000166c       0x12 Core/Startup/startup_stm32h730vbtx.o
 .debug_abbrev  0x000000000000167e      0x324 Drivers/STM32H7xx_HAL_Driver/Src/stm32h7xx_hal.o
 .debug_abbrev  0x00000000000019a2      0x34f Drivers/STM32H7xx_HAL_Driver/Src/stm32h7xx_hal_adc.o
 .debug_abbrev  0x0000000000001cf1      0x38a Drivers/STM32H7xx_HAL_Driver/Src/stm32h7xx_hal_adc_ex.o
 .debug_abbrev  0x000000000000207b      0x2c1 Drivers/STM32H7xx_HAL_Driver/Src/stm32h7xx_hal_cordic.o
 .debug_abbrev  0x000000000000233c      0x409 Drivers/STM32H7xx_HAL_Driver/Src/stm32h7xx_hal_cortex.o
 .debug_abbrev  0x0000000000002745      0x2f1 Drivers/STM32H7xx_HAL_Driver/Src/stm32h7xx_hal_dfsdm.o
 .debug_abbrev  0x0000000000002a36      0x2c1 Drivers/STM32H7xx_HAL_Driver/Src/stm32h7xx_hal_dma.o
 .debug_abbrev  0x0000000000002cf7      0x343 Drivers/STM32H7xx_HAL_Driver/Src/stm32h7xx_hal_fdcan.o
 .debug_abbrev  0x000000000000303a      0x2cc Drivers/STM32H7xx_HAL_Driver/Src/stm32h7xx_hal_fmac.o
 .debug_abbrev  0x0000000000003306      0x2cb Drivers/STM32H7xx_HAL_Driver/Src/stm32h7xx_hal_gpio.o
 .debug_abbrev  0x00000000000035d1      0x2e6 Drivers/STM32H7xx_HAL_Driver/Src/stm32h7xx_hal_i2c.o
 .debug_abbrev  0x00000000000038b7      0x29e Drivers/STM32H7xx_HAL_Driver/Src/stm32h7xx_hal_i2c_ex.o
 .debug_abbrev  0x0000000000003b55      0x33f Drivers/STM32H7xx_HAL_Driver/Src/stm32h7xx_hal_pwr_ex.o
 .debug_abbrev  0x0000000000003e94      0x311 Drivers/STM32H7xx_HAL_Driver/Src/stm32h7xx_hal_rcc.o
 .debug_abbrev  0x00000000000041a5      0x31d Drivers/STM32H7xx_HAL_Driver/Src/stm32h7xx_hal_rcc_ex.o
 .debug_abbrev  0x00000000000044c2      0x313 Drivers/STM32H7xx_HAL_Driver/Src/stm32h7xx_hal_spi.o
 .debug_abbrev  0x00000000000047d5      0x2f9 Drivers/STM32H7xx_HAL_Driver/Src/stm32h7xx_hal_tim.o
 .debug_abbrev  0x0000000000004ace      0x301 Drivers/STM32H7xx_HAL_Driver/Src/stm32h7xx_hal_tim_ex.o
 .debug_abbrev  0x0000000000004dcf      0x309 Drivers/STM32H7xx_HAL_Driver/Src/stm32h7xx_hal_uart.o
 .debug_abbrev  0x00000000000050d8      0x2a5 Drivers/STM32H7xx_HAL_Driver/Src/stm32h7xx_hal_uart_ex.o

.debug_aranges  0x0000000000000000     0x2268
 .debug_aranges
                0x0000000000000000       0x30 Core/Src/FOC.o
 .debug_aranges
                0x0000000000000030       0x48 Core/Src/PI_controller.o
 .debug_aranges
                0x0000000000000078       0xb8 Core/Src/main.o
 .debug_aranges
                0x0000000000000130       0xd8 Core/Src/stm32h7xx_hal_msp.o
 .debug_aranges
                0x0000000000000208       0x30 Core/Src/stm32h7xx_hal_timebase_tim.o
 .debug_aranges
                0x0000000000000238       0x88 Core/Src/stm32h7xx_it.o
 .debug_aranges
                0x00000000000002c0       0x28 Core/Src/system_stm32h7xx.o
 .debug_aranges
                0x00000000000002e8       0x28 Core/Startup/startup_stm32h730vbtx.o
 .debug_aranges
                0x0000000000000310      0x1c8 Drivers/STM32H7xx_HAL_Driver/Src/stm32h7xx_hal.o
 .debug_aranges
                0x00000000000004d8      0x260 Drivers/STM32H7xx_HAL_Driver/Src/stm32h7xx_hal_adc.o
 .debug_aranges
                0x0000000000000738      0x1f0 Drivers/STM32H7xx_HAL_Driver/Src/stm32h7xx_hal_adc_ex.o
 .debug_aranges
                0x0000000000000928       0xb0 Drivers/STM32H7xx_HAL_Driver/Src/stm32h7xx_hal_cordic.o
 .debug_aranges
                0x00000000000009d8      0x120 Drivers/STM32H7xx_HAL_Driver/Src/stm32h7xx_hal_cortex.o
 .debug_aranges
                0x0000000000000af8      0x248 Drivers/STM32H7xx_HAL_Driver/Src/stm32h7xx_hal_dfsdm.o
 .debug_aranges
                0x0000000000000d40       0xa0 Drivers/STM32H7xx_HAL_Driver/Src/stm32h7xx_hal_dma.o
 .debug_aranges
                0x0000000000000de0      0x338 Drivers/STM32H7xx_HAL_Driver/Src/stm32h7xx_hal_fdcan.o
 .debug_aranges
                0x0000000000001118      0x168 Drivers/STM32H7xx_HAL_Driver/Src/stm32h7xx_hal_fmac.o
 .debug_aranges
                0x0000000000001280       0x58 Drivers/STM32H7xx_HAL_Driver/Src/stm32h7xx_hal_gpio.o
 .debug_aranges
                0x00000000000012d8      0x290 Drivers/STM32H7xx_HAL_Driver/Src/stm32h7xx_hal_i2c.o
 .debug_aranges
                0x0000000000001568       0x48 Drivers/STM32H7xx_HAL_Driver/Src/stm32h7xx_hal_i2c_ex.o
 .debug_aranges
                0x00000000000015b0      0x148 Drivers/STM32H7xx_HAL_Driver/Src/stm32h7xx_hal_pwr_ex.o
 .debug_aranges
                0x00000000000016f8       0x88 Drivers/STM32H7xx_HAL_Driver/Src/stm32h7xx_hal_rcc.o
 .debug_aranges
                0x0000000000001780       0xf8 Drivers/STM32H7xx_HAL_Driver/Src/stm32h7xx_hal_rcc_ex.o
 .debug_aranges
                0x0000000000001878      0x1a0 Drivers/STM32H7xx_HAL_Driver/Src/stm32h7xx_hal_spi.o
 .debug_aranges
                0x0000000000001a18      0x3e0 Drivers/STM32H7xx_HAL_Driver/Src/stm32h7xx_hal_tim.o
 .debug_aranges
                0x0000000000001df8      0x188 Drivers/STM32H7xx_HAL_Driver/Src/stm32h7xx_hal_tim_ex.o
 .debug_aranges
                0x0000000000001f80      0x248 Drivers/STM32H7xx_HAL_Driver/Src/stm32h7xx_hal_uart.o
 .debug_aranges
                0x00000000000021c8       0xa0 Drivers/STM32H7xx_HAL_Driver/Src/stm32h7xx_hal_uart_ex.o

.debug_ranges   0x0000000000000000     0x20e0
 .debug_ranges  0x0000000000000000       0x20 Core/Src/FOC.o
 .debug_ranges  0x0000000000000020       0x38 Core/Src/PI_controller.o
 .debug_ranges  0x0000000000000058       0xa8 Core/Src/main.o
 .debug_ranges  0x0000000000000100       0xc8 Core/Src/stm32h7xx_hal_msp.o
 .debug_ranges  0x00000000000001c8       0x20 Core/Src/stm32h7xx_hal_timebase_tim.o
 .debug_ranges  0x00000000000001e8       0x78 Core/Src/stm32h7xx_it.o
 .debug_ranges  0x0000000000000260       0x18 Core/Src/system_stm32h7xx.o
 .debug_ranges  0x0000000000000278       0x20 Core/Startup/startup_stm32h730vbtx.o
 .debug_ranges  0x0000000000000298      0x1b8 Drivers/STM32H7xx_HAL_Driver/Src/stm32h7xx_hal.o
 .debug_ranges  0x0000000000000450      0x250 Drivers/STM32H7xx_HAL_Driver/Src/stm32h7xx_hal_adc.o
 .debug_ranges  0x00000000000006a0      0x1e0 Drivers/STM32H7xx_HAL_Driver/Src/stm32h7xx_hal_adc_ex.o
 .debug_ranges  0x0000000000000880       0xa0 Drivers/STM32H7xx_HAL_Driver/Src/stm32h7xx_hal_cordic.o
 .debug_ranges  0x0000000000000920      0x110 Drivers/STM32H7xx_HAL_Driver/Src/stm32h7xx_hal_cortex.o
 .debug_ranges  0x0000000000000a30      0x238 Drivers/STM32H7xx_HAL_Driver/Src/stm32h7xx_hal_dfsdm.o
 .debug_ranges  0x0000000000000c68       0x90 Drivers/STM32H7xx_HAL_Driver/Src/stm32h7xx_hal_dma.o
 .debug_ranges  0x0000000000000cf8      0x328 Drivers/STM32H7xx_HAL_Driver/Src/stm32h7xx_hal_fdcan.o
 .debug_ranges  0x0000000000001020      0x158 Drivers/STM32H7xx_HAL_Driver/Src/stm32h7xx_hal_fmac.o
 .debug_ranges  0x0000000000001178       0x48 Drivers/STM32H7xx_HAL_Driver/Src/stm32h7xx_hal_gpio.o
 .debug_ranges  0x00000000000011c0      0x280 Drivers/STM32H7xx_HAL_Driver/Src/stm32h7xx_hal_i2c.o
 .debug_ranges  0x0000000000001440       0x38 Drivers/STM32H7xx_HAL_Driver/Src/stm32h7xx_hal_i2c_ex.o
 .debug_ranges  0x0000000000001478      0x138 Drivers/STM32H7xx_HAL_Driver/Src/stm32h7xx_hal_pwr_ex.o
 .debug_ranges  0x00000000000015b0       0x78 Drivers/STM32H7xx_HAL_Driver/Src/stm32h7xx_hal_rcc.o
 .debug_ranges  0x0000000000001628       0xe8 Drivers/STM32H7xx_HAL_Driver/Src/stm32h7xx_hal_rcc_ex.o
 .debug_ranges  0x0000000000001710      0x190 Drivers/STM32H7xx_HAL_Driver/Src/stm32h7xx_hal_spi.o
 .debug_ranges  0x00000000000018a0      0x3d0 Drivers/STM32H7xx_HAL_Driver/Src/stm32h7xx_hal_tim.o
 .debug_ranges  0x0000000000001c70      0x178 Drivers/STM32H7xx_HAL_Driver/Src/stm32h7xx_hal_tim_ex.o
 .debug_ranges  0x0000000000001de8      0x268 Drivers/STM32H7xx_HAL_Driver/Src/stm32h7xx_hal_uart.o
 .debug_ranges  0x0000000000002050       0x90 Drivers/STM32H7xx_HAL_Driver/Src/stm32h7xx_hal_uart_ex.o

.debug_macro    0x0000000000000000     0x7d3b
 .debug_macro   0x0000000000000000      0x3b3 Core/Src/FOC.o
 .debug_macro   0x00000000000003b3      0x3b3 Core/Src/PI_controller.o
 .debug_macro   0x0000000000000766      0x405 Core/Src/main.o
 .debug_macro   0x0000000000000b6b      0x317 Core/Src/stm32h7xx_hal_msp.o
 .debug_macro   0x0000000000000e82      0xac0 Core/Src/stm32h7xx_hal_msp.o
 .debug_macro   0x0000000000001942     0x1305 Core/Src/stm32h7xx_hal_msp.o
 .debug_macro   0x0000000000002c47      0x174 Core/Src/stm32h7xx_hal_msp.o
 .debug_macro   0x0000000000002dbb       0x34 Core/Src/stm32h7xx_hal_msp.o
 .debug_macro   0x0000000000002def       0x43 Core/Src/stm32h7xx_hal_msp.o
 .debug_macro   0x0000000000002e32       0x1c Core/Src/stm32h7xx_hal_msp.o
 .debug_macro   0x0000000000002e4e      0x333 Core/Src/stm32h7xx_hal_msp.o
 .debug_macro   0x0000000000003181      0x1a9 Core/Src/stm32h7xx_hal_msp.o
 .debug_macro   0x000000000000332a      0x30d Core/Src/stm32h7xx_hal_timebase_tim.o
 .debug_macro   0x0000000000003637      0x321 Core/Src/stm32h7xx_it.o
 .debug_macro   0x0000000000003958      0x313 Core/Src/system_stm32h7xx.o
 .debug_macro   0x0000000000003c6b      0x337 Drivers/STM32H7xx_HAL_Driver/Src/stm32h7xx_hal.o
 .debug_macro   0x0000000000003fa2      0x338 Drivers/STM32H7xx_HAL_Driver/Src/stm32h7xx_hal_adc.o
 .debug_macro   0x00000000000042da      0x319 Drivers/STM32H7xx_HAL_Driver/Src/stm32h7xx_hal_adc_ex.o
 .debug_macro   0x00000000000045f3      0x30e Drivers/STM32H7xx_HAL_Driver/Src/stm32h7xx_hal_cordic.o
 .debug_macro   0x0000000000004901      0x30d Drivers/STM32H7xx_HAL_Driver/Src/stm32h7xx_hal_cortex.o
 .debug_macro   0x0000000000004c0e      0x331 Drivers/STM32H7xx_HAL_Driver/Src/stm32h7xx_hal_dfsdm.o
 .debug_macro   0x0000000000004f3f      0x361 Drivers/STM32H7xx_HAL_Driver/Src/stm32h7xx_hal_dma.o
 .debug_macro   0x00000000000052a0      0x3d2 Drivers/STM32H7xx_HAL_Driver/Src/stm32h7xx_hal_fdcan.o
 .debug_macro   0x0000000000005672      0x377 Drivers/STM32H7xx_HAL_Driver/Src/stm32h7xx_hal_fmac.o
 .debug_macro   0x00000000000059e9      0x349 Drivers/STM32H7xx_HAL_Driver/Src/stm32h7xx_hal_gpio.o
 .debug_macro   0x0000000000005d32      0x3d2 Drivers/STM32H7xx_HAL_Driver/Src/stm32h7xx_hal_i2c.o
 .debug_macro   0x0000000000006104      0x30d Drivers/STM32H7xx_HAL_Driver/Src/stm32h7xx_hal_i2c_ex.o
 .debug_macro   0x0000000000006411      0x346 Drivers/STM32H7xx_HAL_Driver/Src/stm32h7xx_hal_pwr_ex.o
 .debug_macro   0x0000000000006757      0x331 Drivers/STM32H7xx_HAL_Driver/Src/stm32h7xx_hal_rcc.o
 .debug_macro   0x0000000000006a88      0x32b Drivers/STM32H7xx_HAL_Driver/Src/stm32h7xx_hal_rcc_ex.o
 .debug_macro   0x0000000000006db3      0x31c Drivers/STM32H7xx_HAL_Driver/Src/stm32h7xx_hal_spi.o
 .debug_macro   0x00000000000070cf      0x30e Drivers/STM32H7xx_HAL_Driver/Src/stm32h7xx_hal_tim.o
 .debug_macro   0x00000000000073dd      0x30d Drivers/STM32H7xx_HAL_Driver/Src/stm32h7xx_hal_tim_ex.o
 .debug_macro   0x00000000000076ea      0x338 Drivers/STM32H7xx_HAL_Driver/Src/stm32h7xx_hal_uart.o
 .debug_macro   0x0000000000007a22      0x319 Drivers/STM32H7xx_HAL_Driver/Src/stm32h7xx_hal_uart_ex.o

.debug_line     0x0000000000000000    0x2a416
 .debug_line    0x0000000000000000      0xddf Core/Src/FOC.o
 .debug_line    0x0000000000000ddf      0xe3c Core/Src/PI_controller.o
 .debug_line    0x0000000000001c1b     0x1787 Core/Src/main.o
 .debug_line    0x00000000000033a2      0xe58 Core/Src/stm32h7xx_hal_msp.o
 .debug_line    0x00000000000041fa      0x9a9 Core/Src/stm32h7xx_hal_timebase_tim.o
 .debug_line    0x0000000000004ba3      0xa6b Core/Src/stm32h7xx_it.o
 .debug_line    0x000000000000560e      0xacf Core/Src/system_stm32h7xx.o
 .debug_line    0x00000000000060dd       0x87 Core/Startup/startup_stm32h730vbtx.o
 .debug_line    0x0000000000006164      0xf74 Drivers/STM32H7xx_HAL_Driver/Src/stm32h7xx_hal.o
 .debug_line    0x00000000000070d8     0x281b Drivers/STM32H7xx_HAL_Driver/Src/stm32h7xx_hal_adc.o
 .debug_line    0x00000000000098f3     0x22aa Drivers/STM32H7xx_HAL_Driver/Src/stm32h7xx_hal_adc_ex.o
 .debug_line    0x000000000000bb9d      0xddf Drivers/STM32H7xx_HAL_Driver/Src/stm32h7xx_hal_cordic.o
 .debug_line    0x000000000000c97c      0xee9 Drivers/STM32H7xx_HAL_Driver/Src/stm32h7xx_hal_cortex.o
 .debug_line    0x000000000000d865     0x2124 Drivers/STM32H7xx_HAL_Driver/Src/stm32h7xx_hal_dfsdm.o
 .debug_line    0x000000000000f989     0x282a Drivers/STM32H7xx_HAL_Driver/Src/stm32h7xx_hal_dma.o
 .debug_line    0x00000000000121b3     0x282c Drivers/STM32H7xx_HAL_Driver/Src/stm32h7xx_hal_fdcan.o
 .debug_line    0x00000000000149df     0x1643 Drivers/STM32H7xx_HAL_Driver/Src/stm32h7xx_hal_fmac.o
 .debug_line    0x0000000000016022      0xd9a Drivers/STM32H7xx_HAL_Driver/Src/stm32h7xx_hal_gpio.o
 .debug_line    0x0000000000016dbc     0x3832 Drivers/STM32H7xx_HAL_Driver/Src/stm32h7xx_hal_i2c.o
 .debug_line    0x000000000001a5ee      0xb53 Drivers/STM32H7xx_HAL_Driver/Src/stm32h7xx_hal_i2c_ex.o
 .debug_line    0x000000000001b141      0xf58 Drivers/STM32H7xx_HAL_Driver/Src/stm32h7xx_hal_pwr_ex.o
 .debug_line    0x000000000001c099     0x1399 Drivers/STM32H7xx_HAL_Driver/Src/stm32h7xx_hal_rcc.o
 .debug_line    0x000000000001d432     0x1b22 Drivers/STM32H7xx_HAL_Driver/Src/stm32h7xx_hal_rcc_ex.o
 .debug_line    0x000000000001ef54     0x222f Drivers/STM32H7xx_HAL_Driver/Src/stm32h7xx_hal_spi.o
 .debug_line    0x0000000000021183     0x3f7c Drivers/STM32H7xx_HAL_Driver/Src/stm32h7xx_hal_tim.o
 .debug_line    0x00000000000250ff     0x1eb4 Drivers/STM32H7xx_HAL_Driver/Src/stm32h7xx_hal_tim_ex.o
 .debug_line    0x0000000000026fb3     0x2592 Drivers/STM32H7xx_HAL_Driver/Src/stm32h7xx_hal_uart.o
 .debug_line    0x0000000000029545      0xed1 Drivers/STM32H7xx_HAL_Driver/Src/stm32h7xx_hal_uart_ex.o

.debug_str      0x0000000000000000   0x17ddef
 .debug_str     0x0000000000000000   0x1704ac Core/Src/FOC.o
                                     0x170d91 (size before relaxing)
 .debug_str     0x00000000001704ac      0x1d6 Core/Src/PI_controller.o
                                     0x170df8 (size before relaxing)
 .debug_str     0x0000000000170682     0x29a6 Core/Src/main.o
                                     0x174100 (size before relaxing)
 .debug_str     0x0000000000173028      0xc9d Core/Src/stm32h7xx_hal_msp.o
                                     0x170d25 (size before relaxing)
 .debug_str     0x0000000000173cc5       0xa8 Core/Src/stm32h7xx_hal_timebase_tim.o
                                     0x16f27e (size before relaxing)
 .debug_str     0x0000000000173d6d       0xfd Core/Src/stm32h7xx_it.o
                                     0x16eb35 (size before relaxing)
 .debug_str     0x0000000000173e6a      0x187 Core/Src/system_stm32h7xx.o
                                     0x16e5cb (size before relaxing)
 .debug_str     0x0000000000173ff1       0x36 Core/Startup/startup_stm32h730vbtx.o
                                         0x80 (size before relaxing)
 .debug_str     0x0000000000174027      0x8bc Drivers/STM32H7xx_HAL_Driver/Src/stm32h7xx_hal.o
                                     0x16f579 (size before relaxing)
 .debug_str     0x00000000001748e3      0xbd1 Drivers/STM32H7xx_HAL_Driver/Src/stm32h7xx_hal_adc.o
                                     0x16f506 (size before relaxing)
 .debug_str     0x00000000001754b4      0x8ac Drivers/STM32H7xx_HAL_Driver/Src/stm32h7xx_hal_adc_ex.o
                                     0x16f4c1 (size before relaxing)
 .debug_str     0x0000000000175d60      0x273 Drivers/STM32H7xx_HAL_Driver/Src/stm32h7xx_hal_cordic.o
                                     0x16e7b7 (size before relaxing)
 .debug_str     0x0000000000175fd3      0x38c Drivers/STM32H7xx_HAL_Driver/Src/stm32h7xx_hal_cortex.o
                                     0x16ef60 (size before relaxing)
 .debug_str     0x000000000017635f      0x931 Drivers/STM32H7xx_HAL_Driver/Src/stm32h7xx_hal_dfsdm.o
                                     0x16f357 (size before relaxing)
 .debug_str     0x0000000000176c90      0x8e4 Drivers/STM32H7xx_HAL_Driver/Src/stm32h7xx_hal_dma.o
                                     0x16ed3f (size before relaxing)
 .debug_str     0x0000000000177574     0x1b8d Drivers/STM32H7xx_HAL_Driver/Src/stm32h7xx_hal_fdcan.o
                                     0x1702d4 (size before relaxing)
 .debug_str     0x0000000000179101      0xa82 Drivers/STM32H7xx_HAL_Driver/Src/stm32h7xx_hal_fmac.o
                                     0x16f0cb (size before relaxing)
 .debug_str     0x0000000000179b83      0x1e8 Drivers/STM32H7xx_HAL_Driver/Src/stm32h7xx_hal_gpio.o
                                     0x16e6fb (size before relaxing)
 .debug_str     0x0000000000179d6b      0xd32 Drivers/STM32H7xx_HAL_Driver/Src/stm32h7xx_hal_i2c.o
                                     0x16f593 (size before relaxing)
 .debug_str     0x000000000017aa9d       0xb8 Drivers/STM32H7xx_HAL_Driver/Src/stm32h7xx_hal_i2c_ex.o
                                     0x16ea36 (size before relaxing)
 .debug_str     0x000000000017ab55      0x5d3 Drivers/STM32H7xx_HAL_Driver/Src/stm32h7xx_hal_pwr_ex.o
                                     0x16ea10 (size before relaxing)
 .debug_str     0x000000000017b128      0x262 Drivers/STM32H7xx_HAL_Driver/Src/stm32h7xx_hal_rcc.o
                                     0x16e936 (size before relaxing)
 .debug_str     0x000000000017b38a      0x653 Drivers/STM32H7xx_HAL_Driver/Src/stm32h7xx_hal_rcc_ex.o
                                     0x16ee26 (size before relaxing)
 .debug_str     0x000000000017b9dd      0x514 Drivers/STM32H7xx_HAL_Driver/Src/stm32h7xx_hal_spi.o
                                     0x16ec78 (size before relaxing)
 .debug_str     0x000000000017bef1      0xd54 Drivers/STM32H7xx_HAL_Driver/Src/stm32h7xx_hal_tim.o
                                     0x16f6b7 (size before relaxing)