Archive member included to satisfy reference by file (symbol)

c:/st/stm32cubeide_1.3.0/stm32cubeide/plugins/com.st.stm32cube.ide.mcu.externaltools.gnu-tools-for-stm32.9-2020-q2-update.win32_1.5.0.202011040924/tools/bin/../lib/gcc/arm-none-eabi/9.3.1/../../../../arm-none-eabi/lib/thumb/v7e-m+dp/hard\libc_nano.a(lib_a-errno.o)
                              Core/Src/syscalls.o (__errno)
c:/st/stm32cubeide_1.3.0/stm32cubeide/plugins/com.st.stm32cube.ide.mcu.externaltools.gnu-tools-for-stm32.9-2020-q2-update.win32_1.5.0.202011040924/tools/bin/../lib/gcc/arm-none-eabi/9.3.1/../../../../arm-none-eabi/lib/thumb/v7e-m+dp/hard\libc_nano.a(lib_a-exit.o)
                              c:/st/stm32cubeide_1.3.0/stm32cubeide/plugins/com.st.stm32cube.ide.mcu.externaltools.gnu-tools-for-stm32.9-2020-q2-update.win32_1.5.0.202011040924/tools/bin/../lib/gcc/arm-none-eabi/9.3.1/../../../../arm-none-eabi/lib/thumb/v7e-m+dp/hard/crt0.o (exit)
c:/st/stm32cubeide_1.3.0/stm32cubeide/plugins/com.st.stm32cube.ide.mcu.externaltools.gnu-tools-for-stm32.9-2020-q2-update.win32_1.5.0.202011040924/tools/bin/../lib/gcc/arm-none-eabi/9.3.1/../../../../arm-none-eabi/lib/thumb/v7e-m+dp/hard\libc_nano.a(lib_a-impure.o)
                              c:/st/stm32cubeide_1.3.0/stm32cubeide/plugins/com.st.stm32cube.ide.mcu.externaltools.gnu-tools-for-stm32.9-2020-q2-update.win32_1.5.0.202011040924/tools/bin/../lib/gcc/arm-none-eabi/9.3.1/../../../../arm-none-eabi/lib/thumb/v7e-m+dp/hard\libc_nano.a(lib_a-exit.o) (_global_impure_ptr)
c:/st/stm32cubeide_1.3.0/stm32cubeide/plugins/com.st.stm32cube.ide.mcu.externaltools.gnu-tools-for-stm32.9-2020-q2-update.win32_1.5.0.202011040924/tools/bin/../lib/gcc/arm-none-eabi/9.3.1/../../../../arm-none-eabi/lib/thumb/v7e-m+dp/hard\libc_nano.a(lib_a-init.o)
                              c:/st/stm32cubeide_1.3.0/stm32cubeide/plugins/com.st.stm32cube.ide.mcu.externaltools.gnu-tools-for-stm32.9-2020-q2-update.win32_1.5.0.202011040924/tools/bin/../lib/gcc/arm-none-eabi/9.3.1/../../../../arm-none-eabi/lib/thumb/v7e-m+dp/hard/crt0.o (__libc_init_array)
c:/st/stm32cubeide_1.3.0/stm32cubeide/plugins/com.st.stm32cube.ide.mcu.externaltools.gnu-tools-for-stm32.9-2020-q2-update.win32_1.5.0.202011040924/tools/bin/../lib/gcc/arm-none-eabi/9.3.1/../../../../arm-none-eabi/lib/thumb/v7e-m+dp/hard\libc_nano.a(lib_a-memcpy-stub.o)
                              Drivers/STM32H7xx_HAL_Driver/Src/stm32h7xx_hal_fdcan.o (memcpy)
c:/st/stm32cubeide_1.3.0/stm32cubeide/plugins/com.st.stm32cube.ide.mcu.externaltools.gnu-tools-for-stm32.9-2020-q2-update.win32_1.5.0.202011040924/tools/bin/../lib/gcc/arm-none-eabi/9.3.1/../../../../arm-none-eabi/lib/thumb/v7e-m+dp/hard\libc_nano.a(lib_a-memset.o)
                              c:/st/stm32cubeide_1.3.0/stm32cubeide/plugins/com.st.stm32cube.ide.mcu.externaltools.gnu-tools-for-stm32.9-2020-q2-update.win32_1.5.0.202011040924/tools/bin/../lib/gcc/arm-none-eabi/9.3.1/../../../../arm-none-eabi/lib/thumb/v7e-m+dp/hard/crt0.o (memset)
c:/st/stm32cubeide_1.3.0/stm32cubeide/plugins/com.st.stm32cube.ide.mcu.externaltools.gnu-tools-for-stm32.9-2020-q2-update.win32_1.5.0.202011040924/tools/bin/../lib/gcc/arm-none-eabi/9.3.1/thumb/v7e-m+dp/hard\libgcc.a(_aeabi_uldivmod.o)
                              Drivers/STM32H7xx_HAL_Driver/Src/stm32h7xx_hal_uart.o (__aeabi_uldivmod)
c:/st/stm32cubeide_1.3.0/stm32cubeide/plugins/com.st.stm32cube.ide.mcu.externaltools.gnu-tools-for-stm32.9-2020-q2-update.win32_1.5.0.202011040924/tools/bin/../lib/gcc/arm-none-eabi/9.3.1/thumb/v7e-m+dp/hard\libgcc.a(_udivmoddi4.o)
                              c:/st/stm32cubeide_1.3.0/stm32cubeide/plugins/com.st.stm32cube.ide.mcu.externaltools.gnu-tools-for-stm32.9-2020-q2-update.win32_1.5.0.202011040924/tools/bin/../lib/gcc/arm-none-eabi/9.3.1/thumb/v7e-m+dp/hard\libgcc.a(_aeabi_uldivmod.o) (__udivmoddi4)
c:/st/stm32cubeide_1.3.0/stm32cubeide/plugins/com.st.stm32cube.ide.mcu.externaltools.gnu-tools-for-stm32.9-2020-q2-update.win32_1.5.0.202011040924/tools/bin/../lib/gcc/arm-none-eabi/9.3.1/thumb/v7e-m+dp/hard\libgcc.a(_dvmd_tls.o)
                              c:/st/stm32cubeide_1.3.0/stm32cubeide/plugins/com.st.stm32cube.ide.mcu.externaltools.gnu-tools-for-stm32.9-2020-q2-update.win32_1.5.0.202011040924/tools/bin/../lib/gcc/arm-none-eabi/9.3.1/thumb/v7e-m+dp/hard\libgcc.a(_aeabi_uldivmod.o) (__aeabi_ldiv0)

Allocating common symbols
Common symbol       size              file

uwTick              0x4               Drivers/STM32H7xx_HAL_Driver/Src/stm32h7xx_hal.o
pFlash              0x1c              Drivers/STM32H7xx_HAL_Driver/Src/stm32h7xx_hal_flash.o
htim2               0x4c              Core/Src/stm32h7xx_hal_timebase_tim.o

Discarded input sections

 .text          0x0000000000000000        0x0 c:/st/stm32cubeide_1.3.0/stm32cubeide/plugins/com.st.stm32cube.ide.mcu.externaltools.gnu-tools-for-stm32.9-2020-q2-update.win32_1.5.0.202011040924/tools/bin/../lib/gcc/arm-none-eabi/9.3.1/thumb/v7e-m+dp/hard/crti.o
[...]
Memory Configuration

Name             Origin             Length             Attributes
DTCMRAM          0x0000000020000000 0x0000000000020000 xrw
ITCMRAM          0x0000000000000000 0x0000000000010000 xrw
RAM_D1           0x0000000024000000 0x0000000000050000 xrw
RAM_D2           0x0000000030000000 0x0000000000008000 xrw
RAM_D3           0x0000000038000000 0x0000000000004000 xrw
FLASH            0x0000000008000000 0x0000000000020000 xr
*default*        0x0000000000000000 0xffffffffffffffff

Linker script and memory map

LOAD c:/st/stm32cubeide_1.3.0/stm32cubeide/plugins/com.st.stm32cube.ide.mcu.externaltools.gnu-tools-for-stm32.9-2020-q2-update.win32_1.5.0.202011040924/tools/bin/../lib/gcc/arm-none-eabi/9.3.1/thumb/v7e-m+dp/hard/crti.o
LOAD c:/st/stm32cubeide_1.3.0/stm32cubeide/plugins/com.st.stm32cube.ide.mcu.externaltools.gnu-tools-for-stm32.9-2020-q2-update.win32_1.5.0.202011040924/tools/bin/../lib/gcc/arm-none-eabi/9.3.1/thumb/v7e-m+dp/hard/crtbegin.o
LOAD c:/st/stm32cubeide_1.3.0/stm32cubeide/plugins/com.st.stm32cube.ide.mcu.externaltools.gnu-tools-for-stm32.9-2020-q2-update.win32_1.5.0.202011040924/tools/bin/../lib/gcc/arm-none-eabi/9.3.1/../../../../arm-none-eabi/lib/thumb/v7e-m+dp/hard/crt0.o
LOAD Core/Src/FOC.o
LOAD Core/Src/PI_controller.o
LOAD Core/Src/main.o
LOAD Core/Src/stm32h7xx_hal_msp.o
LOAD Core/Src/stm32h7xx_hal_timebase_tim.o
LOAD Core/Src/stm32h7xx_it.o
LOAD Core/Src/syscalls.o
LOAD Core/Src/sysmem.o
LOAD Core/Src/system_stm32h7xx.o
LOAD Core/Startup/startup_stm32h730vbtx.o
LOAD Drivers/STM32H7xx_HAL_Driver/Src/stm32h7xx_hal.o
LOAD Drivers/STM32H7xx_HAL_Driver/Src/stm32h7xx_hal_adc.o
LOAD Drivers/STM32H7xx_HAL_Driver/Src/stm32h7xx_hal_adc_ex.o
LOAD Drivers/STM32H7xx_HAL_Driver/Src/stm32h7xx_hal_cordic.o
LOAD Drivers/STM32H7xx_HAL_Driver/Src/stm32h7xx_hal_cortex.o
LOAD Drivers/STM32H7xx_HAL_Driver/Src/stm32h7xx_hal_dfsdm.o
LOAD Drivers/STM32H7xx_HAL_Driver/Src/stm32h7xx_hal_dma.o
LOAD Drivers/STM32H7xx_HAL_Driver/Src/stm32h7xx_hal_dma_ex.o
LOAD Drivers/STM32H7xx_HAL_Driver/Src/stm32h7xx_hal_exti.o
LOAD Drivers/STM32H7xx_HAL_Driver/Src/stm32h7xx_hal_fdcan.o
LOAD Drivers/STM32H7xx_HAL_Driver/Src/stm32h7xx_hal_flash.o
LOAD Drivers/STM32H7xx_HAL_Driver/Src/stm32h7xx_hal_flash_ex.o
LOAD Drivers/STM32H7xx_HAL_Driver/Src/stm32h7xx_hal_fmac.o
LOAD Drivers/STM32H7xx_HAL_Driver/Src/stm32h7xx_hal_gpio.o
LOAD Drivers/STM32H7xx_HAL_Driver/Src/stm32h7xx_hal_hsem.o
LOAD Drivers/STM32H7xx_HAL_Driver/Src/stm32h7xx_hal_i2c.o
LOAD Drivers/STM32H7xx_HAL_Driver/Src/stm32h7xx_hal_i2c_ex.o
LOAD Drivers/STM32H7xx_HAL_Driver/Src/stm32h7xx_hal_mdma.o
LOAD Drivers/STM32H7xx_HAL_Driver/Src/stm32h7xx_hal_pwr.o
LOAD Drivers/STM32H7xx_HAL_Driver/Src/stm32h7xx_hal_pwr_ex.o
LOAD Drivers/STM32H7xx_HAL_Driver/Src/stm32h7xx_hal_rcc.o
LOAD Drivers/STM32H7xx_HAL_Driver/Src/stm32h7xx_hal_rcc_ex.o
LOAD Drivers/STM32H7xx_HAL_Driver/Src/stm32h7xx_hal_spi.o
LOAD Drivers/STM32H7xx_HAL_Driver/Src/stm32h7xx_hal_spi_ex.o
LOAD Drivers/STM32H7xx_HAL_Driver/Src/stm32h7xx_hal_tim.o
LOAD Drivers/STM32H7xx_HAL_Driver/Src/stm32h7xx_hal_tim_ex.o
LOAD Drivers/STM32H7xx_HAL_Driver/Src/stm32h7xx_hal_uart.o
LOAD Drivers/STM32H7xx_HAL_Driver/Src/stm32h7xx_hal_uart_ex.o
START GROUP
LOAD c:/st/stm32cubeide_1.3.0/stm32cubeide/plugins/com.st.stm32cube.ide.mcu.externaltools.gnu-tools-for-stm32.9-2020-q2-update.win32_1.5.0.202011040924/tools/bin/../lib/gcc/arm-none-eabi/9.3.1/../../../../arm-none-eabi/lib/thumb/v7e-m+dp/hard\libstdc++_nano.a
LOAD c:/st/stm32cubeide_1.3.0/stm32cubeide/plugins/com.st.stm32cube.ide.mcu.externaltools.gnu-tools-for-stm32.9-2020-q2-update.win32_1.5.0.202011040924/tools/bin/../lib/gcc/arm-none-eabi/9.3.1/../../../../arm-none-eabi/lib/thumb/v7e-m+dp/hard\libsupc++_nano.a
END GROUP
LOAD c:/st/stm32cubeide_1.3.0/stm32cubeide/plugins/com.st.stm32cube.ide.mcu.externaltools.gnu-tools-for-stm32.9-2020-q2-update.win32_1.5.0.202011040924/tools/bin/../lib/gcc/arm-none-eabi/9.3.1/../../../../arm-none-eabi/lib/thumb/v7e-m+dp/hard\libstdc++_nano.a
LOAD c:/st/stm32cubeide_1.3.0/stm32cubeide/plugins/com.st.stm32cube.ide.mcu.externaltools.gnu-tools-for-stm32.9-2020-q2-update.win32_1.5.0.202011040924/tools/bin/../lib/gcc/arm-none-eabi/9.3.1/../../../../arm-none-eabi/lib/thumb/v7e-m+dp/hard\libm.a
LOAD c:/st/stm32cubeide_1.3.0/stm32cubeide/plugins/com.st.stm32cube.ide.mcu.externaltools.gnu-tools-for-stm32.9-2020-q2-update.win32_1.5.0.202011040924/tools/bin/../lib/gcc/arm-none-eabi/9.3.1/../../../../arm-none-eabi/lib/thumb/v7e-m+dp/hard\libc_nano.a
START GROUP
LOAD c:/st/stm32cubeide_1.3.0/stm32cubeide/plugins/com.st.stm32cube.ide.mcu.externaltools.gnu-tools-for-stm32.9-2020-q2-update.win32_1.5.0.202011040924/tools/bin/../lib/gcc/arm-none-eabi/9.3.1/thumb/v7e-m+dp/hard\libgcc.a
LOAD c:/st/stm32cubeide_1.3.0/stm32cubeide/plugins/com.st.stm32cube.ide.mcu.externaltools.gnu-tools-for-stm32.9-2020-q2-update.win32_1.5.0.202011040924/tools/bin/../lib/gcc/arm-none-eabi/9.3.1/../../../../arm-none-eabi/lib/thumb/v7e-m+dp/hard\libc_nano.a
END GROUP
START GROUP
LOAD c:/st/stm32cubeide_1.3.0/stm32cubeide/plugins/com.st.stm32cube.ide.mcu.externaltools.gnu-tools-for-stm32.9-2020-q2-update.win32_1.5.0.202011040924/tools/bin/../lib/gcc/arm-none-eabi/9.3.1/thumb/v7e-m+dp/hard\libgcc.a
LOAD c:/st/stm32cubeide_1.3.0/stm32cubeide/plugins/com.st.stm32cube.ide.mcu.externaltools.gnu-tools-for-stm32.9-2020-q2-update.win32_1.5.0.202011040924/tools/bin/../lib/gcc/arm-none-eabi/9.3.1/../../../../arm-none-eabi/lib/thumb/v7e-m+dp/hard\libc_nano.a
END GROUP
LOAD c:/st/stm32cubeide_1.3.0/stm32cubeide/plugins/com.st.stm32cube.ide.mcu.externaltools.gnu-tools-for-stm32.9-2020-q2-update.win32_1.5.0.202011040924/tools/bin/../lib/gcc/arm-none-eabi/9.3.1/thumb/v7e-m+dp/hard/crtend.o
LOAD c:/st/stm32cubeide_1.3.0/stm32cubeide/plugins/com.st.stm32cube.ide.mcu.externaltools.gnu-tools-for-stm32.9-2020-q2-update.win32_1.5.0.202011040924/tools/bin/../lib/gcc/arm-none-eabi/9.3.1/thumb/v7e-m+dp/hard/crtn.o
                0x0000000024050000                _estack = (ORIGIN (RAM_D1) + LENGTH (RAM_D1))
                0x0000000000000200                _Min_Heap_Size = 0x200
                0x0000000000000400                _Min_Stack_Size = 0x400

.isr_vector     0x0000000008000000      0x2cc
                0x0000000008000000                . = ALIGN (0x4)
 *(.isr_vector)
 .isr_vector    0x0000000008000000      0x2cc Core/Startup/startup_stm32h730vbtx.o
                0x0000000008000000                g_pfnVectors
                0x00000000080002cc                . = ALIGN (0x4)

.text           0x00000000080002d0     0xbeac
                0x00000000080002d0                . = ALIGN (0x4)
 *(.text)
 .text          0x00000000080002d0       0x40 c:/st/stm32cubeide_1.3.0/stm32cubeide/plugins/com.st.stm32cube.ide.mcu.externaltools.gnu-tools-for-stm32.9-2020-q2-update.win32_1.5.0.202011040924/tools/bin/../lib/gcc/arm-none-eabi/9.3.1/thumb/v7e-m+dp/hard/crtbegin.o
 .text          0x0000000008000310       0x30 c:/st/stm32cubeide_1.3.0/stm32cubeide/plugins/com.st.stm32cube.ide.mcu.externaltools.gnu-tools-for-stm32.9-2020-q2-update.win32_1.5.0.202011040924/tools/bin/../lib/gcc/arm-none-eabi/9.3.1/thumb/v7e-m+dp/hard\libgcc.a(_aeabi_uldivmod.o)
                0x0000000008000310                __aeabi_uldivmod
 .text          0x0000000008000340      0x2c4 c:/st/stm32cubeide_1.3.0/stm32cubeide/plugins/com.st.stm32cube.ide.mcu.externaltools.gnu-tools-for-stm32.9-2020-q2-update.win32_1.5.0.202011040924/tools/bin/../lib/gcc/arm-none-eabi/9.3.1/thumb/v7e-m+dp/hard\libgcc.a(_udivmoddi4.o)
                0x0000000008000340                __udivmoddi4
 .text          0x0000000008000604        0x4 c:/st/stm32cubeide_1.3.0/stm32cubeide/plugins/com.st.stm32cube.ide.mcu.externaltools.gnu-tools-for-stm32.9-2020-q2-update.win32_1.5.0.202011040924/tools/bin/../lib/gcc/arm-none-eabi/9.3.1/thumb/v7e-m+dp/hard\libgcc.a(_dvmd_tls.o)
                0x0000000008000604                __aeabi_idiv0
                0x0000000008000604                __aeabi_ldiv0
 *(.text*)
 .text._Z7inv_dqzPlS_S_lll
                0x0000000008000608       0xec Core/Src/FOC.o
                0x0000000008000608                inv_dqz(long*, long*, long*, long, long, long)
 *fill*         0x00000000080006f4        0x4 
 .text.main     0x00000000080006f8      0x504 Core/Src/main.o
                0x00000000080006f8                main
 .text._Z18SystemClock_Configv
                0x0000000008000bfc      0x114 Core/Src/main.o
                0x0000000008000bfc                SystemClock_Config()
 .text._Z24PeriphCommonClock_Configv
                0x0000000008000d10       0x6c Core/Src/main.o
                0x0000000008000d10                PeriphCommonClock_Config()
 .text._ZL12MX_ADC1_Initv
                0x0000000008000d7c      0x110 Core/Src/main.o
 .text._ZL12MX_ADC2_Initv
                0x0000000008000e8c       0xe0 Core/Src/main.o
 .text._ZL12MX_ADC3_Initv
                0x0000000008000f6c      0x100 Core/Src/main.o
 .text._ZL14MX_CORDIC_Initv
                0x000000000800106c       0x30 Core/Src/main.o
 .text._ZL14MX_DFSDM1_Initv
                0x000000000800109c      0x238 Core/Src/main.o
 .text._ZL14MX_FDCAN1_Initv
                0x00000000080012d4       0xd4 Core/Src/main.o
 .text._ZL12MX_FMAC_Initv
                0x00000000080013a8       0x30 Core/Src/main.o
 .text._ZL12MX_I2C3_Initv
                0x00000000080013d8       0x9c Core/Src/main.o
 .text._ZL12MX_SPI2_Initv
                0x0000000008001474       0xbc Core/Src/main.o
 .text._ZL12MX_TIM1_Initv
                0x0000000008001530      0x1b0 Core/Src/main.o
 .text._ZL12MX_TIM3_Initv
                0x00000000080016e0       0xbc Core/Src/main.o
 .text._ZL12MX_TIM4_Initv
                0x000000000800179c       0xbc Core/Src/main.o
 .text._ZL19MX_USART1_UART_Initv
                0x0000000008001858       0xc0 Core/Src/main.o
 .text._ZL19MX_USART2_UART_Initv
                0x0000000008001918       0xc8 Core/Src/main.o
 .text._ZL12MX_GPIO_Initv
                0x00000000080019e0      0x104 Core/Src/main.o
 .text.HAL_TIM_PeriodElapsedCallback
                0x0000000008001ae4       0x1e Core/Src/main.o
                0x0000000008001ae4                HAL_TIM_PeriodElapsedCallback
 .text.Error_Handler
                0x0000000008001b02        0xe Core/Src/main.o
                0x0000000008001b02                Error_Handler
 .text.HAL_MspInit
                0x0000000008001b10       0x34 Core/Src/stm32h7xx_hal_msp.o
                0x0000000008001b10                HAL_MspInit
 .text.HAL_ADC_MspInit
                0x0000000008001b44      0x1ac Core/Src/stm32h7xx_hal_msp.o
                0x0000000008001b44                HAL_ADC_MspInit
 .text.HAL_CORDIC_MspInit
                0x0000000008001cf0       0x44 Core/Src/stm32h7xx_hal_msp.o
                0x0000000008001cf0                HAL_CORDIC_MspInit
 .text.HAL_DFSDM_FilterMspInit
                0x0000000008001d34      0x18c Core/Src/stm32h7xx_hal_msp.o
                0x0000000008001d34                HAL_DFSDM_FilterMspInit
 .text.HAL_DFSDM_ChannelMspInit
                0x0000000008001ec0      0x18c Core/Src/stm32h7xx_hal_msp.o
                0x0000000008001ec0                HAL_DFSDM_ChannelMspInit
 .text.HAL_FDCAN_MspInit
                0x000000000800204c       0xcc Core/Src/stm32h7xx_hal_msp.o
                0x000000000800204c                HAL_FDCAN_MspInit
 .text.HAL_FMAC_MspInit
                0x0000000008002118       0x44 Core/Src/stm32h7xx_hal_msp.o
                0x0000000008002118                HAL_FMAC_MspInit
 .text.HAL_I2C_MspInit
                0x000000000800215c      0x118 Core/Src/stm32h7xx_hal_msp.o
                0x000000000800215c                HAL_I2C_MspInit
 .text.HAL_SPI_MspInit
                0x0000000008002274       0xcc Core/Src/stm32h7xx_hal_msp.o
                0x0000000008002274                HAL_SPI_MspInit
 .text.HAL_TIM_PWM_MspInit
                0x0000000008002340       0x50 Core/Src/stm32h7xx_hal_msp.o
                0x0000000008002340                HAL_TIM_PWM_MspInit
 .text.HAL_TIM_Base_MspInit
                0x0000000008002390       0x90 Core/Src/stm32h7xx_hal_msp.o
                0x0000000008002390                HAL_TIM_Base_MspInit
 .text.HAL_TIM_MspPostInit
                0x0000000008002420       0x78 Core/Src/stm32h7xx_hal_msp.o
                0x0000000008002420                HAL_TIM_MspPostInit
 .text.HAL_UART_MspInit
                0x0000000008002498      0x160 Core/Src/stm32h7xx_hal_msp.o
                0x0000000008002498                HAL_UART_MspInit
 .text.HAL_InitTick
                0x00000000080025f8       0xd4 Core/Src/stm32h7xx_hal_timebase_tim.o
                0x00000000080025f8                HAL_InitTick
 .text.NMI_Handler
                0x00000000080026cc        0xe Core/Src/stm32h7xx_it.o
                0x00000000080026cc                NMI_Handler
 .text.HardFault_Handler
                0x00000000080026da        0x6 Core/Src/stm32h7xx_it.o
                0x00000000080026da                HardFault_Handler
 .text.MemManage_Handler
                0x00000000080026e0        0x6 Core/Src/stm32h7xx_it.o
                0x00000000080026e0                MemManage_Handler
 .text.BusFault_Handler
                0x00000000080026e6        0x6 Core/Src/stm32h7xx_it.o
                0x00000000080026e6                BusFault_Handler
 .text.UsageFault_Handler
                0x00000000080026ec        0x6 Core/Src/stm32h7xx_it.o
                0x00000000080026ec                UsageFault_Handler
 .text.SVC_Handler
                0x00000000080026f2        0xe Core/Src/stm32h7xx_it.o
                0x00000000080026f2                SVC_Handler
 .text.DebugMon_Handler
                0x0000000008002700        0xe Core/Src/stm32h7xx_it.o
                0x0000000008002700                DebugMon_Handler
 .text.PendSV_Handler
                0x000000000800270e        0xe Core/Src/stm32h7xx_it.o
                0x000000000800270e                PendSV_Handler
 .text.SysTick_Handler
                0x000000000800271c        0xe Core/Src/stm32h7xx_it.o
                0x000000000800271c                SysTick_Handler
 *fill*         0x000000000800272a        0x2 
 .text.TIM1_UP_IRQHandler
                0x000000000800272c       0x1c Core/Src/stm32h7xx_it.o
                0x000000000800272c                TIM1_UP_IRQHandler
 .text.TIM2_IRQHandler
                0x0000000008002748       0x14 Core/Src/stm32h7xx_it.o
                0x0000000008002748                TIM2_IRQHandler
 .text.TIM3_IRQHandler
                0x000000000800275c       0x20 Core/Src/stm32h7xx_it.o
                0x000000000800275c                TIM3_IRQHandler
 .text.TIM4_IRQHandler
                0x000000000800277c       0x14 Core/Src/stm32h7xx_it.o
                0x000000000800277c                TIM4_IRQHandler
 .text.SystemInit
                0x0000000008002790       0xf8 Core/Src/system_stm32h7xx.o
                0x0000000008002790                SystemInit
 .text.Reset_Handler
                0x0000000008002888       0x50 Core/Startup/startup_stm32h730vbtx.o
                0x0000000008002888                Reset_Handler
 .text.Default_Handler
                0x00000000080028d8        0x2 Core/Startup/startup_stm32h730vbtx.o
                0x00000000080028d8                RTC_Alarm_IRQHandler
                0x00000000080028d8                HASH_RNG_IRQHandler
                0x00000000080028d8                EXTI2_IRQHandler
                0x00000000080028d8                TIM8_CC_IRQHandler
                0x00000000080028d8                UART8_IRQHandler
                0x00000000080028d8                SPI4_IRQHandler
                0x00000000080028d8                FDCAN3_IT0_IRQHandler
                0x00000000080028d8                TIM1_CC_IRQHandler
                0x00000000080028d8                BDMA_Channel6_IRQHandler
                0x00000000080028d8                DMA2_Stream5_IRQHandler
                0x00000000080028d8                DMA1_Stream5_IRQHandler
                0x00000000080028d8                CORDIC_IRQHandler
                0x00000000080028d8                BDMA_Channel1_IRQHandler
                0x00000000080028d8                TAMP_STAMP_IRQHandler
                0x00000000080028d8                EXTI3_IRQHandler
                0x00000000080028d8                LPTIM4_IRQHandler
                0x00000000080028d8                TIM8_TRG_COM_TIM14_IRQHandler
                0x00000000080028d8                LPTIM2_IRQHandler
                0x00000000080028d8                DFSDM1_FLT1_IRQHandler
                0x00000000080028d8                DMAMUX2_OVR_IRQHandler
                0x00000000080028d8                TIM8_UP_TIM13_IRQHandler
                0x00000000080028d8                I2C3_ER_IRQHandler
                0x00000000080028d8                DFSDM1_FLT2_IRQHandler
                0x00000000080028d8                I2C5_EV_IRQHandler
                0x00000000080028d8                USART10_IRQHandler
                0x00000000080028d8                MDMA_IRQHandler
                0x00000000080028d8                LPTIM3_IRQHandler
                0x00000000080028d8                HSEM1_IRQHandler
                0x00000000080028d8                EXTI0_IRQHandler
                0x00000000080028d8                I2C2_EV_IRQHandler
                0x00000000080028d8                DMA1_Stream2_IRQHandler
                0x00000000080028d8                FPU_IRQHandler
                0x00000000080028d8                OTG_HS_WKUP_IRQHandler
                0x00000000080028d8                FDCAN1_IT1_IRQHandler
                0x00000000080028d8                LTDC_ER_IRQHandler
                0x00000000080028d8                DMA2_Stream2_IRQHandler
                0x00000000080028d8                SPI1_IRQHandler
                0x00000000080028d8                OCTOSPI1_IRQHandler
                0x00000000080028d8                TIM6_DAC_IRQHandler
                0x00000000080028d8                DMA2_Stream3_IRQHandler
                0x00000000080028d8                OCTOSPI2_IRQHandler
                0x00000000080028d8                DFSDM1_FLT3_IRQHandler
                0x00000000080028d8                TIM23_IRQHandler
                0x00000000080028d8                USART6_IRQHandler
                0x00000000080028d8                TIM17_IRQHandler
                0x00000000080028d8                USART3_IRQHandler
                0x00000000080028d8                BDMA_Channel7_IRQHandler
                0x00000000080028d8                CRYP_IRQHandler
                0x00000000080028d8                LPTIM5_IRQHandler
                0x00000000080028d8                UART5_IRQHandler
                0x00000000080028d8                ADC3_IRQHandler
                0x00000000080028d8                DMA2_Stream0_IRQHandler
                0x00000000080028d8                BDMA_Channel2_IRQHandler
                0x00000000080028d8                I2C1_EV_IRQHandler
                0x00000000080028d8                DMA1_Stream6_IRQHandler
                0x00000000080028d8                DMAMUX1_OVR_IRQHandler
                0x00000000080028d8                DMA1_Stream1_IRQHandler
                0x00000000080028d8                TIM16_IRQHandler
                0x00000000080028d8                UART4_IRQHandler
                0x00000000080028d8                BDMA_Channel5_IRQHandler
                0x00000000080028d8                RCC_IRQHandler
                0x00000000080028d8                UART9_IRQHandler
                0x00000000080028d8                TIM8_BRK_TIM12_IRQHandler
                0x00000000080028d8                TIM1_TRG_COM_IRQHandler
                0x00000000080028d8                Default_Handler
                0x00000000080028d8                ECC_IRQHandler
                0x00000000080028d8                FMAC_IRQHandler
                0x00000000080028d8                CEC_IRQHandler
                0x00000000080028d8                EXTI15_10_IRQHandler
                0x00000000080028d8                BDMA_Channel0_IRQHandler
                0x00000000080028d8                ADC_IRQHandler
                0x00000000080028d8                I2C5_ER_IRQHandler
                0x00000000080028d8                OTFDEC1_IRQHandler
                0x00000000080028d8                DMA1_Stream7_IRQHandler
                0x00000000080028d8                SPI5_IRQHandler
                0x00000000080028d8                TIM7_IRQHandler
                0x00000000080028d8                FDCAN3_IT1_IRQHandler
                0x00000000080028d8                SDMMC1_IRQHandler
                0x00000000080028d8                TIM5_IRQHandler
                0x00000000080028d8                DMA2_Stream7_IRQHandler
                0x00000000080028d8                TIM15_IRQHandler
                0x00000000080028d8                PVD_AVD_IRQHandler
                0x00000000080028d8                I2C3_EV_IRQHandler
                0x00000000080028d8                EXTI9_5_IRQHandler
                0x00000000080028d8                RTC_WKUP_IRQHandler
                0x00000000080028d8                LTDC_IRQHandler
                0x00000000080028d8                ETH_WKUP_IRQHandler
                0x00000000080028d8                SPDIF_RX_IRQHandler
                0x00000000080028d8                SPI2_IRQHandler
                0x00000000080028d8                OTG_HS_EP1_IN_IRQHandler
                0x00000000080028d8                DMA1_Stream0_IRQHandler
                0x00000000080028d8                OTFDEC2_IRQHandler
                0x00000000080028d8                TIM24_IRQHandler
                0x00000000080028d8                CRS_IRQHandler
                0x00000000080028d8                EXTI4_IRQHandler
                0x00000000080028d8                FDCAN2_IT1_IRQHandler
                0x00000000080028d8                ETH_IRQHandler
                0x00000000080028d8                BDMA_Channel4_IRQHandler
                0x00000000080028d8                OTG_HS_EP1_OUT_IRQHandler
                0x00000000080028d8                WWDG_IRQHandler
                0x00000000080028d8                SPI6_IRQHandler
                0x00000000080028d8                MDIOS_IRQHandler
                0x00000000080028d8                I2C4_EV_IRQHandler
                0x00000000080028d8                FDCAN2_IT0_IRQHandler
                0x00000000080028d8                LPUART1_IRQHandler
                0x00000000080028d8                FDCAN1_IT0_IRQHandler
                0x00000000080028d8                OTG_HS_IRQHandler
                0x00000000080028d8                DMA2D_IRQHandler
                0x00000000080028d8                TIM1_BRK_IRQHandler
                0x00000000080028d8                EXTI1_IRQHandler
                0x00000000080028d8                SDMMC2_IRQHandler
                0x00000000080028d8                BDMA_Channel3_IRQHandler
                0x00000000080028d8                DTS_IRQHandler
                0x00000000080028d8                UART7_IRQHandler
                0x00000000080028d8                MDIOS_WKUP_IRQHandler
                0x00000000080028d8                USART2_IRQHandler
                0x00000000080028d8                DFSDM1_FLT0_IRQHandler
                0x00000000080028d8                SAI4_IRQHandler
                0x00000000080028d8                I2C2_ER_IRQHandler
                0x00000000080028d8                DMA2_Stream1_IRQHandler
                0x00000000080028d8                FLASH_IRQHandler
                0x00000000080028d8                DMA2_Stream4_IRQHandler
                0x00000000080028d8                USART1_IRQHandler
                0x00000000080028d8                SPI3_IRQHandler
                0x00000000080028d8                WAKEUP_PIN_IRQHandler
                0x00000000080028d8                DMA1_Stream4_IRQHandler
                0x00000000080028d8                I2C1_ER_IRQHandler
                0x00000000080028d8                FMC_IRQHandler
                0x00000000080028d8                FDCAN_CAL_IRQHandler
                0x00000000080028d8                SWPMI1_IRQHandler
                0x00000000080028d8                COMP1_IRQHandler
                0x00000000080028d8                LPTIM1_IRQHandler
                0x00000000080028d8                DCMI_PSSI_IRQHandler
                0x00000000080028d8                I2C4_ER_IRQHandler
                0x00000000080028d8                DMA2_Stream6_IRQHandler
                0x00000000080028d8                SAI1_IRQHandler
                0x00000000080028d8                DMA1_Stream3_IRQHandler
 *fill*         0x00000000080028da        0x2 
 .text.HAL_Init
                0x00000000080028dc       0x78 Drivers/STM32H7xx_HAL_Driver/Src/stm32h7xx_hal.o
                0x00000000080028dc                HAL_Init
 .text.HAL_IncTick
                0x0000000008002954       0x28 Drivers/STM32H7xx_HAL_Driver/Src/stm32h7xx_hal.o
                0x0000000008002954                HAL_IncTick
 .text.HAL_GetTick
                0x000000000800297c       0x18 Drivers/STM32H7xx_HAL_Driver/Src/stm32h7xx_hal.o
                0x000000000800297c                HAL_GetTick
 .text.HAL_SYSCFG_AnalogSwitchConfig
                0x0000000008002994       0x2c Drivers/STM32H7xx_HAL_Driver/Src/stm32h7xx_hal.o
                0x0000000008002994                HAL_SYSCFG_AnalogSwitchConfig
 .text.LL_ADC_SetCommonClock
                0x00000000080029c0       0x26 Drivers/STM32H7xx_HAL_Driver/Src/stm32h7xx_hal_adc.o
 .text.LL_ADC_SetCommonPathInternalCh
                0x00000000080029e6       0x26 Drivers/STM32H7xx_HAL_Driver/Src/stm32h7xx_hal_adc.o
 .text.LL_ADC_GetCommonPathInternalCh
                0x0000000008002a0c       0x1c Drivers/STM32H7xx_HAL_Driver/Src/stm32h7xx_hal_adc.o
 .text.LL_ADC_SetOffset
                0x0000000008002a28       0x64 Drivers/STM32H7xx_HAL_Driver/Src/stm32h7xx_hal_adc.o
 .text.LL_ADC_GetOffsetChannel
                0x0000000008002a8c       0x2c Drivers/STM32H7xx_HAL_Driver/Src/stm32h7xx_hal_adc.o
 .text.LL_ADC_SetDataRightShift
                0x0000000008002ab8       0x32 Drivers/STM32H7xx_HAL_Driver/Src/stm32h7xx_hal_adc.o
 *fill*         0x0000000008002aea        0x2 
 .text.LL_ADC_SetOffsetSignedSaturation
                0x0000000008002aec       0x44 Drivers/STM32H7xx_HAL_Driver/Src/stm32h7xx_hal_adc.o
 .text.LL_ADC_SetOffsetSaturation
                0x0000000008002b30       0x44 Drivers/STM32H7xx_HAL_Driver/Src/stm32h7xx_hal_adc.o
 .text.LL_ADC_SetOffsetSign
                0x0000000008002b74       0x44 Drivers/STM32H7xx_HAL_Driver/Src/stm32h7xx_hal_adc.o
 .text.LL_ADC_SetOffsetState
                0x0000000008002bb8       0x54 Drivers/STM32H7xx_HAL_Driver/Src/stm32h7xx_hal_adc.o
 .text.LL_ADC_REG_SetSequencerRanks
                0x0000000008002c0c       0x58 Drivers/STM32H7xx_HAL_Driver/Src/stm32h7xx_hal_adc.o
 .text.LL_ADC_SetChannelSamplingTime
                0x0000000008002c64       0x56 Drivers/STM32H7xx_HAL_Driver/Src/stm32h7xx_hal_adc.o
 *fill*         0x0000000008002cba        0x2 
 .text.LL_ADC_SetChannelSingleDiff
                0x0000000008002cbc       0x80 Drivers/STM32H7xx_HAL_Driver/Src/stm32h7xx_hal_adc.o
 .text.LL_ADC_GetMultimode
                0x0000000008002d3c       0x1c Drivers/STM32H7xx_HAL_Driver/Src/stm32h7xx_hal_adc.o
 .text.LL_ADC_DisableDeepPowerDown
                0x0000000008002d58       0x24 Drivers/STM32H7xx_HAL_Driver/Src/stm32h7xx_hal_adc.o
 .text.LL_ADC_IsDeepPowerDownEnabled
                0x0000000008002d7c       0x28 Drivers/STM32H7xx_HAL_Driver/Src/stm32h7xx_hal_adc.o
 .text.LL_ADC_EnableInternalRegulator
                0x0000000008002da4       0x28 Drivers/STM32H7xx_HAL_Driver/Src/stm32h7xx_hal_adc.o
 .text.LL_ADC_IsInternalRegulatorEnabled
                0x0000000008002dcc       0x28 Drivers/STM32H7xx_HAL_Driver/Src/stm32h7xx_hal_adc.o
 .text.LL_ADC_Enable
                0x0000000008002df4       0x28 Drivers/STM32H7xx_HAL_Driver/Src/stm32h7xx_hal_adc.o
 .text.LL_ADC_Disable
                0x0000000008002e1c       0x28 Drivers/STM32H7xx_HAL_Driver/Src/stm32h7xx_hal_adc.o
 .text.LL_ADC_IsEnabled
                0x0000000008002e44       0x26 Drivers/STM32H7xx_HAL_Driver/Src/stm32h7xx_hal_adc.o
 .text.LL_ADC_IsDisableOngoing
                0x0000000008002e6a       0x26 Drivers/STM32H7xx_HAL_Driver/Src/stm32h7xx_hal_adc.o
 .text.LL_ADC_REG_StartConversion
                0x0000000008002e90       0x28 Drivers/STM32H7xx_HAL_Driver/Src/stm32h7xx_hal_adc.o
 .text.LL_ADC_REG_IsConversionOngoing
                0x0000000008002eb8       0x26 Drivers/STM32H7xx_HAL_Driver/Src/stm32h7xx_hal_adc.o
 .text.LL_ADC_INJ_IsConversionOngoing
                0x0000000008002ede       0x26 Drivers/STM32H7xx_HAL_Driver/Src/stm32h7xx_hal_adc.o
 .text.HAL_ADC_Init
                0x0000000008002f04      0x410 Drivers/STM32H7xx_HAL_Driver/Src/stm32h7xx_hal_adc.o
                0x0000000008002f04                HAL_ADC_Init
 .text.HAL_ADC_Start
                0x0000000008003314      0x194 Drivers/STM32H7xx_HAL_Driver/Src/stm32h7xx_hal_adc.o
                0x0000000008003314                HAL_ADC_Start
 .text.HAL_ADC_GetValue
                0x00000000080034a8       0x1a Drivers/STM32H7xx_HAL_Driver/Src/stm32h7xx_hal_adc.o
                0x00000000080034a8                HAL_ADC_GetValue
 *fill*         0x00000000080034c2        0x2 
 .text.HAL_ADC_ConfigChannel
                0x00000000080034c4      0xa58 Drivers/STM32H7xx_HAL_Driver/Src/stm32h7xx_hal_adc.o
                0x00000000080034c4                HAL_ADC_ConfigChannel
 .text.ADC_Enable
                0x0000000008003f1c      0x114 Drivers/STM32H7xx_HAL_Driver/Src/stm32h7xx_hal_adc.o
                0x0000000008003f1c                ADC_Enable
 .text.ADC_Disable
                0x0000000008004030       0xbe Drivers/STM32H7xx_HAL_Driver/Src/stm32h7xx_hal_adc.o
                0x0000000008004030                ADC_Disable
 *fill*         0x00000000080040ee        0x2 
 .text.ADC_ConfigureBoostMode
                0x00000000080040f0      0x1d8 Drivers/STM32H7xx_HAL_Driver/Src/stm32h7xx_hal_adc.o
                0x00000000080040f0                ADC_ConfigureBoostMode
 .text.LL_ADC_IsEnabled
                0x00000000080042c8       0x26 Drivers/STM32H7xx_HAL_Driver/Src/stm32h7xx_hal_adc_ex.o
 *fill*         0x00000000080042ee        0x2 
 .text.LL_ADC_StartCalibration
                0x00000000080042f0       0x3c Drivers/STM32H7xx_HAL_Driver/Src/stm32h7xx_hal_adc_ex.o
 .text.LL_ADC_IsCalibrationOnGoing
                0x000000000800432c       0x28 Drivers/STM32H7xx_HAL_Driver/Src/stm32h7xx_hal_adc_ex.o
 .text.LL_ADC_REG_IsConversionOngoing
                0x0000000008004354       0x26 Drivers/STM32H7xx_HAL_Driver/Src/stm32h7xx_hal_adc_ex.o
 *fill*         0x000000000800437a        0x2 
 .text.HAL_ADCEx_Calibration_Start
                0x000000000800437c       0xc8 Drivers/STM32H7xx_HAL_Driver/Src/stm32h7xx_hal_adc_ex.o
                0x000000000800437c                HAL_ADCEx_Calibration_Start
 .text.HAL_ADCEx_MultiModeConfigChannel
                0x0000000008004444      0x1c4 Drivers/STM32H7xx_HAL_Driver/Src/stm32h7xx_hal_adc_ex.o
                0x0000000008004444                HAL_ADCEx_MultiModeConfigChannel
 .text.HAL_CORDIC_Init
                0x0000000008004608       0x62 Drivers/STM32H7xx_HAL_Driver/Src/stm32h7xx_hal_cordic.o
                0x0000000008004608                HAL_CORDIC_Init
 *fill*         0x000000000800466a        0x2 
 .text.__NVIC_SetPriorityGrouping
                0x000000000800466c       0x48 Drivers/STM32H7xx_HAL_Driver/Src/stm32h7xx_hal_cortex.o
 .text.__NVIC_GetPriorityGrouping
                0x00000000080046b4       0x1c Drivers/STM32H7xx_HAL_Driver/Src/stm32h7xx_hal_cortex.o
 .text.__NVIC_EnableIRQ
                0x00000000080046d0       0x3c Drivers/STM32H7xx_HAL_Driver/Src/stm32h7xx_hal_cortex.o
 .text.__NVIC_SetPriority
                0x000000000800470c       0x54 Drivers/STM32H7xx_HAL_Driver/Src/stm32h7xx_hal_cortex.o
 .text.NVIC_EncodePriority
                0x0000000008004760       0x66 Drivers/STM32H7xx_HAL_Driver/Src/stm32h7xx_hal_cortex.o
 .text.HAL_NVIC_SetPriorityGrouping
                0x00000000080047c6       0x16 Drivers/STM32H7xx_HAL_Driver/Src/stm32h7xx_hal_cortex.o
                0x00000000080047c6                HAL_NVIC_SetPriorityGrouping
 .text.HAL_NVIC_SetPriority
                0x00000000080047dc       0x34 Drivers/STM32H7xx_HAL_Driver/Src/stm32h7xx_hal_cortex.o
                0x00000000080047dc                HAL_NVIC_SetPriority
 .text.HAL_NVIC_EnableIRQ
                0x0000000008004810       0x1c Drivers/STM32H7xx_HAL_Driver/Src/stm32h7xx_hal_cortex.o
                0x0000000008004810                HAL_NVIC_EnableIRQ
 .text.HAL_DFSDM_ChannelInit
                0x000000000800482c      0x190 Drivers/STM32H7xx_HAL_Driver/Src/stm32h7xx_hal_dfsdm.o
                0x000000000800482c                HAL_DFSDM_ChannelInit
 .text.HAL_DFSDM_FilterInit
                0x00000000080049bc      0x1b8 Drivers/STM32H7xx_HAL_Driver/Src/stm32h7xx_hal_dfsdm.o
                0x00000000080049bc                HAL_DFSDM_FilterInit
 .text.HAL_DFSDM_FilterConfigRegChannel
                0x0000000008004b74       0x8c Drivers/STM32H7xx_HAL_Driver/Src/stm32h7xx_hal_dfsdm.o
                0x0000000008004b74                HAL_DFSDM_FilterConfigRegChannel
 .text.HAL_DFSDM_FilterRegularStart
                0x0000000008004c00       0x36 Drivers/STM32H7xx_HAL_Driver/Src/stm32h7xx_hal_dfsdm.o
                0x0000000008004c00                HAL_DFSDM_FilterRegularStart
 .text.HAL_DFSDM_FilterGetRegularValue
                0x0000000008004c36       0x3e Drivers/STM32H7xx_HAL_Driver/Src/stm32h7xx_hal_dfsdm.o
                0x0000000008004c36                HAL_DFSDM_FilterGetRegularValue
 .text.DFSDM_GetChannelFromInstance
                0x0000000008004c74       0x98 Drivers/STM32H7xx_HAL_Driver/Src/stm32h7xx_hal_dfsdm.o
 .text.DFSDM_RegConvStart
                0x0000000008004d0c       0xac Drivers/STM32H7xx_HAL_Driver/Src/stm32h7xx_hal_dfsdm.o
 .text.HAL_FDCAN_Init
                0x0000000008004db8      0x3c4 Drivers/STM32H7xx_HAL_Driver/Src/stm32h7xx_hal_fdcan.o
                0x0000000008004db8                HAL_FDCAN_Init
 .text.FDCAN_CalcultateRamBlockAddresses
                0x000000000800517c      0x30c Drivers/STM32H7xx_HAL_Driver/Src/stm32h7xx_hal_fdcan.o
 .text.HAL_FMAC_Init
                0x0000000008005488       0x7e Drivers/STM32H7xx_HAL_Driver/Src/stm32h7xx_hal_fmac.o
                0x0000000008005488                HAL_FMAC_Init
 .text.FMAC_Reset
                0x0000000008005506       0x52 Drivers/STM32H7xx_HAL_Driver/Src/stm32h7xx_hal_fmac.o
 .text.FMAC_ResetDataPointers
                0x0000000008005558       0x1c Drivers/STM32H7xx_HAL_Driver/Src/stm32h7xx_hal_fmac.o
 .text.FMAC_ResetInputStateAndDataPointers
                0x0000000008005574       0x2e Drivers/STM32H7xx_HAL_Driver/Src/stm32h7xx_hal_fmac.o
 .text.FMAC_ResetOutputStateAndDataPointers
                0x00000000080055a2       0x2e Drivers/STM32H7xx_HAL_Driver/Src/stm32h7xx_hal_fmac.o
 .text.HAL_GPIO_Init
                0x00000000080055d0      0x350 Drivers/STM32H7xx_HAL_Driver/Src/stm32h7xx_hal_gpio.o
                0x00000000080055d0                HAL_GPIO_Init
 .text.HAL_GPIO_WritePin
                0x0000000008005920       0x32 Drivers/STM32H7xx_HAL_Driver/Src/stm32h7xx_hal_gpio.o
                0x0000000008005920                HAL_GPIO_WritePin
 .text.HAL_GPIO_TogglePin
                0x0000000008005952       0x34 Drivers/STM32H7xx_HAL_Driver/Src/stm32h7xx_hal_gpio.o
                0x0000000008005952                HAL_GPIO_TogglePin
 *fill*         0x0000000008005986        0x2 
 .text.HAL_I2C_Init
                0x0000000008005988      0x120 Drivers/STM32H7xx_HAL_Driver/Src/stm32h7xx_hal_i2c.o
                0x0000000008005988                HAL_I2C_Init
 .text.HAL_I2CEx_ConfigAnalogFilter
                0x0000000008005aa8       0x96 Drivers/STM32H7xx_HAL_Driver/Src/stm32h7xx_hal_i2c_ex.o
                0x0000000008005aa8                HAL_I2CEx_ConfigAnalogFilter
 .text.HAL_I2CEx_ConfigDigitalFilter
                0x0000000008005b3e       0x98 Drivers/STM32H7xx_HAL_Driver/Src/stm32h7xx_hal_i2c_ex.o
                0x0000000008005b3e                HAL_I2CEx_ConfigDigitalFilter
 *fill*         0x0000000008005bd6        0x2 
 .text.HAL_PWREx_ConfigSupply
                0x0000000008005bd8       0x74 Drivers/STM32H7xx_HAL_Driver/Src/stm32h7xx_hal_pwr_ex.o
                0x0000000008005bd8                HAL_PWREx_ConfigSupply
 .text.HAL_RCC_OscConfig
                0x0000000008005c4c      0x71c Drivers/STM32H7xx_HAL_Driver/Src/stm32h7xx_hal_rcc.o
                0x0000000008005c4c                HAL_RCC_OscConfig
 .text.HAL_RCC_ClockConfig
                0x0000000008006368      0x36c Drivers/STM32H7xx_HAL_Driver/Src/stm32h7xx_hal_rcc.o
                0x0000000008006368                HAL_RCC_ClockConfig
 .text.HAL_RCC_GetSysClockFreq
                0x00000000080066d4      0x2f4 Drivers/STM32H7xx_HAL_Driver/Src/stm32h7xx_hal_rcc.o
                0x00000000080066d4                HAL_RCC_GetSysClockFreq
 .text.HAL_RCC_GetHCLKFreq
                0x00000000080069c8       0x60 Drivers/STM32H7xx_HAL_Driver/Src/stm32h7xx_hal_rcc.o
                0x00000000080069c8                HAL_RCC_GetHCLKFreq
 .text.HAL_RCC_GetPCLK1Freq
                0x0000000008006a28       0x2c Drivers/STM32H7xx_HAL_Driver/Src/stm32h7xx_hal_rcc.o
                0x0000000008006a28                HAL_RCC_GetPCLK1Freq
 .text.HAL_RCC_GetPCLK2Freq
                0x0000000008006a54       0x2c Drivers/STM32H7xx_HAL_Driver/Src/stm32h7xx_hal_rcc.o
                0x0000000008006a54                HAL_RCC_GetPCLK2Freq
 .text.HAL_RCC_GetClockConfig
                0x0000000008006a80       0x84 Drivers/STM32H7xx_HAL_Driver/Src/stm32h7xx_hal_rcc.o
                0x0000000008006a80                HAL_RCC_GetClockConfig
 .text.HAL_RCCEx_PeriphCLKConfig
                0x0000000008006b04      0xdf4 Drivers/STM32H7xx_HAL_Driver/Src/stm32h7xx_hal_rcc_ex.o
                0x0000000008006b04                HAL_RCCEx_PeriphCLKConfig
 .text.HAL_RCCEx_GetPeriphCLKFreq
                0x00000000080078f8      0x848 Drivers/STM32H7xx_HAL_Driver/Src/stm32h7xx_hal_rcc_ex.o
                0x00000000080078f8                HAL_RCCEx_GetPeriphCLKFreq
 .text.HAL_RCCEx_GetD3PCLK1Freq
                0x0000000008008140       0x2c Drivers/STM32H7xx_HAL_Driver/Src/stm32h7xx_hal_rcc_ex.o
                0x0000000008008140                HAL_RCCEx_GetD3PCLK1Freq
 .text.HAL_RCCEx_GetPLL2ClockFreq
                0x000000000800816c      0x2a8 Drivers/STM32H7xx_HAL_Driver/Src/stm32h7xx_hal_rcc_ex.o
                0x000000000800816c                HAL_RCCEx_GetPLL2ClockFreq
 .text.HAL_RCCEx_GetPLL3ClockFreq
                0x0000000008008414      0x2a8 Drivers/STM32H7xx_HAL_Driver/Src/stm32h7xx_hal_rcc_ex.o
                0x0000000008008414                HAL_RCCEx_GetPLL3ClockFreq
 .text.HAL_RCCEx_GetPLL1ClockFreq
                0x00000000080086bc      0x2a4 Drivers/STM32H7xx_HAL_Driver/Src/stm32h7xx_hal_rcc_ex.o
                0x00000000080086bc                HAL_RCCEx_GetPLL1ClockFreq
 .text.RCCEx_PLL2_Config
                0x0000000008008960      0x164 Drivers/STM32H7xx_HAL_Driver/Src/stm32h7xx_hal_rcc_ex.o
 .text.RCCEx_PLL3_Config
                0x0000000008008ac4      0x164 Drivers/STM32H7xx_HAL_Driver/Src/stm32h7xx_hal_rcc_ex.o
 .text.HAL_SPI_Init
                0x0000000008008c28      0x204 Drivers/STM32H7xx_HAL_Driver/Src/stm32h7xx_hal_spi.o
                0x0000000008008c28                HAL_SPI_Init
 .text.HAL_SPI_TransmitReceive
                0x0000000008008e2c      0x5d8 Drivers/STM32H7xx_HAL_Driver/Src/stm32h7xx_hal_spi.o
                0x0000000008008e2c                HAL_SPI_TransmitReceive
 .text.SPI_CloseTransfer
                0x0000000008009404      0x140 Drivers/STM32H7xx_HAL_Driver/Src/stm32h7xx_hal_spi.o
 .text.SPI_WaitOnFlagUntilTimeout
                0x0000000008009544       0x5c Drivers/STM32H7xx_HAL_Driver/Src/stm32h7xx_hal_spi.o
 .text.SPI_GetPacketSize
                0x00000000080095a0       0x36 Drivers/STM32H7xx_HAL_Driver/Src/stm32h7xx_hal_spi.o
 .text.HAL_TIM_Base_Init
                0x00000000080095d6       0xae Drivers/STM32H7xx_HAL_Driver/Src/stm32h7xx_hal_tim.o
                0x00000000080095d6                HAL_TIM_Base_Init
 .text.HAL_TIM_Base_Start_IT
                0x0000000008009684      0x10c Drivers/STM32H7xx_HAL_Driver/Src/stm32h7xx_hal_tim.o
                0x0000000008009684                HAL_TIM_Base_Start_IT
 .text.HAL_TIM_PWM_Init
                0x0000000008009790       0xae Drivers/STM32H7xx_HAL_Driver/Src/stm32h7xx_hal_tim.o
                0x0000000008009790                HAL_TIM_PWM_Init
 *fill*         0x000000000800983e        0x2 
 .text.HAL_TIM_PWM_Start
                0x0000000008009840      0x238 Drivers/STM32H7xx_HAL_Driver/Src/stm32h7xx_hal_tim.o
                0x0000000008009840                HAL_TIM_PWM_Start
 .text.HAL_TIM_IRQHandler
                0x0000000008009a78      0x23e Drivers/STM32H7xx_HAL_Driver/Src/stm32h7xx_hal_tim.o
                0x0000000008009a78                HAL_TIM_IRQHandler
 *fill*         0x0000000008009cb6        0x2 
 .text.HAL_TIM_PWM_ConfigChannel
                0x0000000008009cb8      0x220 Drivers/STM32H7xx_HAL_Driver/Src/stm32h7xx_hal_tim.o
                0x0000000008009cb8                HAL_TIM_PWM_ConfigChannel
 .text.HAL_TIM_ConfigClockSource
                0x0000000008009ed8      0x1e8 Drivers/STM32H7xx_HAL_Driver/Src/stm32h7xx_hal_tim.o
                0x0000000008009ed8                HAL_TIM_ConfigClockSource
 .text.HAL_TIM_OC_DelayElapsedCallback
                0x000000000800a0c0       0x14 Drivers/STM32H7xx_HAL_Driver/Src/stm32h7xx_hal_tim.o
                0x000000000800a0c0                HAL_TIM_OC_DelayElapsedCallback
 .text.HAL_TIM_IC_CaptureCallback
                0x000000000800a0d4       0x14 Drivers/STM32H7xx_HAL_Driver/Src/stm32h7xx_hal_tim.o
                0x000000000800a0d4                HAL_TIM_IC_CaptureCallback
 .text.HAL_TIM_PWM_PulseFinishedCallback
                0x000000000800a0e8       0x14 Drivers/STM32H7xx_HAL_Driver/Src/stm32h7xx_hal_tim.o
                0x000000000800a0e8                HAL_TIM_PWM_PulseFinishedCallback
 .text.HAL_TIM_TriggerCallback
                0x000000000800a0fc       0x14 Drivers/STM32H7xx_HAL_Driver/Src/stm32h7xx_hal_tim.o
                0x000000000800a0fc                HAL_TIM_TriggerCallback
 .text.TIM_Base_SetConfig
                0x000000000800a110      0x14c Drivers/STM32H7xx_HAL_Driver/Src/stm32h7xx_hal_tim.o
                0x000000000800a110                TIM_Base_SetConfig
 .text.TIM_OC1_SetConfig
                0x000000000800a25c      0x120 Drivers/STM32H7xx_HAL_Driver/Src/stm32h7xx_hal_tim.o
 .text.TIM_OC2_SetConfig
                0x000000000800a37c      0x114 Drivers/STM32H7xx_HAL_Driver/Src/stm32h7xx_hal_tim.o
                0x000000000800a37c                TIM_OC2_SetConfig
 .text.TIM_OC3_SetConfig
                0x000000000800a490      0x10c Drivers/STM32H7xx_HAL_Driver/Src/stm32h7xx_hal_tim.o
 .text.TIM_OC4_SetConfig
                0x000000000800a59c       0xd0 Drivers/STM32H7xx_HAL_Driver/Src/stm32h7xx_hal_tim.o
 .text.TIM_OC5_SetConfig
                0x000000000800a66c       0xc4 Drivers/STM32H7xx_HAL_Driver/Src/stm32h7xx_hal_tim.o
 .text.TIM_OC6_SetConfig
                0x000000000800a730       0xc8 Drivers/STM32H7xx_HAL_Driver/Src/stm32h7xx_hal_tim.o
 .text.TIM_TI1_ConfigInputStage
                0x000000000800a7f8       0x5e Drivers/STM32H7xx_HAL_Driver/Src/stm32h7xx_hal_tim.o
 .text.TIM_TI2_ConfigInputStage
                0x000000000800a856       0x60 Drivers/STM32H7xx_HAL_Driver/Src/stm32h7xx_hal_tim.o
 *fill*         0x000000000800a8b6        0x2 
 .text.TIM_ITRx_SetConfig
                0x000000000800a8b8       0x3c Drivers/STM32H7xx_HAL_Driver/Src/stm32h7xx_hal_tim.o
 .text.TIM_ETR_SetConfig
                0x000000000800a8f4       0x40 Drivers/STM32H7xx_HAL_Driver/Src/stm32h7xx_hal_tim.o
                0x000000000800a8f4                TIM_ETR_SetConfig
 .text.TIM_CCxChannelCmd
                0x000000000800a934       0x4a Drivers/STM32H7xx_HAL_Driver/Src/stm32h7xx_hal_tim.o
                0x000000000800a934                TIM_CCxChannelCmd
 *fill*         0x000000000800a97e        0x2 
 .text.HAL_TIMEx_PWMN_Start
                0x000000000800a980      0x1a0 Drivers/STM32H7xx_HAL_Driver/Src/stm32h7xx_hal_tim_ex.o
                0x000000000800a980                HAL_TIMEx_PWMN_Start
 .text.HAL_TIMEx_MasterConfigSynchronization
                0x000000000800ab20      0x138 Drivers/STM32H7xx_HAL_Driver/Src/stm32h7xx_hal_tim_ex.o
                0x000000000800ab20                HAL_TIMEx_MasterConfigSynchronization
 .text.HAL_TIMEx_ConfigBreakDeadTime
                0x000000000800ac58       0xfc Drivers/STM32H7xx_HAL_Driver/Src/stm32h7xx_hal_tim_ex.o
                0x000000000800ac58                HAL_TIMEx_ConfigBreakDeadTime
 .text.HAL_TIMEx_CommutCallback
                0x000000000800ad54       0x14 Drivers/STM32H7xx_HAL_Driver/Src/stm32h7xx_hal_tim_ex.o
                0x000000000800ad54                HAL_TIMEx_CommutCallback
 .text.HAL_TIMEx_BreakCallback
                0x000000000800ad68       0x14 Drivers/STM32H7xx_HAL_Driver/Src/stm32h7xx_hal_tim_ex.o
                0x000000000800ad68                HAL_TIMEx_BreakCallback
 .text.HAL_TIMEx_Break2Callback
                0x000000000800ad7c       0x14 Drivers/STM32H7xx_HAL_Driver/Src/stm32h7xx_hal_tim_ex.o
                0x000000000800ad7c                HAL_TIMEx_Break2Callback
 .text.TIM_CCxNChannelCmd
                0x000000000800ad90       0x4a Drivers/STM32H7xx_HAL_Driver/Src/stm32h7xx_hal_tim_ex.o
 .text.HAL_UART_Init
                0x000000000800adda       0xa0 Drivers/STM32H7xx_HAL_Driver/Src/stm32h7xx_hal_uart.o
                0x000000000800adda                HAL_UART_Init
 *fill*         0x000000000800ae7a        0x2 
 .text.UART_SetConfig
                0x000000000800ae7c      0xcbc Drivers/STM32H7xx_HAL_Driver/Src/stm32h7xx_hal_uart.o
                0x000000000800ae7c                UART_SetConfig
 .text.UART_AdvFeatureConfig
                0x000000000800bb38      0x144 Drivers/STM32H7xx_HAL_Driver/Src/stm32h7xx_hal_uart.o
                0x000000000800bb38                UART_AdvFeatureConfig
 .text.UART_CheckIdleState
                0x000000000800bc7c       0x96 Drivers/STM32H7xx_HAL_Driver/Src/stm32h7xx_hal_uart.o
                0x000000000800bc7c                UART_CheckIdleState
 .text.UART_WaitOnFlagUntilTimeout
                0x000000000800bd12      0x100 Drivers/STM32H7xx_HAL_Driver/Src/stm32h7xx_hal_uart.o
                0x000000000800bd12                UART_WaitOnFlagUntilTimeout
 *fill*         0x000000000800be12        0x2 
 .text.HAL_RS485Ex_Init
                0x000000000800be14       0xd4 Drivers/STM32H7xx_HAL_Driver/Src/stm32h7xx_hal_uart_ex.o
                0x000000000800be14                HAL_RS485Ex_Init
 .text.HAL_UARTEx_DisableFifoMode
                0x000000000800bee8       0x72 Drivers/STM32H7xx_HAL_Driver/Src/stm32h7xx_hal_uart_ex.o
                0x000000000800bee8                HAL_UARTEx_DisableFifoMode
 .text.HAL_UARTEx_SetTxFifoThreshold
                0x000000000800bf5a       0x7c Drivers/STM32H7xx_HAL_Driver/Src/stm32h7xx_hal_uart_ex.o
                0x000000000800bf5a                HAL_UARTEx_SetTxFifoThreshold
 .text.HAL_UARTEx_SetRxFifoThreshold
                0x000000000800bfd6       0x7c Drivers/STM32H7xx_HAL_Driver/Src/stm32h7xx_hal_uart_ex.o
                0x000000000800bfd6                HAL_UARTEx_SetRxFifoThreshold
 *fill*         0x000000000800c052        0x2 
 .text.UARTEx_SetNbDataToProcess
                0x000000000800c054       0x9c Drivers/STM32H7xx_HAL_Driver/Src/stm32h7xx_hal_uart_ex.o
 .text.__libc_init_array
                0x000000000800c0f0       0x48 c:/st/stm32cubeide_1.3.0/stm32cubeide/plugins/com.st.stm32cube.ide.mcu.externaltools.gnu-tools-for-stm32.9-2020-q2-update.win32_1.5.0.202011040924/tools/bin/../lib/gcc/arm-none-eabi/9.3.1/../../../../arm-none-eabi/lib/thumb/v7e-m+dp/hard\libc_nano.a(lib_a-init.o)
                0x000000000800c0f0                __libc_init_array
 .text.memcpy   0x000000000800c138       0x1c c:/st/stm32cubeide_1.3.0/stm32cubeide/plugins/com.st.stm32cube.ide.mcu.externaltools.gnu-tools-for-stm32.9-2020-q2-update.win32_1.5.0.202011040924/tools/bin/../lib/gcc/arm-none-eabi/9.3.1/../../../../arm-none-eabi/lib/thumb/v7e-m+dp/hard\libc_nano.a(lib_a-memcpy-stub.o)
                0x000000000800c138                memcpy
 .text.memset   0x000000000800c154       0x10 c:/st/stm32cubeide_1.3.0/stm32cubeide/plugins/com.st.stm32cube.ide.mcu.externaltools.gnu-tools-for-stm32.9-2020-q2-update.win32_1.5.0.202011040924/tools/bin/../lib/gcc/arm-none-eabi/9.3.1/../../../../arm-none-eabi/lib/thumb/v7e-m+dp/hard\libc_nano.a(lib_a-memset.o)
                0x000000000800c154                memset
 *(.glue_7)
 .glue_7        0x000000000800c164        0x0 linker stubs
 *(.glue_7t)
 .glue_7t       0x000000000800c164        0x0 linker stubs
 *(.eh_frame)
 .eh_frame      0x000000000800c164        0x0 c:/st/stm32cubeide_1.3.0/stm32cubeide/plugins/com.st.stm32cube.ide.mcu.externaltools.gnu-tools-for-stm32.9-2020-q2-update.win32_1.5.0.202011040924/tools/bin/../lib/gcc/arm-none-eabi/9.3.1/thumb/v7e-m+dp/hard/crtbegin.o
 *(.init)
 .init          0x000000000800c164        0x4 c:/st/stm32cubeide_1.3.0/stm32cubeide/plugins/com.st.stm32cube.ide.mcu.externaltools.gnu-tools-for-stm32.9-2020-q2-update.win32_1.5.0.202011040924/tools/bin/../lib/gcc/arm-none-eabi/9.3.1/thumb/v7e-m+dp/hard/crti.o
                0x000000000800c164                _init
 .init          0x000000000800c168        0x8 c:/st/stm32cubeide_1.3.0/stm32cubeide/plugins/com.st.stm32cube.ide.mcu.externaltools.gnu-tools-for-stm32.9-2020-q2-update.win32_1.5.0.202011040924/tools/bin/../lib/gcc/arm-none-eabi/9.3.1/thumb/v7e-m+dp/hard/crtn.o
 *(.fini)
 .fini          0x000000000800c170        0x4 c:/st/stm32cubeide_1.3.0/stm32cubeide/plugins/com.st.stm32cube.ide.mcu.externaltools.gnu-tools-for-stm32.9-2020-q2-update.win32_1.5.0.202011040924/tools/bin/../lib/gcc/arm-none-eabi/9.3.1/thumb/v7e-m+dp/hard/crti.o
                0x000000000800c170                _fini
 .fini          0x000000000800c174        0x8 c:/st/stm32cubeide_1.3.0/stm32cubeide/plugins/com.st.stm32cube.ide.mcu.externaltools.gnu-tools-for-stm32.9-2020-q2-update.win32_1.5.0.202011040924/tools/bin/../lib/gcc/arm-none-eabi/9.3.1/thumb/v7e-m+dp/hard/crtn.o
                0x000000000800c17c                . = ALIGN (0x4)
                0x000000000800c17c                _etext = .

.vfp11_veneer   0x000000000800c17c        0x0
 .vfp11_veneer  0x000000000800c17c        0x0 linker stubs

.v4_bx          0x000000000800c17c        0x0
 .v4_bx         0x000000000800c17c        0x0 linker stubs

.iplt           0x000000000800c17c        0x0
 .iplt          0x000000000800c17c        0x0 c:/st/stm32cubeide_1.3.0/stm32cubeide/plugins/com.st.stm32cube.ide.mcu.externaltools.gnu-tools-for-stm32.9-2020-q2-update.win32_1.5.0.202011040924/tools/bin/../lib/gcc/arm-none-eabi/9.3.1/thumb/v7e-m+dp/hard/crtbegin.o

.rodata         0x000000000800c17c       0x84
                0x000000000800c17c                . = ALIGN (0x4)
 *(.rodata)
 .rodata        0x000000000800c17c       0x4c Drivers/STM32H7xx_HAL_Driver/Src/stm32h7xx_hal_fdcan.o
 *(.rodata*)
 .rodata.D1CorePrescTable
                0x000000000800c1c8       0x10 Core/Src/system_stm32h7xx.o
                0x000000000800c1c8                D1CorePrescTable
 .rodata.UARTPrescTable
                0x000000000800c1d8       0x18 Drivers/STM32H7xx_HAL_Driver/Src/stm32h7xx_hal_uart.o
                0x000000000800c1d8                UARTPrescTable
 .rodata.numerator.13022
                0x000000000800c1f0        0x8 Drivers/STM32H7xx_HAL_Driver/Src/stm32h7xx_hal_uart_ex.o
 .rodata.denominator.13023
                0x000000000800c1f8        0x8 Drivers/STM32H7xx_HAL_Driver/Src/stm32h7xx_hal_uart_ex.o
                0x000000000800c200                . = ALIGN (0x4)

.ARM.extab      0x000000000800c200        0x0
                0x000000000800c200                . = ALIGN (0x4)
 *(.ARM.extab* .gnu.linkonce.armextab.*)
                0x000000000800c200                . = ALIGN (0x4)

.ARM            0x000000000800c200        0x8
                0x000000000800c200                . = ALIGN (0x4)
                0x000000000800c200                __exidx_start = .
 *(.ARM.exidx*)
 .ARM.exidx     0x000000000800c200        0x8 c:/st/stm32cubeide_1.3.0/stm32cubeide/plugins/com.st.stm32cube.ide.mcu.externaltools.gnu-tools-for-stm32.9-2020-q2-update.win32_1.5.0.202011040924/tools/bin/../lib/gcc/arm-none-eabi/9.3.1/thumb/v7e-m+dp/hard\libgcc.a(_udivmoddi4.o)
                0x000000000800c208                __exidx_end = .
                0x000000000800c208                . = ALIGN (0x4)

.rel.dyn        0x000000000800c208        0x0
 .rel.iplt      0x000000000800c208        0x0 c:/st/stm32cubeide_1.3.0/stm32cubeide/plugins/com.st.stm32cube.ide.mcu.externaltools.gnu-tools-for-stm32.9-2020-q2-update.win32_1.5.0.202011040924/tools/bin/../lib/gcc/arm-none-eabi/9.3.1/thumb/v7e-m+dp/hard/crtbegin.o

.preinit_array  0x000000000800c208        0x0
                0x000000000800c208                . = ALIGN (0x4)
                0x000000000800c208                PROVIDE (__preinit_array_start = .)
 *(.preinit_array*)
                0x000000000800c208                PROVIDE (__preinit_array_end = .)
                0x000000000800c208                . = ALIGN (0x4)

.init_array     0x000000000800c208        0x4
                0x000000000800c208                . = ALIGN (0x4)
                0x000000000800c208                PROVIDE (__init_array_start = .)
 *(SORT_BY_NAME(.init_array.*))
 *(.init_array*)
 .init_array    0x000000000800c208        0x4 c:/st/stm32cubeide_1.3.0/stm32cubeide/plugins/com.st.stm32cube.ide.mcu.externaltools.gnu-tools-for-stm32.9-2020-q2-update.win32_1.5.0.202011040924/tools/bin/../lib/gcc/arm-none-eabi/9.3.1/thumb/v7e-m+dp/hard/crtbegin.o
                0x000000000800c20c                PROVIDE (__init_array_end = .)
                0x000000000800c20c                . = ALIGN (0x4)

.fini_array     0x000000000800c20c        0x4
                0x000000000800c20c                . = ALIGN (0x4)
                [!provide]                        PROVIDE (__fini_array_start = .)
 *(SORT_BY_NAME(.fini_array.*))
 *(.fini_array*)
 .fini_array    0x000000000800c20c        0x4 c:/st/stm32cubeide_1.3.0/stm32cubeide/plugins/com.st.stm32cube.ide.mcu.externaltools.gnu-tools-for-stm32.9-2020-q2-update.win32_1.5.0.202011040924/tools/bin/../lib/gcc/arm-none-eabi/9.3.1/thumb/v7e-m+dp/hard/crtbegin.o
                [!provide]                        PROVIDE (__fini_array_end = .)
                0x000000000800c210                . = ALIGN (0x4)
                0x000000000800c210                _sidata = LOADADDR (.data)

.data           0x0000000024000000      0x5bc load address 0x000000000800c210
                0x0000000024000000                . = ALIGN (0x4)
                0x0000000024000000                _sdata = .
 *(.data)
 *(.data*)
 .data.sin_lut_table
                0x0000000024000000      0x5a0 Core/Src/FOC.o
                0x0000000024000000                sin_lut_table
 .data.sqrt2_3  0x00000000240005a0        0x4 Core/Src/FOC.o
                0x00000000240005a0                sqrt2_3
 .data.sqrt1_6  0x00000000240005a4        0x4 Core/Src/FOC.o
                0x00000000240005a4                sqrt1_6
 .data.sqrt1_2  0x00000000240005a8        0x4 Core/Src/FOC.o
                0x00000000240005a8                sqrt1_2
 .data.SystemCoreClock
                0x00000000240005ac        0x4 Core/Src/system_stm32h7xx.o
                0x00000000240005ac                SystemCoreClock
 .data.SystemD2Clock
                0x00000000240005b0        0x4 Core/Src/system_stm32h7xx.o
                0x00000000240005b0                SystemD2Clock
 .data.uwTickPrio
                0x00000000240005b4        0x4 Drivers/STM32H7xx_HAL_Driver/Src/stm32h7xx_hal.o
                0x00000000240005b4                uwTickPrio
 .data.uwTickFreq
                0x00000000240005b8        0x1 Drivers/STM32H7xx_HAL_Driver/Src/stm32h7xx_hal.o
                0x00000000240005b8                uwTickFreq
                0x00000000240005bc                . = ALIGN (0x4)
 *fill*         0x00000000240005b9        0x3 
                0x00000000240005bc                _edata = .

.igot.plt       0x00000000240005bc        0x0 load address 0x000000000800c7cc
 .igot.plt      0x00000000240005bc        0x0 c:/st/stm32cubeide_1.3.0/stm32cubeide/plugins/com.st.stm32cube.ide.mcu.externaltools.gnu-tools-for-stm32.9-2020-q2-update.win32_1.5.0.202011040924/tools/bin/../lib/gcc/arm-none-eabi/9.3.1/thumb/v7e-m+dp/hard/crtbegin.o
                0x00000000240005bc                . = ALIGN (0x4)

.bss            0x00000000240005bc      0x734 load address 0x000000000800c7cc
                0x00000000240005bc                _sbss = .
                0x00000000240005bc                __bss_start__ = _sbss
 *(.bss)
 .bss           0x00000000240005bc       0x1c c:/st/stm32cubeide_1.3.0/stm32cubeide/plugins/com.st.stm32cube.ide.mcu.externaltools.gnu-tools-for-stm32.9-2020-q2-update.win32_1.5.0.202011040924/tools/bin/../lib/gcc/arm-none-eabi/9.3.1/thumb/v7e-m+dp/hard/crtbegin.o
 *(.bss*)
 .bss.hadc1     0x00000000240005d8       0x70 Core/Src/main.o
                0x00000000240005d8                hadc1
 .bss.hadc2     0x0000000024000648       0x70 Core/Src/main.o
                0x0000000024000648                hadc2
 .bss.hadc3     0x00000000240006b8       0x70 Core/Src/main.o
                0x00000000240006b8                hadc3
 .bss.hcordic   0x0000000024000728       0x28 Core/Src/main.o
                0x0000000024000728                hcordic
 .bss.hdfsdm1_filter0
                0x0000000024000750       0x54 Core/Src/main.o
                0x0000000024000750                hdfsdm1_filter0
 .bss.hdfsdm1_filter1
                0x00000000240007a4       0x54 Core/Src/main.o
                0x00000000240007a4                hdfsdm1_filter1
 .bss.hdfsdm1_channel1
                0x00000000240007f8       0x38 Core/Src/main.o
                0x00000000240007f8                hdfsdm1_channel1
 .bss.hdfsdm1_channel5
                0x0000000024000830       0x38 Core/Src/main.o
                0x0000000024000830                hdfsdm1_channel5
 .bss.hdfsdm1_channel6
                0x0000000024000868       0x38 Core/Src/main.o
                0x0000000024000868                hdfsdm1_channel6
 .bss.hfdcan1   0x00000000240008a0       0xa0 Core/Src/main.o
                0x00000000240008a0                hfdcan1
 .bss.hfmac     0x0000000024000940       0x38 Core/Src/main.o
                0x0000000024000940                hfmac
 .bss.hi2c3     0x0000000024000978       0x4c Core/Src/main.o
                0x0000000024000978                hi2c3
 .bss.hspi2     0x00000000240009c4       0x88 Core/Src/main.o
                0x00000000240009c4                hspi2
 .bss.htim1     0x0000000024000a4c       0x4c Core/Src/main.o
                0x0000000024000a4c                htim1
 .bss.htim3     0x0000000024000a98       0x4c Core/Src/main.o
                0x0000000024000a98                htim3
 .bss.htim4     0x0000000024000ae4       0x4c Core/Src/main.o
                0x0000000024000ae4                htim4
 .bss.huart1    0x0000000024000b30       0x90 Core/Src/main.o
                0x0000000024000b30                huart1
 .bss.huart2    0x0000000024000bc0       0x90 Core/Src/main.o
                0x0000000024000bc0                huart2
 .bss.pwm_flag  0x0000000024000c50        0x4 Core/Src/main.o
                0x0000000024000c50                pwm_flag
 .bss.debug_angle
                0x0000000024000c54        0x4 Core/Src/main.o
                0x0000000024000c54                debug_angle
 .bss.debug_DC_Bus
                0x0000000024000c58        0x4 Core/Src/main.o
                0x0000000024000c58                debug_DC_Bus
 .bss.debug_Current_A
                0x0000000024000c5c        0x4 Core/Src/main.o
                0x0000000024000c5c                debug_Current_A
 .bss.debug_Current_C
                0x0000000024000c60        0x4 Core/Src/main.o
                0x0000000024000c60                debug_Current_C
 .bss.debug_offset
                0x0000000024000c64        0x4 Core/Src/main.o
                0x0000000024000c64                debug_offset
 .bss.debug_vq  0x0000000024000c68        0x4 Core/Src/main.o
                0x0000000024000c68                debug_vq
 .bss.debug_speed
                0x0000000024000c6c        0x4 Core/Src/main.o
                0x0000000024000c6c                debug_speed
 .bss.HAL_RCC_ADC12_CLK_ENABLED
                0x0000000024000c70        0x4 Core/Src/stm32h7xx_hal_msp.o
 .bss.HAL_RCC_DFSDM1_CLK_ENABLED
                0x0000000024000c74        0x4 Core/Src/stm32h7xx_hal_msp.o
 .bss.DFSDM1_Init
                0x0000000024000c78        0x4 Core/Src/stm32h7xx_hal_msp.o
 .bss.v_dfsdm1ChannelCounter
                0x0000000024000c7c        0x4 Drivers/STM32H7xx_HAL_Driver/Src/stm32h7xx_hal_dfsdm.o
 .bss.a_dfsdm1ChannelHandle
                0x0000000024000c80       0x20 Drivers/STM32H7xx_HAL_Driver/Src/stm32h7xx_hal_dfsdm.o
 *(COMMON)
 COMMON         0x0000000024000ca0       0x4c Core/Src/stm32h7xx_hal_timebase_tim.o
                0x0000000024000ca0                htim2
 COMMON         0x0000000024000cec        0x4 Drivers/STM32H7xx_HAL_Driver/Src/stm32h7xx_hal.o
                0x0000000024000cec                uwTick
                0x0000000024000cf0                . = ALIGN (0x4)
                0x0000000024000cf0                _ebss = .
                0x0000000024000cf0                __bss_end__ = _ebss

._user_heap_stack
                0x0000000024000cf0      0x600 load address 0x000000000800c7cc
                0x0000000024000cf0                . = ALIGN (0x8)
                [!provide]                        PROVIDE (end = .)
                0x0000000024000cf0                PROVIDE (_end = .)
                0x0000000024000ef0                . = (. + _Min_Heap_Size)
 *fill*         0x0000000024000cf0      0x200 
                0x00000000240012f0                . = (. + _Min_Stack_Size)
 *fill*         0x0000000024000ef0      0x400 
                0x00000000240012f0                . = ALIGN (0x8)

/DISCARD/
 libc.a(*)
 libm.a(*)
 libgcc.a(*)

.ARM.attributes
                0x0000000000000000       0x2e
 *(.ARM.attributes)
 .ARM.attributes
                0x0000000000000000       0x1e c:/st/stm32cubeide_1.3.0/stm32cubeide/plugins/com.st.stm32cube.ide.mcu.externaltools.gnu-tools-for-stm32.9-2020-q2-update.win32_1.5.0.202011040924/tools/bin/../lib/gcc/arm-none-eabi/9.3.1/thumb/v7e-m+dp/hard/crti.o
 .ARM.attributes
                0x000000000000001e       0x32 c:/st/stm32cubeide_1.3.0/stm32cubeide/plugins/com.st.stm32cube.ide.mcu.externaltools.gnu-tools-for-stm32.9-2020-q2-update.win32_1.5.0.202011040924/tools/bin/../lib/gcc/arm-none-eabi/9.3.1/thumb/v7e-m+dp/hard/crtbegin.o
 .ARM.attributes
                0x0000000000000050       0x32 Core/Src/FOC.o
 .ARM.attributes
                0x0000000000000082       0x32 Core/Src/main.o
 .ARM.attributes
                0x00000000000000b4       0x32 Core/Src/stm32h7xx_hal_msp.o
 .ARM.attributes
                0x00000000000000e6       0x32 Core/Src/stm32h7xx_hal_timebase_tim.o
 .ARM.attributes
                0x0000000000000118       0x32 Core/Src/stm32h7xx_it.o
 .ARM.attributes
                0x000000000000014a       0x32 Core/Src/system_stm32h7xx.o
 .ARM.attributes
                0x000000000000017c       0x21 Core/Startup/startup_stm32h730vbtx.o
 .ARM.attributes
                0x000000000000019d       0x32 Drivers/STM32H7xx_HAL_Driver/Src/stm32h7xx_hal.o
 .ARM.attributes
                0x00000000000001cf       0x32 Drivers/STM32H7xx_HAL_Driver/Src/stm32h7xx_hal_adc.o
 .ARM.attributes
                0x0000000000000201       0x32 Drivers/STM32H7xx_HAL_Driver/Src/stm32h7xx_hal_adc_ex.o
 .ARM.attributes
                0x0000000000000233       0x32 Drivers/STM32H7xx_HAL_Driver/Src/stm32h7xx_hal_cordic.o
 .ARM.attributes
                0x0000000000000265       0x32 Drivers/STM32H7xx_HAL_Driver/Src/stm32h7xx_hal_cortex.o
 .ARM.attributes
                0x0000000000000297       0x32 Drivers/STM32H7xx_HAL_Driver/Src/stm32h7xx_hal_dfsdm.o
 .ARM.attributes
                0x00000000000002c9       0x32 Drivers/STM32H7xx_HAL_Driver/Src/stm32h7xx_hal_fdcan.o
 .ARM.attributes
                0x00000000000002fb       0x32 Drivers/STM32H7xx_HAL_Driver/Src/stm32h7xx_hal_fmac.o
 .ARM.attributes
                0x000000000000032d       0x32 Drivers/STM32H7xx_HAL_Driver/Src/stm32h7xx_hal_gpio.o
 .ARM.attributes
                0x000000000000035f       0x32 Drivers/STM32H7xx_HAL_Driver/Src/stm32h7xx_hal_i2c.o
 .ARM.attributes
                0x0000000000000391       0x32 Drivers/STM32H7xx_HAL_Driver/Src/stm32h7xx_hal_i2c_ex.o
 .ARM.attributes
                0x00000000000003c3       0x32 Drivers/STM32H7xx_HAL_Driver/Src/stm32h7xx_hal_pwr_ex.o
 .ARM.attributes
                0x00000000000003f5       0x32 Drivers/STM32H7xx_HAL_Driver/Src/stm32h7xx_hal_rcc.o
 .ARM.attributes
                0x0000000000000427       0x32 Drivers/STM32H7xx_HAL_Driver/Src/stm32h7xx_hal_rcc_ex.o
 .ARM.attributes
                0x0000000000000459       0x32 Drivers/STM32H7xx_HAL_Driver/Src/stm32h7xx_hal_spi.o
 .ARM.attributes
                0x000000000000048b       0x32 Drivers/STM32H7xx_HAL_Driver/Src/stm32h7xx_hal_tim.o
 .ARM.attributes
                0x00000000000004bd       0x32 Drivers/STM32H7xx_HAL_Driver/Src/stm32h7xx_hal_tim_ex.o
 .ARM.attributes
                0x00000000000004ef       0x32 Drivers/STM32H7xx_HAL_Driver/Src/stm32h7xx_hal_uart.o
 .ARM.attributes
                0x0000000000000521       0x32 Drivers/STM32H7xx_HAL_Driver/Src/stm32h7xx_hal_uart_ex.o
 .ARM.attributes
                0x0000000000000553       0x32 c:/st/stm32cubeide_1.3.0/stm32cubeide/plugins/com.st.stm32cube.ide.mcu.externaltools.gnu-tools-for-stm32.9-2020-q2-update.win32_1.5.0.202011040924/tools/bin/../lib/gcc/arm-none-eabi/9.3.1/../../../../arm-none-eabi/lib/thumb/v7e-m+dp/hard\libc_nano.a(lib_a-init.o)
 .ARM.attributes
                0x0000000000000585       0x32 c:/st/stm32cubeide_1.3.0/stm32cubeide/plugins/com.st.stm32cube.ide.mcu.externaltools.gnu-tools-for-stm32.9-2020-q2-update.win32_1.5.0.202011040924/tools/bin/../lib/gcc/arm-none-eabi/9.3.1/../../../../arm-none-eabi/lib/thumb/v7e-m+dp/hard\libc_nano.a(lib_a-memcpy-stub.o)
 .ARM.attributes
                0x00000000000005b7       0x32 c:/st/stm32cubeide_1.3.0/stm32cubeide/plugins/com.st.stm32cube.ide.mcu.externaltools.gnu-tools-for-stm32.9-2020-q2-update.win32_1.5.0.202011040924/tools/bin/../lib/gcc/arm-none-eabi/9.3.1/../../../../arm-none-eabi/lib/thumb/v7e-m+dp/hard\libc_nano.a(lib_a-memset.o)
 .ARM.attributes
                0x00000000000005e9       0x1e c:/st/stm32cubeide_1.3.0/stm32cubeide/plugins/com.st.stm32cube.ide.mcu.externaltools.gnu-tools-for-stm32.9-2020-q2-update.win32_1.5.0.202011040924/tools/bin/../lib/gcc/arm-none-eabi/9.3.1/thumb/v7e-m+dp/hard\libgcc.a(_aeabi_uldivmod.o)
 .ARM.attributes
                0x0000000000000607       0x32 c:/st/stm32cubeide_1.3.0/stm32cubeide/plugins/com.st.stm32cube.ide.mcu.externaltools.gnu-tools-for-stm32.9-2020-q2-update.win32_1.5.0.202011040924/tools/bin/../lib/gcc/arm-none-eabi/9.3.1/thumb/v7e-m+dp/hard\libgcc.a(_udivmoddi4.o)
 .ARM.attributes
                0x0000000000000639       0x1e c:/st/stm32cubeide_1.3.0/stm32cubeide/plugins/com.st.stm32cube.ide.mcu.externaltools.gnu-tools-for-stm32.9-2020-q2-update.win32_1.5.0.202011040924/tools/bin/../lib/gcc/arm-none-eabi/9.3.1/thumb/v7e-m+dp/hard\libgcc.a(_dvmd_tls.o)
 .ARM.attributes
                0x0000000000000657       0x1e c:/st/stm32cubeide_1.3.0/stm32cubeide/plugins/com.st.stm32cube.ide.mcu.externaltools.gnu-tools-for-stm32.9-2020-q2-update.win32_1.5.0.202011040924/tools/bin/../lib/gcc/arm-none-eabi/9.3.1/thumb/v7e-m+dp/hard/crtn.o
OUTPUT(Controller_Sensored_cpp.elf elf32-littlearm)
LOAD linker stubs
LOAD c:/st/stm32cubeide_1.3.0/stm32cubeide/plugins/com.st.stm32cube.ide.mcu.externaltools.gnu-tools-for-stm32.9-2020-q2-update.win32_1.5.0.202011040924/tools/bin/../lib/gcc/arm-none-eabi/9.3.1/../../../../arm-none-eabi/lib/thumb/v7e-m+dp/hard\libc.a
LOAD c:/st/stm32cubeide_1.3.0/stm32cubeide/plugins/com.st.stm32cube.ide.mcu.externaltools.gnu-tools-for-stm32.9-2020-q2-update.win32_1.5.0.202011040924/tools/bin/../lib/gcc/arm-none-eabi/9.3.1/../../../../arm-none-eabi/lib/thumb/v7e-m+dp/hard\libm.a
LOAD c:/st/stm32cubeide_1.3.0/stm32cubeide/plugins/com.st.stm32cube.ide.mcu.externaltools.gnu-tools-for-stm32.9-2020-q2-update.win32_1.5.0.202011040924/tools/bin/../lib/gcc/arm-none-eabi/9.3.1/thumb/v7e-m+dp/hard\libgcc.a

.debug_info     0x0000000000000000    0x3af8c
 .debug_info    0x0000000000000000     0x2c7f Core/Src/FOC.o
 .debug_info    0x0000000000002c7f     0x6858 Core/Src/main.o
 .debug_info    0x00000000000094d7     0x43ca Core/Src/stm32h7xx_hal_msp.o
 .debug_info    0x000000000000d8a1     0x1afe Core/Src/stm32h7xx_hal_timebase_tim.o
 .debug_info    0x000000000000f39f     0x1401 Core/Src/stm32h7xx_it.o
 .debug_info    0x00000000000107a0     0x15c5 Core/Src/system_stm32h7xx.o
 .debug_info    0x0000000000011d65       0x22 Core/Startup/startup_stm32h730vbtx.o
 .debug_info    0x0000000000011d87     0x211e Drivers/STM32H7xx_HAL_Driver/Src/stm32h7xx_hal.o
 .debug_info    0x0000000000013ea5     0x2f19 Drivers/STM32H7xx_HAL_Driver/Src/stm32h7xx_hal_adc.o
 .debug_info    0x0000000000016dbe     0x2efc Drivers/STM32H7xx_HAL_Driver/Src/stm32h7xx_hal_adc_ex.o
 .debug_info    0x0000000000019cba     0x159d Drivers/STM32H7xx_HAL_Driver/Src/stm32h7xx_hal_cordic.o
 .debug_info    0x000000000001b257     0x1c19 Drivers/STM32H7xx_HAL_Driver/Src/stm32h7xx_hal_cortex.o
 .debug_info    0x000000000001ce70     0x281e Drivers/STM32H7xx_HAL_Driver/Src/stm32h7xx_hal_dfsdm.o
 .debug_info    0x000000000001f68e     0x37a7 Drivers/STM32H7xx_HAL_Driver/Src/stm32h7xx_hal_fdcan.o
 .debug_info    0x0000000000022e35     0x1c64 Drivers/STM32H7xx_HAL_Driver/Src/stm32h7xx_hal_fmac.o
 .debug_info    0x0000000000024a99     0x17f5 Drivers/STM32H7xx_HAL_Driver/Src/stm32h7xx_hal_gpio.o
 .debug_info    0x000000000002628e     0x2d48 Drivers/STM32H7xx_HAL_Driver/Src/stm32h7xx_hal_i2c.o
 .debug_info    0x0000000000028fd6     0x18c5 Drivers/STM32H7xx_HAL_Driver/Src/stm32h7xx_hal_i2c_ex.o
 .debug_info    0x000000000002a89b     0x1919 Drivers/STM32H7xx_HAL_Driver/Src/stm32h7xx_hal_pwr_ex.o
 .debug_info    0x000000000002c1b4     0x185e Drivers/STM32H7xx_HAL_Driver/Src/stm32h7xx_hal_rcc.o
 .debug_info    0x000000000002da12     0x1ce6 Drivers/STM32H7xx_HAL_Driver/Src/stm32h7xx_hal_rcc_ex.o
 .debug_info    0x000000000002f6f8     0x1fc7 Drivers/STM32H7xx_HAL_Driver/Src/stm32h7xx_hal_spi.o
 .debug_info    0x00000000000316bf     0x3639 Drivers/STM32H7xx_HAL_Driver/Src/stm32h7xx_hal_tim.o
 .debug_info    0x0000000000034cf8     0x21cf Drivers/STM32H7xx_HAL_Driver/Src/stm32h7xx_hal_tim_ex.o
 .debug_info    0x0000000000036ec7     0x2937 Drivers/STM32H7xx_HAL_Driver/Src/stm32h7xx_hal_uart.o
 .debug_info    0x00000000000397fe     0x178e Drivers/STM32H7xx_HAL_Driver/Src/stm32h7xx_hal_uart_ex.o

.debug_abbrev   0x0000000000000000     0x4c3d
 .debug_abbrev  0x0000000000000000      0x3b3 Core/Src/FOC.o
 .debug_abbrev  0x00000000000003b3      0x488 Core/Src/main.o
 .debug_abbrev  0x000000000000083b      0x2df Core/Src/stm32h7xx_hal_msp.o
 .debug_abbrev  0x0000000000000b1a      0x271 Core/Src/stm32h7xx_hal_timebase_tim.o
 .debug_abbrev  0x0000000000000d8b      0x211 Core/Src/stm32h7xx_it.o
 .debug_abbrev  0x0000000000000f9c      0x251 Core/Src/system_stm32h7xx.o
 .debug_abbrev  0x00000000000011ed       0x12 Core/Startup/startup_stm32h730vbtx.o
 .debug_abbrev  0x00000000000011ff      0x324 Drivers/STM32H7xx_HAL_Driver/Src/stm32h7xx_hal.o
 .debug_abbrev  0x0000000000001523      0x34f Drivers/STM32H7xx_HAL_Driver/Src/stm32h7xx_hal_adc.o
 .debug_abbrev  0x0000000000001872      0x38a Drivers/STM32H7xx_HAL_Driver/Src/stm32h7xx_hal_adc_ex.o
 .debug_abbrev  0x0000000000001bfc      0x2c1 Drivers/STM32H7xx_HAL_Driver/Src/stm32h7xx_hal_cordic.o
 .debug_abbrev  0x0000000000001ebd      0x409 Drivers/STM32H7xx_HAL_Driver/Src/stm32h7xx_hal_cortex.o
 .debug_abbrev  0x00000000000022c6      0x2f1 Drivers/STM32H7xx_HAL_Driver/Src/stm32h7xx_hal_dfsdm.o
 .debug_abbrev  0x00000000000025b7      0x343 Drivers/STM32H7xx_HAL_Driver/Src/stm32h7xx_hal_fdcan.o
 .debug_abbrev  0x00000000000028fa      0x2cc Drivers/STM32H7xx_HAL_Driver/Src/stm32h7xx_hal_fmac.o
 .debug_abbrev  0x0000000000002bc6      0x2cb Drivers/STM32H7xx_HAL_Driver/Src/stm32h7xx_hal_gpio.o
 .debug_abbrev  0x0000000000002e91      0x2e6 Drivers/STM32H7xx_HAL_Driver/Src/stm32h7xx_hal_i2c.o
 .debug_abbrev  0x0000000000003177      0x29e Drivers/STM32H7xx_HAL_Driver/Src/stm32h7xx_hal_i2c_ex.o
 .debug_abbrev  0x0000000000003415      0x33f Drivers/STM32H7xx_HAL_Driver/Src/stm32h7xx_hal_pwr_ex.o
 .debug_abbrev  0x0000000000003754      0x311 Drivers/STM32H7xx_HAL_Driver/Src/stm32h7xx_hal_rcc.o
 .debug_abbrev  0x0000000000003a65      0x31d Drivers/STM32H7xx_HAL_Driver/Src/stm32h7xx_hal_rcc_ex.o
 .debug_abbrev  0x0000000000003d82      0x313 Drivers/STM32H7xx_HAL_Driver/Src/stm32h7xx_hal_spi.o
 .debug_abbrev  0x0000000000004095      0x2f9 Drivers/STM32H7xx_HAL_Driver/Src/stm32h7xx_hal_tim.o
 .debug_abbrev  0x000000000000438e      0x301 Drivers/STM32H7xx_HAL_Driver/Src/stm32h7xx_hal_tim_ex.o
 .debug_abbrev  0x000000000000468f      0x309 Drivers/STM32H7xx_HAL_Driver/Src/stm32h7xx_hal_uart.o
 .debug_abbrev  0x0000000000004998      0x2a5 Drivers/STM32H7xx_HAL_Driver/Src/stm32h7xx_hal_uart_ex.o

.debug_aranges  0x0000000000000000     0x2178
 .debug_aranges
                0x0000000000000000       0x30 Core/Src/FOC.o
 .debug_aranges
                0x0000000000000030       0xb8 Core/Src/main.o
 .debug_aranges
                0x00000000000000e8       0xd8 Core/Src/stm32h7xx_hal_msp.o
 .debug_aranges
                0x00000000000001c0       0x30 Core/Src/stm32h7xx_hal_timebase_tim.o
 .debug_aranges
                0x00000000000001f0       0x80 Core/Src/stm32h7xx_it.o
 .debug_aranges
                0x0000000000000270       0x28 Core/Src/system_stm32h7xx.o
 .debug_aranges
                0x0000000000000298       0x28 Core/Startup/startup_stm32h730vbtx.o
 .debug_aranges
                0x00000000000002c0      0x1c8 Drivers/STM32H7xx_HAL_Driver/Src/stm32h7xx_hal.o
 .debug_aranges
                0x0000000000000488      0x260 Drivers/STM32H7xx_HAL_Driver/Src/stm32h7xx_hal_adc.o
 .debug_aranges
                0x00000000000006e8      0x1f0 Drivers/STM32H7xx_HAL_Driver/Src/stm32h7xx_hal_adc_ex.o
 .debug_aranges
                0x00000000000008d8       0xb0 Drivers/STM32H7xx_HAL_Driver/Src/stm32h7xx_hal_cordic.o
 .debug_aranges
                0x0000000000000988      0x120 Drivers/STM32H7xx_HAL_Driver/Src/stm32h7xx_hal_cortex.o
 .debug_aranges
                0x0000000000000aa8      0x248 Drivers/STM32H7xx_HAL_Driver/Src/stm32h7xx_hal_dfsdm.o
 .debug_aranges
                0x0000000000000cf0      0x338 Drivers/STM32H7xx_HAL_Driver/Src/stm32h7xx_hal_fdcan.o
 .debug_aranges
                0x0000000000001028      0x168 Drivers/STM32H7xx_HAL_Driver/Src/stm32h7xx_hal_fmac.o
 .debug_aranges
                0x0000000000001190       0x58 Drivers/STM32H7xx_HAL_Driver/Src/stm32h7xx_hal_gpio.o
 .debug_aranges
                0x00000000000011e8      0x290 Drivers/STM32H7xx_HAL_Driver/Src/stm32h7xx_hal_i2c.o
 .debug_aranges
                0x0000000000001478       0x48 Drivers/STM32H7xx_HAL_Driver/Src/stm32h7xx_hal_i2c_ex.o
 .debug_aranges
                0x00000000000014c0      0x148 Drivers/STM32H7xx_HAL_Driver/Src/stm32h7xx_hal_pwr_ex.o
 .debug_aranges
                0x0000000000001608       0x88 Drivers/STM32H7xx_HAL_Driver/Src/stm32h7xx_hal_rcc.o
 .debug_aranges
                0x0000000000001690       0xf8 Drivers/STM32H7xx_HAL_Driver/Src/stm32h7xx_hal_rcc_ex.o
 .debug_aranges
                0x0000000000001788      0x1a0 Drivers/STM32H7xx_HAL_Driver/Src/stm32h7xx_hal_spi.o
 .debug_aranges
                0x0000000000001928      0x3e0 Drivers/STM32H7xx_HAL_Driver/Src/stm32h7xx_hal_tim.o
 .debug_aranges
                0x0000000000001d08      0x188 Drivers/STM32H7xx_HAL_Driver/Src/stm32h7xx_hal_tim_ex.o
 .debug_aranges
                0x0000000000001e90      0x248 Drivers/STM32H7xx_HAL_Driver/Src/stm32h7xx_hal_uart.o
 .debug_aranges
                0x00000000000020d8       0xa0 Drivers/STM32H7xx_HAL_Driver/Src/stm32h7xx_hal_uart_ex.o

.debug_ranges   0x0000000000000000     0x2010
 .debug_ranges  0x0000000000000000       0x20 Core/Src/FOC.o
 .debug_ranges  0x0000000000000020       0xa8 Core/Src/main.o
 .debug_ranges  0x00000000000000c8       0xc8 Core/Src/stm32h7xx_hal_msp.o
 .debug_ranges  0x0000000000000190       0x20 Core/Src/stm32h7xx_hal_timebase_tim.o
 .debug_ranges  0x00000000000001b0       0x70 Core/Src/stm32h7xx_it.o
 .debug_ranges  0x0000000000000220       0x18 Core/Src/system_stm32h7xx.o
 .debug_ranges  0x0000000000000238       0x20 Core/Startup/startup_stm32h730vbtx.o
 .debug_ranges  0x0000000000000258      0x1b8 Drivers/STM32H7xx_HAL_Driver/Src/stm32h7xx_hal.o
 .debug_ranges  0x0000000000000410      0x250 Drivers/STM32H7xx_HAL_Driver/Src/stm32h7xx_hal_adc.o
 .debug_ranges  0x0000000000000660      0x1e0 Drivers/STM32H7xx_HAL_Driver/Src/stm32h7xx_hal_adc_ex.o
 .debug_ranges  0x0000000000000840       0xa0 Drivers/STM32H7xx_HAL_Driver/Src/stm32h7xx_hal_cordic.o
 .debug_ranges  0x00000000000008e0      0x110 Drivers/STM32H7xx_HAL_Driver/Src/stm32h7xx_hal_cortex.o
 .debug_ranges  0x00000000000009f0      0x238 Drivers/STM32H7xx_HAL_Driver/Src/stm32h7xx_hal_dfsdm.o
 .debug_ranges  0x0000000000000c28      0x328 Drivers/STM32H7xx_HAL_Driver/Src/stm32h7xx_hal_fdcan.o
 .debug_ranges  0x0000000000000f50      0x158 Drivers/STM32H7xx_HAL_Driver/Src/stm32h7xx_hal_fmac.o
 .debug_ranges  0x00000000000010a8       0x48 Drivers/STM32H7xx_HAL_Driver/Src/stm32h7xx_hal_gpio.o
 .debug_ranges  0x00000000000010f0      0x280 Drivers/STM32H7xx_HAL_Driver/Src/stm32h7xx_hal_i2c.o
 .debug_ranges  0x0000000000001370       0x38 Drivers/STM32H7xx_HAL_Driver/Src/stm32h7xx_hal_i2c_ex.o
 .debug_ranges  0x00000000000013a8      0x138 Drivers/STM32H7xx_HAL_Driver/Src/stm32h7xx_hal_pwr_ex.o
 .debug_ranges  0x00000000000014e0       0x78 Drivers/STM32H7xx_HAL_Driver/Src/stm32h7xx_hal_rcc.o
 .debug_ranges  0x0000000000001558       0xe8 Drivers/STM32H7xx_HAL_Driver/Src/stm32h7xx_hal_rcc_ex.o
 .debug_ranges  0x0000000000001640      0x190 Drivers/STM32H7xx_HAL_Driver/Src/stm32h7xx_hal_spi.o
 .debug_ranges  0x00000000000017d0      0x3d0 Drivers/STM32H7xx_HAL_Driver/Src/stm32h7xx_hal_tim.o
 .debug_ranges  0x0000000000001ba0      0x178 Drivers/STM32H7xx_HAL_Driver/Src/stm32h7xx_hal_tim_ex.o
 .debug_ranges  0x0000000000001d18      0x268 Drivers/STM32H7xx_HAL_Driver/Src/stm32h7xx_hal_uart.o
 .debug_ranges  0x0000000000001f80       0x90 Drivers/STM32H7xx_HAL_Driver/Src/stm32h7xx_hal_uart_ex.o

.debug_macro    0x0000000000000000    0x3be2d
 .debug_macro   0x0000000000000000      0x3b3 Core/Src/FOC.o
 .debug_macro   0x00000000000003b3      0xb98 Core/Src/FOC.o
 .debug_macro   0x0000000000000f4b      0x25c Core/Src/FOC.o
 .debug_macro   0x00000000000011a7       0x2e Core/Src/FOC.o
 .debug_macro   0x00000000000011d5       0x3b Core/Src/FOC.o
 .debug_macro   0x0000000000001210       0x1c Core/Src/FOC.o
 .debug_macro   0x000000000000122c       0x22 Core/Src/FOC.o
 .debug_macro   0x000000000000124e       0x8e Core/Src/FOC.o
 .debug_macro   0x00000000000012dc       0x51 Core/Src/FOC.o
 .debug_macro   0x000000000000132d      0x103 Core/Src/FOC.o
 .debug_macro   0x0000000000001430       0x6a Core/Src/FOC.o
 .debug_macro   0x000000000000149a      0x1df Core/Src/FOC.o
 .debug_macro   0x0000000000001679       0x1c Core/Src/FOC.o
 .debug_macro   0x0000000000001695       0x22 Core/Src/FOC.o
 .debug_macro   0x00000000000016b7      0x101 Core/Src/FOC.o
 .debug_macro   0x00000000000017b8     0x1305 Core/Src/FOC.o
 .debug_macro   0x0000000000002abd      0x11f Core/Src/FOC.o
 .debug_macro   0x0000000000002bdc       0x27 Core/Src/FOC.o
 .debug_macro   0x0000000000002c03    0x21b60 Core/Src/FOC.o
 .debug_macro   0x0000000000024763       0x43 Core/Src/FOC.o
 .debug_macro   0x00000000000247a6     0x3cbe Core/Src/FOC.o
 .debug_macro   0x0000000000028464      0x17b Core/Src/FOC.o
 .debug_macro   0x00000000000285df      0x17c Core/Src/FOC.o
 .debug_macro   0x000000000002875b       0x10 Core/Src/FOC.o
 .debug_macro   0x000000000002876b      0x41e Core/Src/FOC.o
 .debug_macro   0x0000000000028b89       0x18 Core/Src/FOC.o
 .debug_macro   0x0000000000028ba1       0x52 Core/Src/FOC.o
 .debug_macro   0x0000000000028bf3       0x17 Core/Src/FOC.o
 .debug_macro   0x0000000000028c0a       0x3c Core/Src/FOC.o
 .debug_macro   0x0000000000028c46       0x34 Core/Src/FOC.o
 .debug_macro   0x0000000000028c7a       0x16 Core/Src/FOC.o
 .debug_macro   0x0000000000028c90       0x43 Core/Src/FOC.o
 .debug_macro   0x0000000000028cd3       0x34 Core/Src/FOC.o
 .debug_macro   0x0000000000028d07       0x10 Core/Src/FOC.o
 .debug_macro   0x0000000000028d17       0x58 Core/Src/FOC.o
 .debug_macro   0x0000000000028d6f       0x71 Core/Src/FOC.o
 .debug_macro   0x0000000000028de0       0x16 Core/Src/FOC.o
 .debug_macro   0x0000000000028df6      0x12a Core/Src/FOC.o
 .debug_macro   0x0000000000028f20      0x356 Core/Src/FOC.o
 .debug_macro   0x0000000000029276      0x1a2 Core/Src/FOC.o
 .debug_macro   0x0000000000029418       0x10 Core/Src/FOC.o
 .debug_macro   0x0000000000029428       0x16 Core/Src/FOC.o
 .debug_macro   0x000000000002943e       0x35 Core/Src/FOC.o
 .debug_macro   0x0000000000029473       0x16 Core/Src/FOC.o
 .debug_macro   0x0000000000029489       0x29 Core/Src/FOC.o
 .debug_macro   0x00000000000294b2       0x10 Core/Src/FOC.o
 .debug_macro   0x00000000000294c2      0x3c7 Core/Src/FOC.o
 .debug_macro   0x0000000000029889       0x5d Core/Src/FOC.o
 .debug_macro   0x00000000000298e6     0x257a Core/Src/FOC.o
 .debug_macro   0x000000000002be60     0x104f Core/Src/FOC.o
 .debug_macro   0x000000000002ceaf      0x14d Core/Src/FOC.o
 .debug_macro   0x000000000002cffc      0x117 Core/Src/FOC.o
 .debug_macro   0x000000000002d113      0x3f8 Core/Src/FOC.o
 .debug_macro   0x000000000002d50b       0x27 Core/Src/FOC.o
 .debug_macro   0x000000000002d532      0x788 Core/Src/FOC.o
 .debug_macro   0x000000000002dcba      0x229 Core/Src/FOC.o
 .debug_macro   0x000000000002dee3       0x66 Core/Src/FOC.o
 .debug_macro   0x000000000002df49      0x3a6 Core/Src/FOC.o
 .debug_macro   0x000000000002e2ef      0x2d4 Core/Src/FOC.o
 .debug_macro   0x000000000002e5c3      0x3fa Core/Src/FOC.o
 .debug_macro   0x000000000002e9bd      0x275 Core/Src/FOC.o
 .debug_macro   0x000000000002ec32     0x1178 Core/Src/FOC.o
 .debug_macro   0x000000000002fdaa      0x7c1 Core/Src/FOC.o
 .debug_macro   0x000000000003056b      0x3a6 Core/Src/FOC.o
 .debug_macro   0x0000000000030911      0xe34 Core/Src/FOC.o
 .debug_macro   0x0000000000031745      0x1f4 Core/Src/FOC.o
 .debug_macro   0x0000000000031939      0x3cb Core/Src/FOC.o
 .debug_macro   0x0000000000031d04      0x45c Core/Src/FOC.o
 .debug_macro   0x0000000000032160       0x3c Core/Src/FOC.o
 .debug_macro   0x000000000003219c      0x1a0 Core/Src/FOC.o
 .debug_macro   0x000000000003233c       0x4a Core/Src/FOC.o
 .debug_macro   0x0000000000032386      0x22c Core/Src/FOC.o
 .debug_macro   0x00000000000325b2       0x67 Core/Src/FOC.o
 .debug_macro   0x0000000000032619       0xa5 Core/Src/FOC.o
 .debug_macro   0x00000000000326be      0x1c5 Core/Src/FOC.o
 .debug_macro   0x0000000000032883      0x22b Core/Src/FOC.o
 .debug_macro   0x0000000000032aae       0x35 Core/Src/FOC.o
 .debug_macro   0x0000000000032ae3      0x5dd Core/Src/FOC.o
 .debug_macro   0x00000000000330c0       0x9e Core/Src/FOC.o
 .debug_macro   0x000000000003315e      0xad7 Core/Src/FOC.o
 .debug_macro   0x0000000000033c35      0x2a0 Core/Src/FOC.o
 .debug_macro   0x0000000000033ed5      0x67e Core/Src/FOC.o
 .debug_macro   0x0000000000034553       0xa6 Core/Src/FOC.o
 .debug_macro   0x00000000000345f9      0x5e6 Core/Src/FOC.o
 .debug_macro   0x0000000000034bdf      0x3df Core/Src/main.o
 .debug_macro   0x0000000000034fbe      0x317 Core/Src/stm32h7xx_hal_msp.o
 .debug_macro   0x00000000000352d5      0xac0 Core/Src/stm32h7xx_hal_msp.o
 .debug_macro   0x0000000000035d95     0x1305 Core/Src/stm32h7xx_hal_msp.o
 .debug_macro   0x000000000003709a      0x174 Core/Src/stm32h7xx_hal_msp.o
 .debug_macro   0x000000000003720e       0x34 Core/Src/stm32h7xx_hal_msp.o
 .debug_macro   0x0000000000037242       0x43 Core/Src/stm32h7xx_hal_msp.o
 .debug_macro   0x0000000000037285       0x1c Core/Src/stm32h7xx_hal_msp.o
 .debug_macro   0x00000000000372a1      0x333 Core/Src/stm32h7xx_hal_msp.o
 .debug_macro   0x00000000000375d4      0x1a9 Core/Src/stm32h7xx_hal_msp.o
 .debug_macro   0x000000000003777d      0x30d Core/Src/stm32h7xx_hal_timebase_tim.o
 .debug_macro   0x0000000000037a8a      0x321 Core/Src/stm32h7xx_it.o
 .debug_macro   0x0000000000037dab      0x313 Core/Src/system_stm32h7xx.o
 .debug_macro   0x00000000000380be      0x337 Drivers/STM32H7xx_HAL_Driver/Src/stm32h7xx_hal.o
 .debug_macro   0x00000000000383f5      0x338 Drivers/STM32H7xx_HAL_Driver/Src/stm32h7xx_hal_adc.o
 .debug_macro   0x000000000003872d      0x319 Drivers/STM32H7xx_HAL_Driver/Src/stm32h7xx_hal_adc_ex.o
 .debug_macro   0x0000000000038a46      0x30e Drivers/STM32H7xx_HAL_Driver/Src/stm32h7xx_hal_cordic.o
 .debug_macro   0x0000000000038d54      0x30d Drivers/STM32H7xx_HAL_Driver/Src/stm32h7xx_hal_cortex.o
 .debug_macro   0x0000000000039061      0x331 Drivers/STM32H7xx_HAL_Driver/Src/stm32h7xx_hal_dfsdm.o
 .debug_macro   0x0000000000039392      0x3d2 Drivers/STM32H7xx_HAL_Driver/Src/stm32h7xx_hal_fdcan.o
 .debug_macro   0x0000000000039764      0x377 Drivers/STM32H7xx_HAL_Driver/Src/stm32h7xx_hal_fmac.o
 .debug_macro   0x0000000000039adb      0x349 Drivers/STM32H7xx_HAL_Driver/Src/stm32h7xx_hal_gpio.o
 .debug_macro   0x0000000000039e24      0x3d2 Drivers/STM32H7xx_HAL_Driver/Src/stm32h7xx_hal_i2c.o
 .debug_macro   0x000000000003a1f6      0x30d Drivers/STM32H7xx_HAL_Driver/Src/stm32h7xx_hal_i2c_ex.o
 .debug_macro   0x000000000003a503      0x346 Drivers/STM32H7xx_HAL_Driver/Src/stm32h7xx_hal_pwr_ex.o
 .debug_macro   0x000000000003a849      0x331 Drivers/STM32H7xx_HAL_Driver/Src/stm32h7xx_hal_rcc.o
 .debug_macro   0x000000000003ab7a      0x32b Drivers/STM32H7xx_HAL_Driver/Src/stm32h7xx_hal_rcc_ex.o
 .debug_macro   0x000000000003aea5      0x31c Drivers/STM32H7xx_HAL_Driver/Src/stm32h7xx_hal_spi.o
 .debug_macro   0x000000000003b1c1      0x30e Drivers/STM32H7xx_HAL_Driver/Src/stm32h7xx_hal_tim.o
 .debug_macro   0x000000000003b4cf      0x30d Drivers/STM32H7xx_HAL_Driver/Src/stm32h7xx_hal_tim_ex.o
 .debug_macro   0x000000000003b7dc      0x338 Drivers/STM32H7xx_HAL_Driver/Src/stm32h7xx_hal_uart.o
 .debug_macro   0x000000000003bb14      0x319 Drivers/STM32H7xx_HAL_Driver/Src/stm32h7xx_hal_uart_ex.o

.debug_line     0x0000000000000000    0x26c86
 .debug_line    0x0000000000000000      0xdc7 Core/Src/FOC.o
 .debug_line    0x0000000000000dc7     0x1690 Core/Src/main.o
 .debug_line    0x0000000000002457      0xe55 Core/Src/stm32h7xx_hal_msp.o
 .debug_line    0x00000000000032ac      0x9a9 Core/Src/stm32h7xx_hal_timebase_tim.o
 .debug_line    0x0000000000003c55      0xa53 Core/Src/stm32h7xx_it.o
 .debug_line    0x00000000000046a8      0xacf Core/Src/system_stm32h7xx.o
 .debug_line    0x0000000000005177       0x87 Core/Startup/startup_stm32h730vbtx.o
 .debug_line    0x00000000000051fe      0xf74 Drivers/STM32H7xx_HAL_Driver/Src/stm32h7xx_hal.o
 .debug_line    0x0000000000006172     0x281b Drivers/STM32H7xx_HAL_Driver/Src/stm32h7xx_hal_adc.o
 .debug_line    0x000000000000898d     0x22aa Drivers/STM32H7xx_HAL_Driver/Src/stm32h7xx_hal_adc_ex.o
 .debug_line    0x000000000000ac37      0xddf Drivers/STM32H7xx_HAL_Driver/Src/stm32h7xx_hal_cordic.o
 .debug_line    0x000000000000ba16      0xee9 Drivers/STM32H7xx_HAL_Driver/Src/stm32h7xx_hal_cortex.o
 .debug_line    0x000000000000c8ff     0x2124 Drivers/STM32H7xx_HAL_Driver/Src/stm32h7xx_hal_dfsdm.o
 .debug_line    0x000000000000ea23     0x282c Drivers/STM32H7xx_HAL_Driver/Src/stm32h7xx_hal_fdcan.o
 .debug_line    0x000000000001124f     0x1643 Drivers/STM32H7xx_HAL_Driver/Src/stm32h7xx_hal_fmac.o
 .debug_line    0x0000000000012892      0xd9a Drivers/STM32H7xx_HAL_Driver/Src/stm32h7xx_hal_gpio.o
 .debug_line    0x000000000001362c     0x3832 Drivers/STM32H7xx_HAL_Driver/Src/stm32h7xx_hal_i2c.o
 .debug_line    0x0000000000016e5e      0xb53 Drivers/STM32H7xx_HAL_Driver/Src/stm32h7xx_hal_i2c_ex.o
 .debug_line    0x00000000000179b1      0xf58 Drivers/STM32H7xx_HAL_Driver/Src/stm32h7xx_hal_pwr_ex.o
 .debug_line    0x0000000000018909     0x1399 Drivers/STM32H7xx_HAL_Driver/Src/stm32h7xx_hal_rcc.o
 .debug_line    0x0000000000019ca2     0x1b22 Drivers/STM32H7xx_HAL_Driver/Src/stm32h7xx_hal_rcc_ex.o
 .debug_line    0x000000000001b7c4     0x222f Drivers/STM32H7xx_HAL_Driver/Src/stm32h7xx_hal_spi.o
 .debug_line    0x000000000001d9f3     0x3f7c Drivers/STM32H7xx_HAL_Driver/Src/stm32h7xx_hal_tim.o
 .debug_line    0x000000000002196f     0x1eb4 Drivers/STM32H7xx_HAL_Driver/Src/stm32h7xx_hal_tim_ex.o
 .debug_line    0x0000000000023823     0x2592 Drivers/STM32H7xx_HAL_Driver/Src/stm32h7xx_hal_uart.o
 .debug_line    0x0000000000025db5      0xed1 Drivers/STM32H7xx_HAL_Driver/Src/stm32h7xx_hal_uart_ex.o

.debug_str      0x0000000000000000   0x17d1d9
 .debug_str     0x0000000000000000   0x170462 Core/Src/FOC.o
                                     0x170d47 (size before relaxing)
 .debug_str     0x0000000000170462     0x285a Core/Src/main.o
                                     0x173e69 (size before relaxing)
 .debug_str     0x0000000000172cbc      0xc9d Core/Src/stm32h7xx_hal_msp.o
                                     0x170d25 (size before relaxing)
 .debug_str     0x0000000000173959       0xa8 Core/Src/stm32h7xx_hal_timebase_tim.o
                                     0x16f27e (size before relaxing)
 .debug_str     0x0000000000173a01       0xed Core/Src/stm32h7xx_it.o
                                     0x16e852 (size before relaxing)
 .debug_str     0x0000000000173aee      0x187 Core/Src/system_stm32h7xx.o
                                     0x16e5cb (size before relaxing)
 .debug_str     0x0000000000173c75       0x36 Core/Startup/startup_stm32h730vbtx.o
                                         0x80 (size before relaxing)
 .debug_str     0x0000000000173cab      0x8bc Drivers/STM32H7xx_HAL_Driver/Src/stm32h7xx_hal.o
                                     0x16f579 (size before relaxing)
 .debug_str     0x0000000000174567      0xbd1 Drivers/STM32H7xx_HAL_Driver/Src/stm32h7xx_hal_adc.o
                                     0x16f506 (size before relaxing)
 .debug_str     0x0000000000175138      0x8ac Drivers/STM32H7xx_HAL_Driver/Src/stm32h7xx_hal_adc_ex.o
                                     0x16f4c1 (size before relaxing)
 .debug_str     0x00000000001759e4      0x273 Drivers/STM32H7xx_HAL_Driver/Src/stm32h7xx_hal_cordic.o
                                     0x16e7b7 (size before relaxing)
 .debug_str     0x0000000000175c57      0x38c Drivers/STM32H7xx_HAL_Driver/Src/stm32h7xx_hal_cortex.o
                                     0x16ef60 (size before relaxing)
 .debug_str     0x0000000000175fe3      0x931 Drivers/STM32H7xx_HAL_Driver/Src/stm32h7xx_hal_dfsdm.o
                                     0x16f357 (size before relaxing)
 .debug_str     0x0000000000176914     0x1b98 Drivers/STM32H7xx_HAL_Driver/Src/stm32h7xx_hal_fdcan.o
                                     0x1702d4 (size before relaxing)
 .debug_str     0x00000000001784ac      0xa82 Drivers/STM32H7xx_HAL_Driver/Src/stm32h7xx_hal_fmac.o
                                     0x16f0cb (size before relaxing)
 .debug_str     0x0000000000178f2e      0x1e8 Drivers/STM32H7xx_HAL_Driver/Src/stm32h7xx_hal_gpio.o
                                     0x16e6fb (size before relaxing)
 .debug_str     0x0000000000179116      0xd71 Drivers/STM32H7xx_HAL_Driver/Src/stm32h7xx_hal_i2c.o
                                     0x16f593 (size before relaxing)
 .debug_str     0x0000000000179e87       0xb8 Drivers/STM32H7xx_HAL_Driver/Src/stm32h7xx_hal_i2c_ex.o
                                     0x16ea36 (size before relaxing)
 .debug_str     0x0000000000179f3f      0x5d3 Drivers/STM32H7xx_HAL_Driver/Src/stm32h7xx_hal_pwr_ex.o
                                     0x16ea10 (size before relaxing)
 .debug_str     0x000000000017a512      0x262 Drivers/STM32H7xx_HAL_Driver/Src/stm32h7xx_hal_rcc.o
                                     0x16e936 (size before relaxing)
 .debug_str     0x000000000017a774      0x653 Drivers/STM32H7xx_HAL_Driver/Src/stm32h7xx_hal_rcc_ex.o
                                     0x16ee26 (size before relaxing)
 .debug_str     0x000000000017adc7      0x514 Drivers/STM32H7xx_HAL_Driver/Src/stm32h7xx_hal_spi.o
                                     0x16ec78 (size before relaxing)
 .debug_str     0x000000000017b2db      0xd54 Drivers/STM32H7xx_HAL_Driver/Src/stm32h7xx_hal_tim.o
                                     0x16f6b7 (size before relaxing)
 .debug_str     0x000000000017c02f      0x53f Drivers/STM32H7xx_HAL_Driver/Src/stm32h7xx_hal_tim_ex.o
                                     0x16efa4 (size before relaxing)
 .debug_str     0x000000000017c56e      0x98b Drivers/STM32H7xx_HAL_Driver/Src/stm32h7xx_hal_uart.o
                                     0x16f380 (size before relaxing)
 .debug_str     0x000000000017cef9      0x2e0 Drivers/STM32H7xx_HAL_Driver/Src/stm32h7xx_hal_uart_ex.o
                                     0x16e9a8 (size before relaxing)

.comment        0x0000000000000000       0x53
 .comment       0x0000000000000000       0x53 Core/Src/FOC.o
                                         0x54 (size before relaxing)
 .comment       0x0000000000000053       0x54 Core/Src/main.o
 .comment       0x0000000000000053       0x54 Core/Src/stm32h7xx_hal_msp.o
 .comment       0x0000000000000053       0x54 Core/Src/stm32h7xx_hal_timebase_tim.o