stm32h7xx_hal_cordic.c:202:19:HAL_CORDIC_Init	16	static
stm32h7xx_hal_cordic.c:269:19:HAL_CORDIC_DeInit	16	static
stm32h7xx_hal_cordic.c:326:13:HAL_CORDIC_MspInit	16	static
stm32h7xx_hal_cordic.c:341:13:HAL_CORDIC_MspDeInit	16	static
stm32h7xx_hal_cordic.c:559:19:HAL_CORDIC_Configure	24	static
stm32h7xx_hal_cordic.c:606:19:HAL_CORDIC_Calculate	40	static
stm32h7xx_hal_cordic.c:700:19:HAL_CORDIC_CalculateZO	40	static
stm32h7xx_hal_cordic.c:793:19:HAL_CORDIC_Calculate_IT	32	static
stm32h7xx_hal_cordic.c:885:19:HAL_CORDIC_Calculate_DMA	40	static
stm32h7xx_hal_cordic.c:1053:13:HAL_CORDIC_ErrorCallback	16	static
stm32h7xx_hal_cordic.c:1069:13:HAL_CORDIC_CalculateCpltCallback	16	static
stm32h7xx_hal_cordic.c:1102:6:HAL_CORDIC_IRQHandler	16	static
stm32h7xx_hal_cordic.c:1173:25:HAL_CORDIC_GetState	16	static
stm32h7xx_hal_cordic.c:1186:10:HAL_CORDIC_GetError	16	static
stm32h7xx_hal_cordic.c:1211:13:CORDIC_WriteInDataIncrementPtr	16	static
stm32h7xx_hal_cordic.c:1237:13:CORDIC_ReadOutDataIncrementPtr	16	static
stm32h7xx_hal_cordic.c:1261:13:CORDIC_DMAInCplt	24	static
stm32h7xx_hal_cordic.c:1293:13:CORDIC_DMAOutCplt	24	static
stm32h7xx_hal_cordic.c:1321:13:CORDIC_DMAError	24	static
