stm32h7xx_hal_fmac.c:382:19:HAL_FMAC_Init	16	static
stm32h7xx_hal_fmac.c:453:19:HAL_FMAC_DeInit	16	static
stm32h7xx_hal_fmac.c:501:13:HAL_FMAC_MspInit	16	static
stm32h7xx_hal_fmac.c:516:13:HAL_FMAC_MspDeInit	16	static
stm32h7xx_hal_fmac.c:790:19:HAL_FMAC_FilterConfig	16	static
stm32h7xx_hal_fmac.c:805:19:HAL_FMAC_FilterConfig_DMA	16	static
stm32h7xx_hal_fmac.c:829:19:HAL_FMAC_FilterPreload	32	static
stm32h7xx_hal_fmac.c:854:19:HAL_FMAC_FilterPreload_DMA	32	static
stm32h7xx_hal_fmac.c:872:19:HAL_FMAC_FilterStart	32	static
stm32h7xx_hal_fmac.c:960:19:HAL_FMAC_AppendFilterData	24	static
stm32h7xx_hal_fmac.c:1014:19:HAL_FMAC_ConfigFilterOutputBuffer	24	static
stm32h7xx_hal_fmac.c:1071:19:HAL_FMAC_PollFilterData	24	static
stm32h7xx_hal_fmac.c:1188:19:HAL_FMAC_FilterStop	16	static
stm32h7xx_hal_fmac.c:1266:13:HAL_FMAC_ErrorCallback	16	static
stm32h7xx_hal_fmac.c:1282:13:HAL_FMAC_HalfGetDataCallback	16	static
stm32h7xx_hal_fmac.c:1298:13:HAL_FMAC_GetDataCallback	16	static
stm32h7xx_hal_fmac.c:1314:13:HAL_FMAC_HalfOutputDataReadyCallback	16	static
stm32h7xx_hal_fmac.c:1330:13:HAL_FMAC_OutputDataReadyCallback	16	static
stm32h7xx_hal_fmac.c:1346:13:HAL_FMAC_FilterConfigCallback	16	static
stm32h7xx_hal_fmac.c:1362:13:HAL_FMAC_FilterPreloadCallback	16	static
stm32h7xx_hal_fmac.c:1395:6:HAL_FMAC_IRQHandler	24	static
stm32h7xx_hal_fmac.c:1510:23:HAL_FMAC_GetState	16	static
stm32h7xx_hal_fmac.c:1523:10:HAL_FMAC_GetError	16	static
stm32h7xx_hal_fmac.c:1551:26:FMAC_Reset	24	static
stm32h7xx_hal_fmac.c:1579:13:FMAC_ResetDataPointers	16	static
stm32h7xx_hal_fmac.c:1590:13:FMAC_ResetInputStateAndDataPointers	16	static
stm32h7xx_hal_fmac.c:1603:13:FMAC_ResetOutputStateAndDataPointers	16	static
stm32h7xx_hal_fmac.c:1624:26:FMAC_FilterConfig	32	static
stm32h7xx_hal_fmac.c:1840:26:FMAC_FilterPreload	32	static
stm32h7xx_hal_fmac.c:1987:13:FMAC_WritePreloadDataIncrementPtr	32	static
stm32h7xx_hal_fmac.c:2006:26:FMAC_WaitOnStartUntilTimeout	24	static
stm32h7xx_hal_fmac.c:2032:26:FMAC_AppendFilterDataUpdateState	24	static
stm32h7xx_hal_fmac.c:2078:26:FMAC_ConfigFilterOutputBufferUpdateState	24	static
stm32h7xx_hal_fmac.c:2133:13:FMAC_ReadDataIncrementPtr	32	static
stm32h7xx_hal_fmac.c:2197:13:FMAC_WriteDataIncrementPtr	24	static
stm32h7xx_hal_fmac.c:2256:13:FMAC_DMAHalfGetData	24	static
stm32h7xx_hal_fmac.c:2273:13:FMAC_DMAGetData	24	static
stm32h7xx_hal_fmac.c:2293:13:FMAC_DMAHalfOutputDataReady	24	static
stm32h7xx_hal_fmac.c:2310:13:FMAC_DMAOutputDataReady	24	static
stm32h7xx_hal_fmac.c:2330:13:FMAC_DMAFilterConfig	24	static
stm32h7xx_hal_fmac.c:2405:13:FMAC_DMAFilterPreload	24	static
stm32h7xx_hal_fmac.c:2487:13:FMAC_DMAError	24	static
