main.cpp:118:5:int main()	144	static,ignoring_inline_asm
main.cpp:294:6:void SystemClock_Config()	120	static
main.cpp:354:6:void PeriphCommonClock_Config()	192	static
main.cpp:382:13:void MX_ADC1_Init()	56	static
main.cpp:447:13:void MX_ADC2_Init()	48	static
main.cpp:504:13:void MX_ADC3_Init()	48	static
main.cpp:566:13:void MX_CORDIC_Init()	8	static
main.cpp:592:13:void MX_DFSDM1_Init()	8	static
main.cpp:694:13:void MX_FDCAN1_Init()	8	static
main.cpp:747:13:void MX_FMAC_Init()	8	static
main.cpp:773:13:void MX_I2C3_Init()	8	static
main.cpp:819:13:void MX_SPI2_Init()	8	static
main.cpp:867:13:void MX_TIM1_Init()	96	static
main.cpp:949:13:void MX_TIM3_Init()	40	static
main.cpp:994:13:void MX_TIM4_Init()	40	static
main.cpp:1039:13:void MX_USART1_UART_Init()	8	static
main.cpp:1087:13:void MX_USART2_UART_Init()	8	static
main.cpp:1135:13:void MX_GPIO_Init()	56	static
main.cpp:1171:6:void HAL_TIM_PeriodElapsedCallback(TIM_HandleTypeDef*)	16	static
main.cpp:1188:6:void Error_Handler()	4	static
