main.cpp:141:5:int main()	456	static,ignoring_inline_asm
main.cpp:363:6:void SystemClock_Config()	120	static
main.cpp:423:6:void PeriphCommonClock_Config()	192	static
main.cpp:451:13:void MX_ADC1_Init()	56	static
main.cpp:516:13:void MX_ADC2_Init()	48	static
main.cpp:573:13:void MX_ADC3_Init()	48	static
main.cpp:635:13:void MX_CORDIC_Init()	8	static
main.cpp:661:13:void MX_DFSDM1_Init()	8	static
main.cpp:763:13:void MX_FDCAN1_Init()	8	static
main.cpp:816:13:void MX_FMAC_Init()	8	static
main.cpp:842:13:void MX_I2C3_Init()	8	static
main.cpp:888:13:void MX_SPI2_Init()	8	static
main.cpp:936:13:void MX_TIM1_Init()	96	static
main.cpp:1018:13:void MX_TIM3_Init()	40	static
main.cpp:1063:13:void MX_TIM4_Init()	40	static
main.cpp:1108:13:void MX_USART1_UART_Init()	8	static
main.cpp:1156:13:void MX_USART2_UART_Init()	8	static
main.cpp:1204:13:void MX_GPIO_Init()	56	static
main.cpp:1240:6:void HAL_TIM_PeriodElapsedCallback(TIM_HandleTypeDef*)	16	static
main.cpp:1257:6:void Error_Handler()	4	static
