stm32h7xx_it.c:75:6:NMI_Handler	4	static
stm32h7xx_it.c:88:6:HardFault_Handler	4	static
stm32h7xx_it.c:103:6:MemManage_Handler	4	static
stm32h7xx_it.c:118:6:BusFault_Handler	4	static
stm32h7xx_it.c:133:6:UsageFault_Handler	4	static
stm32h7xx_it.c:148:6:SVC_Handler	4	static
stm32h7xx_it.c:161:6:DebugMon_Handler	4	static
stm32h7xx_it.c:174:6:PendSV_Handler	4	static
stm32h7xx_it.c:187:6:SysTick_Handler	4	static
stm32h7xx_it.c:207:6:TIM1_UP_IRQHandler	8	static
stm32h7xx_it.c:221:6:TIM2_IRQHandler	8	static
stm32h7xx_it.c:234:6:TIM3_IRQHandler	8	static
stm32h7xx_it.c:249:6:TIM4_IRQHandler	8	static
stm32h7xx_it.c:263:6:SPI2_IRQHandler	8	static
